nohup: ignoring input
Using device: cuda
[hparam_search] n_total=318 seeds=[10, 11, 12, 13, 14, 15, 16, 17, 18, 19] lr_grid=[0.0002, 0.0005, 0.001] lam_grid=[0.1, 0.3, 0.5, 0.7, 1.0, 3, 5, 7, 10] attn_mode=abs epochs=150 eval_every=5 split=0.7/0.15/0.15

=== seed 10  train=223 val=48 test=47 ===
/home/yang/miniconda3/envs/gpr/lib/python3.11/site-packages/torch/cuda/__init__.py:716: UserWarning: Can't initialize NVML
  warnings.warn("Can't initialize NVML")
/home/yang/miniconda3/envs/gpr/lib/python3.11/site-packages/torch/cuda/__init__.py:716: UserWarning: Can't initialize NVML
  warnings.warn("Can't initialize NVML")
  [seed10] none baseline: best_epoch=145/150 val_F1=0.8929  [47.5s]
  [seed10] lr=0.0002 lam=0.1: best_epoch=150/150 val_P=0.8537 val_R=0.8974 val_F1=0.8750 attn_iou=0.5173  [51.9s]
  [seed10] lr=0.0002 lam=0.3: best_epoch=135/150 val_P=0.8462 val_R=0.8462 val_F1=0.8462 attn_iou=0.6134  [81.1s]
  [seed10] lr=0.0002 lam=0.5: best_epoch=150/150 val_P=0.8313 val_R=0.8846 val_F1=0.8571 attn_iou=0.6299  [46.8s]
  [seed10] lr=0.0002 lam=0.7: best_epoch=145/150 val_P=0.7363 val_R=0.8590 val_F1=0.7929 attn_iou=0.6883  [47.1s]
  [seed10] lr=0.0002 lam=1.0: best_epoch=135/150 val_P=0.7778 val_R=0.8974 val_F1=0.8333 attn_iou=0.7012  [47.2s]
  [seed10] lr=0.0002 lam=3: best_epoch=145/150 val_P=0.7174 val_R=0.8462 val_F1=0.7765 attn_iou=0.7630  [47.3s]
  [seed10] lr=0.0002 lam=5: best_epoch=105/150 val_P=0.6804 val_R=0.8462 val_F1=0.7543 attn_iou=0.7308  [48.7s]
  [seed10] lr=0.0002 lam=7: best_epoch=115/150 val_P=0.6632 val_R=0.8077 val_F1=0.7283 attn_iou=0.7270  [67.7s]
  [seed10] lr=0.0002 lam=10: best_epoch=120/150 val_P=0.7143 val_R=0.8333 val_F1=0.7692 attn_iou=0.7758  [65.9s]
  [seed10] lr=0.0005 lam=0.1: best_epoch=145/150 val_P=0.7957 val_R=0.9487 val_F1=0.8655 attn_iou=0.4354  [45.1s]
  [seed10] lr=0.0005 lam=0.3: best_epoch=145/150 val_P=0.7889 val_R=0.9103 val_F1=0.8452 attn_iou=0.7517  [45.8s]
  [seed10] lr=0.0005 lam=0.5: best_epoch=40/150 val_P=0.7717 val_R=0.9103 val_F1=0.8353 attn_iou=0.4303  [46.0s]
  [seed10] lr=0.0005 lam=0.7: best_epoch=150/150 val_P=0.7579 val_R=0.9231 val_F1=0.8324 attn_iou=0.7872  [46.0s]
  [seed10] lr=0.0005 lam=1.0: best_epoch=80/150 val_P=0.8140 val_R=0.8974 val_F1=0.8537 attn_iou=0.6749  [46.8s]
  [seed10] lr=0.0005 lam=3: best_epoch=150/150 val_P=0.7882 val_R=0.8590 val_F1=0.8221 attn_iou=0.8158  [60.0s]
  [seed10] lr=0.0005 lam=5: best_epoch=140/150 val_P=0.8391 val_R=0.9359 val_F1=0.8848 attn_iou=0.8339  [71.3s]
  [seed10] lr=0.0005 lam=7: best_epoch=145/150 val_P=0.8434 val_R=0.8974 val_F1=0.8696 attn_iou=0.8599  [46.5s]
  [seed10] lr=0.0005 lam=10: best_epoch=150/150 val_P=0.8929 val_R=0.9615 val_F1=0.9259 attn_iou=0.8611  [46.5s]
  [seed10] lr=0.001 lam=0.1: best_epoch=145/150 val_P=0.7979 val_R=0.9615 val_F1=0.8721 attn_iou=0.6481  [46.4s]
  [seed10] lr=0.001 lam=0.3: best_epoch=145/150 val_P=0.7129 val_R=0.9231 val_F1=0.8045 attn_iou=0.6805  [47.1s]
  [seed10] lr=0.001 lam=0.5: best_epoch=135/150 val_P=0.7978 val_R=0.9103 val_F1=0.8503 attn_iou=0.7864  [48.0s]
  [seed10] lr=0.001 lam=0.7: best_epoch=145/150 val_P=0.7500 val_R=0.9615 val_F1=0.8427 attn_iou=0.7949  [72.3s]
  [seed10] lr=0.001 lam=1.0: best_epoch=145/150 val_P=0.8022 val_R=0.9359 val_F1=0.8639 attn_iou=0.8249  [59.2s]
  [seed10] lr=0.001 lam=3: best_epoch=150/150 val_P=0.8118 val_R=0.8846 val_F1=0.8466 attn_iou=0.8631  [45.9s]
  [seed10] lr=0.001 lam=5: best_epoch=145/150 val_P=0.7978 val_R=0.9103 val_F1=0.8503 attn_iou=0.7584  [46.2s]
  [seed10] lr=0.001 lam=7: best_epoch=120/150 val_P=0.8182 val_R=0.9231 val_F1=0.8675 attn_iou=0.8926  [46.2s]
  [seed10] lr=0.001 lam=10: best_epoch=95/150 val_P=0.7019 val_R=0.9359 val_F1=0.8022 attn_iou=0.8151  [46.7s]

=== seed 11  train=223 val=48 test=47 ===
  [seed11] none baseline: best_epoch=145/150 val_F1=0.8655  [42.1s]
  [seed11] lr=0.0002 lam=0.1: best_epoch=95/150 val_P=0.7439 val_R=0.7722 val_F1=0.7578 attn_iou=0.4382  [46.2s]
  [seed11] lr=0.0002 lam=0.3: best_epoch=145/150 val_P=0.7531 val_R=0.7722 val_F1=0.7625 attn_iou=0.5571  [46.1s]
  [seed11] lr=0.0002 lam=0.5: best_epoch=125/150 val_P=0.7419 val_R=0.8734 val_F1=0.8023 attn_iou=0.5710  [46.2s]
  [seed11] lr=0.0002 lam=0.7: best_epoch=145/150 val_P=0.7867 val_R=0.7468 val_F1=0.7662 attn_iou=0.5599  [46.4s]
  [seed11] lr=0.0002 lam=1.0: best_epoch=130/150 val_P=0.7500 val_R=0.7595 val_F1=0.7547 attn_iou=0.5896  [46.5s]
  [seed11] lr=0.0002 lam=3: best_epoch=125/150 val_P=0.7692 val_R=0.7595 val_F1=0.7643 attn_iou=0.7412  [46.5s]
  [seed11] lr=0.0002 lam=5: best_epoch=125/150 val_P=0.6667 val_R=0.7848 val_F1=0.7209 attn_iou=0.7896  [46.3s]
  [seed11] lr=0.0002 lam=7: best_epoch=115/150 val_P=0.7625 val_R=0.7722 val_F1=0.7673 attn_iou=0.7272  [46.0s]
  [seed11] lr=0.0002 lam=10: best_epoch=140/150 val_P=0.7471 val_R=0.8228 val_F1=0.7831 attn_iou=0.7772  [46.3s]
  [seed11] lr=0.0005 lam=0.1: best_epoch=120/150 val_P=0.7957 val_R=0.9367 val_F1=0.8605 attn_iou=0.4329  [45.9s]
  [seed11] lr=0.0005 lam=0.3: best_epoch=135/150 val_P=0.9079 val_R=0.8734 val_F1=0.8903 attn_iou=0.5833  [46.0s]
  [seed11] lr=0.0005 lam=0.5: best_epoch=150/150 val_P=0.8293 val_R=0.8608 val_F1=0.8447 attn_iou=0.7975  [45.7s]
  [seed11] lr=0.0005 lam=0.7: best_epoch=140/150 val_P=0.8734 val_R=0.8734 val_F1=0.8734 attn_iou=0.8110  [45.8s]
  [seed11] lr=0.0005 lam=1.0: best_epoch=125/150 val_P=0.8706 val_R=0.9367 val_F1=0.9024 attn_iou=0.7647  [46.1s]
  [seed11] lr=0.0005 lam=3: best_epoch=115/150 val_P=0.8471 val_R=0.9114 val_F1=0.8780 attn_iou=0.8364  [45.9s]
  [seed11] lr=0.0005 lam=5: best_epoch=105/150 val_P=0.8276 val_R=0.9114 val_F1=0.8675 attn_iou=0.8447  [45.8s]
  [seed11] lr=0.0005 lam=7: best_epoch=135/150 val_P=0.7976 val_R=0.8481 val_F1=0.8221 attn_iou=0.8643  [46.1s]
  [seed11] lr=0.0005 lam=10: best_epoch=140/150 val_P=0.7653 val_R=0.9494 val_F1=0.8475 attn_iou=0.8440  [45.9s]
  [seed11] lr=0.001 lam=0.1: best_epoch=115/150 val_P=0.8519 val_R=0.8734 val_F1=0.8625 attn_iou=0.5988  [48.5s]
  [seed11] lr=0.001 lam=0.3: best_epoch=135/150 val_P=0.7551 val_R=0.9367 val_F1=0.8362 attn_iou=0.6782  [49.3s]
  [seed11] lr=0.001 lam=0.5: best_epoch=120/150 val_P=0.8242 val_R=0.9494 val_F1=0.8824 attn_iou=0.6910  [49.2s]
  [seed11] lr=0.001 lam=0.7: best_epoch=135/150 val_P=0.8111 val_R=0.9241 val_F1=0.8639 attn_iou=0.8097  [49.1s]
  [seed11] lr=0.001 lam=1.0: best_epoch=125/150 val_P=0.8837 val_R=0.9620 val_F1=0.9212 attn_iou=0.7992  [49.3s]
  [seed11] lr=0.001 lam=3: best_epoch=45/150 val_P=0.7978 val_R=0.8987 val_F1=0.8452 attn_iou=0.5430  [49.1s]
  [seed11] lr=0.001 lam=5: best_epoch=150/150 val_P=0.7789 val_R=0.9367 val_F1=0.8506 attn_iou=0.8625  [49.1s]
  [seed11] lr=0.001 lam=7: best_epoch=140/150 val_P=0.8172 val_R=0.9620 val_F1=0.8837 attn_iou=0.9129  [49.2s]
  [seed11] lr=0.001 lam=10: best_epoch=145/150 val_P=0.8085 val_R=0.9620 val_F1=0.8786 attn_iou=0.8965  [49.1s]

=== seed 12  train=223 val=48 test=47 ===
  [seed12] none baseline: best_epoch=140/150 val_F1=0.8630  [44.3s]
  [seed12] lr=0.0002 lam=0.1: best_epoch=135/150 val_P=0.7403 val_R=0.8382 val_F1=0.7862 attn_iou=0.4691  [49.3s]
  [seed12] lr=0.0002 lam=0.3: best_epoch=150/150 val_P=0.6585 val_R=0.7941 val_F1=0.7200 attn_iou=0.6149  [49.3s]
  [seed12] lr=0.0002 lam=0.5: best_epoch=100/150 val_P=0.7125 val_R=0.8382 val_F1=0.7703 attn_iou=0.5262  [49.2s]
  [seed12] lr=0.0002 lam=0.7: best_epoch=125/150 val_P=0.6750 val_R=0.7941 val_F1=0.7297 attn_iou=0.6126  [49.1s]
  [seed12] lr=0.0002 lam=1.0: best_epoch=145/150 val_P=0.7143 val_R=0.8088 val_F1=0.7586 attn_iou=0.7015  [49.2s]
  [seed12] lr=0.0002 lam=3: best_epoch=150/150 val_P=0.6867 val_R=0.8382 val_F1=0.7550 attn_iou=0.7409  [49.0s]
  [seed12] lr=0.0002 lam=5: best_epoch=150/150 val_P=0.6750 val_R=0.7941 val_F1=0.7297 attn_iou=0.7790  [49.2s]
  [seed12] lr=0.0002 lam=7: best_epoch=145/150 val_P=0.6627 val_R=0.8088 val_F1=0.7285 attn_iou=0.8077  [49.0s]
  [seed12] lr=0.0002 lam=10: best_epoch=125/150 val_P=0.6395 val_R=0.8088 val_F1=0.7143 attn_iou=0.7753  [49.2s]
  [seed12] lr=0.0005 lam=0.1: best_epoch=95/150 val_P=0.8333 val_R=0.8824 val_F1=0.8571 attn_iou=0.4518  [49.3s]
  [seed12] lr=0.0005 lam=0.3: best_epoch=135/150 val_P=0.7532 val_R=0.8529 val_F1=0.8000 attn_iou=0.6082  [49.0s]
  [seed12] lr=0.0005 lam=0.5: best_epoch=110/150 val_P=0.8182 val_R=0.7941 val_F1=0.8060 attn_iou=0.6235  [49.1s]
  [seed12] lr=0.0005 lam=0.7: best_epoch=85/150 val_P=0.7024 val_R=0.8676 val_F1=0.7763 attn_iou=0.6459  [49.1s]
  [seed12] lr=0.0005 lam=1.0: best_epoch=105/150 val_P=0.7821 val_R=0.8971 val_F1=0.8356 attn_iou=0.6558  [49.2s]
  [seed12] lr=0.0005 lam=3: best_epoch=120/150 val_P=0.7262 val_R=0.8971 val_F1=0.8026 attn_iou=0.8015  [49.3s]
  [seed12] lr=0.0005 lam=5: best_epoch=110/150 val_P=0.7308 val_R=0.8382 val_F1=0.7808 attn_iou=0.8495  [49.2s]
  [seed12] lr=0.0005 lam=7: best_epoch=125/150 val_P=0.7439 val_R=0.8971 val_F1=0.8133 attn_iou=0.7906  [49.2s]
  [seed12] lr=0.0005 lam=10: best_epoch=150/150 val_P=0.8000 val_R=0.8824 val_F1=0.8392 attn_iou=0.6449  [49.3s]
  [seed12] lr=0.001 lam=0.1: best_epoch=135/150 val_P=0.6170 val_R=0.8529 val_F1=0.7160 attn_iou=0.5163  [49.2s]
  [seed12] lr=0.001 lam=0.3: best_epoch=125/150 val_P=0.8219 val_R=0.8824 val_F1=0.8511 attn_iou=0.6880  [49.3s]
  [seed12] lr=0.001 lam=0.5: best_epoch=120/150 val_P=0.8429 val_R=0.8676 val_F1=0.8551 attn_iou=0.6537  [49.0s]
  [seed12] lr=0.001 lam=0.7: best_epoch=125/150 val_P=0.7215 val_R=0.8382 val_F1=0.7755 attn_iou=0.7396  [49.1s]
  [seed12] lr=0.001 lam=1.0: best_epoch=130/150 val_P=0.7590 val_R=0.9265 val_F1=0.8344 attn_iou=0.7977  [48.2s]
  [seed12] lr=0.001 lam=3: best_epoch=95/150 val_P=0.8133 val_R=0.8971 val_F1=0.8531 attn_iou=0.7499  [45.2s]
  [seed12] lr=0.001 lam=5: best_epoch=135/150 val_P=0.8082 val_R=0.8676 val_F1=0.8369 attn_iou=0.8260  [45.9s]
  [seed12] lr=0.001 lam=7: best_epoch=80/150 val_P=0.7895 val_R=0.8824 val_F1=0.8333 attn_iou=0.8471  [45.5s]
  [seed12] lr=0.001 lam=10: best_epoch=135/150 val_P=0.8378 val_R=0.9118 val_F1=0.8732 attn_iou=0.8828  [45.6s]

=== seed 13  train=223 val=48 test=47 ===
  [seed13] none baseline: best_epoch=110/150 val_F1=0.8375  [42.1s]
  [seed13] lr=0.0002 lam=0.1: best_epoch=140/150 val_P=0.8077 val_R=0.9000 val_F1=0.8514 attn_iou=0.3960  [45.7s]
  [seed13] lr=0.0002 lam=0.3: best_epoch=125/150 val_P=0.8148 val_R=0.9429 val_F1=0.8742 attn_iou=0.4159  [46.1s]
  [seed13] lr=0.0002 lam=0.5: best_epoch=130/150 val_P=0.8824 val_R=0.8571 val_F1=0.8696 attn_iou=0.5670  [45.8s]
  [seed13] lr=0.0002 lam=0.7: best_epoch=150/150 val_P=0.9180 val_R=0.8000 val_F1=0.8550 attn_iou=0.5873  [46.0s]
  [seed13] lr=0.0002 lam=1.0: best_epoch=145/150 val_P=0.7683 val_R=0.9000 val_F1=0.8289 attn_iou=0.5697  [46.0s]
  [seed13] lr=0.0002 lam=3: best_epoch=130/150 val_P=0.9091 val_R=0.8571 val_F1=0.8824 attn_iou=0.6325  [45.9s]
  [seed13] lr=0.0002 lam=5: best_epoch=110/150 val_P=0.7750 val_R=0.8857 val_F1=0.8267 attn_iou=0.6411  [46.0s]
  [seed13] lr=0.0002 lam=7: best_epoch=95/150 val_P=0.9219 val_R=0.8429 val_F1=0.8806 attn_iou=0.6333  [45.7s]
  [seed13] lr=0.0002 lam=10: best_epoch=135/150 val_P=0.8052 val_R=0.8857 val_F1=0.8435 attn_iou=0.6692  [45.6s]
  [seed13] lr=0.0005 lam=0.1: best_epoch=150/150 val_P=0.7647 val_R=0.9286 val_F1=0.8387 attn_iou=0.5635  [45.5s]
  [seed13] lr=0.0005 lam=0.3: best_epoch=150/150 val_P=0.8493 val_R=0.8857 val_F1=0.8671 attn_iou=0.5988  [45.8s]
  [seed13] lr=0.0005 lam=0.5: best_epoch=125/150 val_P=0.7701 val_R=0.9571 val_F1=0.8535 attn_iou=0.5442  [46.2s]
  [seed13] lr=0.0005 lam=0.7: best_epoch=105/150 val_P=0.7975 val_R=0.9000 val_F1=0.8456 attn_iou=0.5953  [46.1s]
  [seed13] lr=0.0005 lam=1.0: best_epoch=145/150 val_P=0.8451 val_R=0.8571 val_F1=0.8511 attn_iou=0.6399  [46.0s]
  [seed13] lr=0.0005 lam=3: best_epoch=150/150 val_P=0.7848 val_R=0.8857 val_F1=0.8322 attn_iou=0.6882  [45.9s]
  [seed13] lr=0.0005 lam=5: best_epoch=85/150 val_P=0.8267 val_R=0.8857 val_F1=0.8552 attn_iou=0.6694  [45.9s]
  [seed13] lr=0.0005 lam=7: best_epoch=150/150 val_P=0.7867 val_R=0.8429 val_F1=0.8138 attn_iou=0.7144  [45.9s]
  [seed13] lr=0.0005 lam=10: best_epoch=150/150 val_P=0.7303 val_R=0.9286 val_F1=0.8176 attn_iou=0.7068  [46.1s]
  [seed13] lr=0.001 lam=0.1: best_epoch=125/150 val_P=0.6818 val_R=0.8571 val_F1=0.7595 attn_iou=0.4238  [46.2s]
  [seed13] lr=0.001 lam=0.3: best_epoch=95/150 val_P=0.7590 val_R=0.9000 val_F1=0.8235 attn_iou=0.5559  [46.1s]
  [seed13] lr=0.001 lam=0.5: best_epoch=150/150 val_P=0.7595 val_R=0.8571 val_F1=0.8054 attn_iou=0.6106  [46.0s]
  [seed13] lr=0.001 lam=0.7: best_epoch=150/150 val_P=0.7692 val_R=0.8571 val_F1=0.8108 attn_iou=0.5488  [46.1s]
  [seed13] lr=0.001 lam=1.0: best_epoch=70/150 val_P=0.7808 val_R=0.8143 val_F1=0.7972 attn_iou=0.5434  [46.1s]
  [seed13] lr=0.001 lam=3: best_epoch=120/150 val_P=0.8133 val_R=0.8714 val_F1=0.8414 attn_iou=0.7051  [46.2s]
  [seed13] lr=0.001 lam=5: best_epoch=120/150 val_P=0.7778 val_R=0.8000 val_F1=0.7887 attn_iou=0.7073  [46.4s]
  [seed13] lr=0.001 lam=7: best_epoch=150/150 val_P=0.8133 val_R=0.8714 val_F1=0.8414 attn_iou=0.7099  [45.9s]
  [seed13] lr=0.001 lam=10: best_epoch=145/150 val_P=0.7363 val_R=0.9571 val_F1=0.8323 attn_iou=0.6954  [46.2s]

=== seed 14  train=223 val=48 test=47 ===
  [seed14] none baseline: best_epoch=140/150 val_F1=0.7750  [42.0s]
  [seed14] lr=0.0002 lam=0.1: best_epoch=125/150 val_P=0.6522 val_R=0.8571 val_F1=0.7407 attn_iou=0.4551  [46.2s]
  [seed14] lr=0.0002 lam=0.3: best_epoch=110/150 val_P=0.7945 val_R=0.8286 val_F1=0.8112 attn_iou=0.5084  [46.3s]
  [seed14] lr=0.0002 lam=0.5: best_epoch=140/150 val_P=0.7403 val_R=0.8143 val_F1=0.7755 attn_iou=0.6319  [46.2s]
  [seed14] lr=0.0002 lam=0.7: best_epoch=130/150 val_P=0.7308 val_R=0.8143 val_F1=0.7703 attn_iou=0.6443  [46.2s]
  [seed14] lr=0.0002 lam=1.0: best_epoch=120/150 val_P=0.7308 val_R=0.8143 val_F1=0.7703 attn_iou=0.5562  [45.9s]
  [seed14] lr=0.0002 lam=3: best_epoch=145/150 val_P=0.7910 val_R=0.7571 val_F1=0.7737 attn_iou=0.7114  [46.9s]
  [seed14] lr=0.0002 lam=5: best_epoch=135/150 val_P=0.6829 val_R=0.8000 val_F1=0.7368 attn_iou=0.6521  [49.5s]
  [seed14] lr=0.0002 lam=7: best_epoch=150/150 val_P=0.7037 val_R=0.8143 val_F1=0.7550 attn_iou=0.6878  [49.2s]
  [seed14] lr=0.0002 lam=10: best_epoch=130/150 val_P=0.6867 val_R=0.8143 val_F1=0.7451 attn_iou=0.7326  [49.3s]
  [seed14] lr=0.0005 lam=0.1: best_epoch=150/150 val_P=0.7294 val_R=0.8857 val_F1=0.8000 attn_iou=0.6177  [49.4s]
  [seed14] lr=0.0005 lam=0.3: best_epoch=130/150 val_P=0.7887 val_R=0.8000 val_F1=0.7943 attn_iou=0.6832  [49.1s]
  [seed14] lr=0.0005 lam=0.5: best_epoch=150/150 val_P=0.7442 val_R=0.9143 val_F1=0.8205 attn_iou=0.6264  [49.4s]
  [seed14] lr=0.0005 lam=0.7: best_epoch=130/150 val_P=0.8657 val_R=0.8286 val_F1=0.8467 attn_iou=0.7360  [49.2s]
  [seed14] lr=0.0005 lam=1.0: best_epoch=145/150 val_P=0.7848 val_R=0.8857 val_F1=0.8322 attn_iou=0.7184  [49.1s]
  [seed14] lr=0.0005 lam=3: best_epoch=125/150 val_P=0.8971 val_R=0.8714 val_F1=0.8841 attn_iou=0.8109  [49.1s]
  [seed14] lr=0.0005 lam=5: best_epoch=150/150 val_P=0.8205 val_R=0.9143 val_F1=0.8649 attn_iou=0.8146  [49.3s]
  [seed14] lr=0.0005 lam=7: best_epoch=130/150 val_P=0.6531 val_R=0.9143 val_F1=0.7619 attn_iou=0.8012  [49.2s]
  [seed14] lr=0.0005 lam=10: best_epoch=140/150 val_P=0.7838 val_R=0.8286 val_F1=0.8056 attn_iou=0.8087  [49.2s]
  [seed14] lr=0.001 lam=0.1: best_epoch=120/150 val_P=0.7927 val_R=0.9286 val_F1=0.8553 attn_iou=0.5330  [47.6s]
  [seed14] lr=0.001 lam=0.3: best_epoch=125/150 val_P=0.8182 val_R=0.9000 val_F1=0.8571 attn_iou=0.6739  [45.3s]
  [seed14] lr=0.001 lam=0.5: best_epoch=130/150 val_P=0.7753 val_R=0.9857 val_F1=0.8679 attn_iou=0.7402  [45.8s]
  [seed14] lr=0.001 lam=0.7: best_epoch=150/150 val_P=0.8732 val_R=0.8857 val_F1=0.8794 attn_iou=0.7325  [45.9s]
  [seed14] lr=0.001 lam=1.0: best_epoch=125/150 val_P=0.8462 val_R=0.9429 val_F1=0.8919 attn_iou=0.7734  [45.6s]
  [seed14] lr=0.001 lam=3: best_epoch=85/150 val_P=0.7875 val_R=0.9000 val_F1=0.8400 attn_iou=0.7582  [45.6s]
  [seed14] lr=0.001 lam=5: best_epoch=125/150 val_P=0.7442 val_R=0.9143 val_F1=0.8205 attn_iou=0.8223  [45.7s]
  [seed14] lr=0.001 lam=7: best_epoch=130/150 val_P=0.7561 val_R=0.8857 val_F1=0.8158 attn_iou=0.6697  [45.9s]
  [seed14] lr=0.001 lam=10: best_epoch=150/150 val_P=0.7750 val_R=0.8857 val_F1=0.8267 attn_iou=0.8177  [45.6s]

=== seed 15  train=223 val=48 test=47 ===
  [seed15] none baseline: best_epoch=110/150 val_F1=0.8427  [41.5s]
  [seed15] lr=0.0002 lam=0.1: best_epoch=150/150 val_P=0.7579 val_R=0.8675 val_F1=0.8090 attn_iou=0.5456  [45.9s]
  [seed15] lr=0.0002 lam=0.3: best_epoch=140/150 val_P=0.7835 val_R=0.9157 val_F1=0.8444 attn_iou=0.6271  [45.6s]
  [seed15] lr=0.0002 lam=0.5: best_epoch=125/150 val_P=0.7778 val_R=0.8434 val_F1=0.8092 attn_iou=0.6558  [46.0s]
  [seed15] lr=0.0002 lam=0.7: best_epoch=145/150 val_P=0.7400 val_R=0.8916 val_F1=0.8087 attn_iou=0.7428  [46.1s]
  [seed15] lr=0.0002 lam=1.0: best_epoch=90/150 val_P=0.7692 val_R=0.8434 val_F1=0.8046 attn_iou=0.5304  [45.7s]
  [seed15] lr=0.0002 lam=3: best_epoch=130/150 val_P=0.7753 val_R=0.8313 val_F1=0.8023 attn_iou=0.7165  [45.8s]
  [seed15] lr=0.0002 lam=5: best_epoch=135/150 val_P=0.7500 val_R=0.9398 val_F1=0.8342 attn_iou=0.8318  [45.6s]
  [seed15] lr=0.0002 lam=7: best_epoch=110/150 val_P=0.7419 val_R=0.8313 val_F1=0.7841 attn_iou=0.7856  [45.7s]
  [seed15] lr=0.0002 lam=10: best_epoch=140/150 val_P=0.7300 val_R=0.8795 val_F1=0.7978 attn_iou=0.7786  [45.9s]
  [seed15] lr=0.0005 lam=0.1: best_epoch=95/150 val_P=0.8421 val_R=0.9639 val_F1=0.8989 attn_iou=0.5332  [45.8s]
  [seed15] lr=0.0005 lam=0.3: best_epoch=150/150 val_P=0.8462 val_R=0.9277 val_F1=0.8851 attn_iou=0.7826  [45.6s]
  [seed15] lr=0.0005 lam=0.5: best_epoch=145/150 val_P=0.8041 val_R=0.9398 val_F1=0.8667 attn_iou=0.8406  [45.5s]
  [seed15] lr=0.0005 lam=0.7: best_epoch=110/150 val_P=0.9167 val_R=0.9277 val_F1=0.9222 attn_iou=0.7652  [45.9s]
  [seed15] lr=0.0005 lam=1.0: best_epoch=125/150 val_P=0.8876 val_R=0.9518 val_F1=0.9186 attn_iou=0.7682  [45.8s]
  [seed15] lr=0.0005 lam=3: best_epoch=75/150 val_P=0.8617 val_R=0.9759 val_F1=0.9153 attn_iou=0.7949  [45.3s]
  [seed15] lr=0.0005 lam=5: best_epoch=115/150 val_P=0.7664 val_R=0.9880 val_F1=0.8632 attn_iou=0.7579  [45.9s]
  [seed15] lr=0.0005 lam=7: best_epoch=110/150 val_P=0.8681 val_R=0.9518 val_F1=0.9080 attn_iou=0.8801  [45.9s]
  [seed15] lr=0.0005 lam=10: best_epoch=135/150 val_P=0.8977 val_R=0.9518 val_F1=0.9240 attn_iou=0.9132  [45.4s]
  [seed15] lr=0.001 lam=0.1: best_epoch=50/150 val_P=0.8659 val_R=0.8554 val_F1=0.8606 attn_iou=0.3989  [45.7s]
  [seed15] lr=0.001 lam=0.3: best_epoch=65/150 val_P=0.7872 val_R=0.8916 val_F1=0.8362 attn_iou=0.5021  [46.1s]
  [seed15] lr=0.001 lam=0.5: best_epoch=145/150 val_P=0.7857 val_R=0.9277 val_F1=0.8508 attn_iou=0.8032  [45.9s]
  [seed15] lr=0.001 lam=0.7: best_epoch=150/150 val_P=0.7573 val_R=0.9398 val_F1=0.8387 attn_iou=0.7714  [45.9s]
  [seed15] lr=0.001 lam=1.0: best_epoch=65/150 val_P=0.8276 val_R=0.8675 val_F1=0.8471 attn_iou=0.5968  [45.7s]
  [seed15] lr=0.001 lam=3: best_epoch=65/150 val_P=0.8111 val_R=0.8795 val_F1=0.8439 attn_iou=0.6159  [45.8s]
  [seed15] lr=0.001 lam=5: best_epoch=145/150 val_P=0.7670 val_R=0.9518 val_F1=0.8495 attn_iou=0.8843  [45.8s]
  [seed15] lr=0.001 lam=7: best_epoch=130/150 val_P=0.7500 val_R=0.9036 val_F1=0.8197 attn_iou=0.9058  [45.7s]
  [seed15] lr=0.001 lam=10: best_epoch=125/150 val_P=0.8652 val_R=0.9277 val_F1=0.8953 attn_iou=0.8986  [45.8s]

=== seed 16  train=223 val=48 test=47 ===
  [seed16] none baseline: best_epoch=105/150 val_F1=0.7831  [41.8s]
  [seed16] lr=0.0002 lam=0.1: best_epoch=140/150 val_P=0.7065 val_R=0.8228 val_F1=0.7602 attn_iou=0.5328  [45.9s]
  [seed16] lr=0.0002 lam=0.3: best_epoch=135/150 val_P=0.7073 val_R=0.7342 val_F1=0.7205 attn_iou=0.6290  [45.7s]
  [seed16] lr=0.0002 lam=0.5: best_epoch=130/150 val_P=0.7126 val_R=0.7848 val_F1=0.7470 attn_iou=0.6595  [45.9s]
  [seed16] lr=0.0002 lam=0.7: best_epoch=90/150 val_P=0.8219 val_R=0.7595 val_F1=0.7895 attn_iou=0.5474  [45.8s]
  [seed16] lr=0.0002 lam=1.0: best_epoch=140/150 val_P=0.7011 val_R=0.7722 val_F1=0.7349 attn_iou=0.7380  [45.9s]
  [seed16] lr=0.0002 lam=3: best_epoch=105/150 val_P=0.7111 val_R=0.8101 val_F1=0.7574 attn_iou=0.7486  [46.0s]
  [seed16] lr=0.0002 lam=5: best_epoch=135/150 val_P=0.7564 val_R=0.7468 val_F1=0.7516 attn_iou=0.7990  [45.7s]
  [seed16] lr=0.0002 lam=7: best_epoch=140/150 val_P=0.7284 val_R=0.7468 val_F1=0.7375 attn_iou=0.7287  [45.8s]
  [seed16] lr=0.0002 lam=10: best_epoch=145/150 val_P=0.6813 val_R=0.7848 val_F1=0.7294 attn_iou=0.7787  [45.9s]
  [seed16] lr=0.0005 lam=0.1: best_epoch=110/150 val_P=0.7188 val_R=0.8734 val_F1=0.7886 attn_iou=0.5049  [45.9s]
  [seed16] lr=0.0005 lam=0.3: best_epoch=140/150 val_P=0.7391 val_R=0.8608 val_F1=0.7953 attn_iou=0.6626  [46.0s]
  [seed16] lr=0.0005 lam=0.5: best_epoch=140/150 val_P=0.7527 val_R=0.8861 val_F1=0.8140 attn_iou=0.7488  [46.1s]
  [seed16] lr=0.0005 lam=0.7: best_epoch=105/150 val_P=0.7363 val_R=0.8481 val_F1=0.7882 attn_iou=0.6880  [45.7s]
  [seed16] lr=0.0005 lam=1.0: best_epoch=140/150 val_P=0.7419 val_R=0.8734 val_F1=0.8023 attn_iou=0.7758  [45.9s]
  [seed16] lr=0.0005 lam=3: best_epoch=150/150 val_P=0.7955 val_R=0.8861 val_F1=0.8383 attn_iou=0.7782  [45.9s]
  [seed16] lr=0.0005 lam=5: best_epoch=150/150 val_P=0.8118 val_R=0.8734 val_F1=0.8415 attn_iou=0.8110  [45.9s]
  [seed16] lr=0.0005 lam=7: best_epoch=95/150 val_P=0.7129 val_R=0.9114 val_F1=0.8000 attn_iou=0.8057  [45.8s]
  [seed16] lr=0.0005 lam=10: best_epoch=150/150 val_P=0.7553 val_R=0.8987 val_F1=0.8208 attn_iou=0.8418  [45.8s]
  [seed16] lr=0.001 lam=0.1: best_epoch=150/150 val_P=0.6875 val_R=0.8354 val_F1=0.7543 attn_iou=0.6467  [45.8s]
  [seed16] lr=0.001 lam=0.3: best_epoch=145/150 val_P=0.7717 val_R=0.8987 val_F1=0.8304 attn_iou=0.7154  [45.8s]
  [seed16] lr=0.001 lam=0.5: best_epoch=120/150 val_P=0.7273 val_R=0.8101 val_F1=0.7665 attn_iou=0.7093  [45.8s]
  [seed16] lr=0.001 lam=0.7: best_epoch=120/150 val_P=0.7363 val_R=0.8481 val_F1=0.7882 attn_iou=0.7912  [45.6s]
  [seed16] lr=0.001 lam=1.0: best_epoch=150/150 val_P=0.7527 val_R=0.8861 val_F1=0.8140 attn_iou=0.7908  [46.1s]
  [seed16] lr=0.001 lam=3: best_epoch=95/150 val_P=0.7500 val_R=0.8734 val_F1=0.8070 attn_iou=0.7729  [46.2s]
  [seed16] lr=0.001 lam=5: best_epoch=100/150 val_P=0.7340 val_R=0.8734 val_F1=0.7977 attn_iou=0.8196  [46.0s]
  [seed16] lr=0.001 lam=7: best_epoch=105/150 val_P=0.7528 val_R=0.8481 val_F1=0.7976 attn_iou=0.8377  [45.8s]
  [seed16] lr=0.001 lam=10: best_epoch=100/150 val_P=0.7347 val_R=0.9114 val_F1=0.8136 attn_iou=0.8257  [46.3s]

=== seed 17  train=223 val=48 test=47 ===
  [seed17] none baseline: best_epoch=130/150 val_F1=0.8623  [42.3s]
  [seed17] lr=0.0002 lam=0.1: best_epoch=150/150 val_P=0.7579 val_R=0.9114 val_F1=0.8276 attn_iou=0.4695  [45.8s]
  [seed17] lr=0.0002 lam=0.3: best_epoch=145/150 val_P=0.7059 val_R=0.9114 val_F1=0.7956 attn_iou=0.5734  [46.0s]
  [seed17] lr=0.0002 lam=0.5: best_epoch=130/150 val_P=0.6452 val_R=0.7595 val_F1=0.6977 attn_iou=0.5622  [45.8s]
  [seed17] lr=0.0002 lam=0.7: best_epoch=100/150 val_P=0.6429 val_R=0.7975 val_F1=0.7119 attn_iou=0.5093  [45.8s]
  [seed17] lr=0.0002 lam=1.0: best_epoch=145/150 val_P=0.6296 val_R=0.8608 val_F1=0.7273 attn_iou=0.7004  [45.6s]
  [seed17] lr=0.0002 lam=3: best_epoch=120/150 val_P=0.7917 val_R=0.7215 val_F1=0.7550 attn_iou=0.6223  [45.6s]
  [seed17] lr=0.0002 lam=5: best_epoch=135/150 val_P=0.7922 val_R=0.7722 val_F1=0.7821 attn_iou=0.7520  [45.9s]
  [seed17] lr=0.0002 lam=7: best_epoch=110/150 val_P=0.6381 val_R=0.8481 val_F1=0.7283 attn_iou=0.6578  [45.9s]
  [seed17] lr=0.0002 lam=10: best_epoch=145/150 val_P=0.6275 val_R=0.8101 val_F1=0.7072 attn_iou=0.7595  [45.9s]
  [seed17] lr=0.0005 lam=0.1: best_epoch=140/150 val_P=0.7282 val_R=0.9494 val_F1=0.8242 attn_iou=0.4451  [45.7s]
  [seed17] lr=0.0005 lam=0.3: best_epoch=140/150 val_P=0.7766 val_R=0.9241 val_F1=0.8439 attn_iou=0.5863  [45.9s]
  [seed17] lr=0.0005 lam=0.5: best_epoch=110/150 val_P=0.8118 val_R=0.8734 val_F1=0.8415 attn_iou=0.6322  [45.9s]
  [seed17] lr=0.0005 lam=0.7: best_epoch=135/150 val_P=0.8046 val_R=0.8861 val_F1=0.8434 attn_iou=0.7353  [45.9s]
  [seed17] lr=0.0005 lam=1.0: best_epoch=115/150 val_P=0.7955 val_R=0.8861 val_F1=0.8383 attn_iou=0.7245  [45.8s]
  [seed17] lr=0.0005 lam=3: best_epoch=135/150 val_P=0.7528 val_R=0.8481 val_F1=0.7976 attn_iou=0.7984  [45.9s]
  [seed17] lr=0.0005 lam=5: best_epoch=140/150 val_P=0.7556 val_R=0.8608 val_F1=0.8047 attn_iou=0.8014  [45.7s]
  [seed17] lr=0.0005 lam=7: best_epoch=115/150 val_P=0.7172 val_R=0.8987 val_F1=0.7978 attn_iou=0.8045  [46.5s]
  [seed17] lr=0.0005 lam=10: best_epoch=125/150 val_P=0.7582 val_R=0.8734 val_F1=0.8118 attn_iou=0.7499  [46.3s]
  [seed17] lr=0.001 lam=0.1: best_epoch=130/150 val_P=0.6607 val_R=0.9367 val_F1=0.7749 attn_iou=0.4880  [46.0s]
  [seed17] lr=0.001 lam=0.3: best_epoch=140/150 val_P=0.6827 val_R=0.8987 val_F1=0.7760 attn_iou=0.6326  [46.0s]
  [seed17] lr=0.001 lam=0.5: best_epoch=130/150 val_P=0.7157 val_R=0.9241 val_F1=0.8066 attn_iou=0.6925  [46.0s]
  [seed17] lr=0.001 lam=0.7: best_epoch=80/150 val_P=0.6796 val_R=0.8861 val_F1=0.7692 attn_iou=0.5160  [46.0s]
  [seed17] lr=0.001 lam=1.0: best_epoch=145/150 val_P=0.7500 val_R=0.9494 val_F1=0.8380 attn_iou=0.7810  [45.7s]
  [seed17] lr=0.001 lam=3: best_epoch=145/150 val_P=0.8023 val_R=0.8734 val_F1=0.8364 attn_iou=0.8263  [46.0s]
  [seed17] lr=0.001 lam=5: best_epoch=120/150 val_P=0.7742 val_R=0.9114 val_F1=0.8372 attn_iou=0.7887  [46.1s]
  [seed17] lr=0.001 lam=7: best_epoch=125/150 val_P=0.8372 val_R=0.9114 val_F1=0.8727 attn_iou=0.7854  [46.3s]
  [seed17] lr=0.001 lam=10: best_epoch=145/150 val_P=0.6571 val_R=0.8734 val_F1=0.7500 attn_iou=0.8641  [46.0s]

=== seed 18  train=223 val=48 test=47 ===
  [seed18] none baseline: best_epoch=110/150 val_F1=0.8811  [42.2s]
  [seed18] lr=0.0002 lam=0.1: best_epoch=135/150 val_P=0.7033 val_R=0.9143 val_F1=0.7950 attn_iou=0.4858  [46.5s]
  [seed18] lr=0.0002 lam=0.3: best_epoch=150/150 val_P=0.7763 val_R=0.8429 val_F1=0.8082 attn_iou=0.6420  [45.9s]
  [seed18] lr=0.0002 lam=0.5: best_epoch=140/150 val_P=0.7821 val_R=0.8714 val_F1=0.8243 attn_iou=0.5063  [46.0s]
  [seed18] lr=0.0002 lam=0.7: best_epoch=85/150 val_P=0.7500 val_R=0.9000 val_F1=0.8182 attn_iou=0.5136  [46.2s]
  [seed18] lr=0.0002 lam=1.0: best_epoch=150/150 val_P=0.7011 val_R=0.8714 val_F1=0.7771 attn_iou=0.6682  [46.2s]
  [seed18] lr=0.0002 lam=3: best_epoch=150/150 val_P=0.7532 val_R=0.8286 val_F1=0.7891 attn_iou=0.7718  [45.8s]
  [seed18] lr=0.0002 lam=5: best_epoch=120/150 val_P=0.6897 val_R=0.8571 val_F1=0.7643 attn_iou=0.7529  [46.1s]
  [seed18] lr=0.0002 lam=7: best_epoch=135/150 val_P=0.7250 val_R=0.8286 val_F1=0.7733 attn_iou=0.4705  [46.1s]
  [seed18] lr=0.0002 lam=10: best_epoch=105/150 val_P=0.7073 val_R=0.8286 val_F1=0.7632 attn_iou=0.6911  [46.1s]
  [seed18] lr=0.0005 lam=0.1: best_epoch=130/150 val_P=0.7471 val_R=0.9286 val_F1=0.8280 attn_iou=0.4767  [46.4s]
  [seed18] lr=0.0005 lam=0.3: best_epoch=115/150 val_P=0.7294 val_R=0.8857 val_F1=0.8000 attn_iou=0.6955  [46.2s]
  [seed18] lr=0.0005 lam=0.5: best_epoch=150/150 val_P=0.8333 val_R=0.8571 val_F1=0.8451 attn_iou=0.7137  [46.0s]
  [seed18] lr=0.0005 lam=0.7: best_epoch=150/150 val_P=0.7241 val_R=0.9000 val_F1=0.8025 attn_iou=0.7075  [46.0s]
  [seed18] lr=0.0005 lam=1.0: best_epoch=145/150 val_P=0.7625 val_R=0.8714 val_F1=0.8133 attn_iou=0.7773  [45.9s]
  [seed18] lr=0.0005 lam=3: best_epoch=115/150 val_P=0.7949 val_R=0.8857 val_F1=0.8378 attn_iou=0.7446  [46.2s]
  [seed18] lr=0.0005 lam=5: best_epoch=140/150 val_P=0.6966 val_R=0.8857 val_F1=0.7799 attn_iou=0.8356  [46.3s]
  [seed18] lr=0.0005 lam=7: best_epoch=150/150 val_P=0.7326 val_R=0.9000 val_F1=0.8077 attn_iou=0.8469  [45.9s]
  [seed18] lr=0.0005 lam=10: best_epoch=135/150 val_P=0.6854 val_R=0.8714 val_F1=0.7673 attn_iou=0.5681  [46.4s]
  [seed18] lr=0.001 lam=0.1: best_epoch=150/150 val_P=0.8400 val_R=0.9000 val_F1=0.8690 attn_iou=0.6308  [46.0s]
  [seed18] lr=0.001 lam=0.3: best_epoch=105/150 val_P=0.7901 val_R=0.9143 val_F1=0.8477 attn_iou=0.6417  [46.4s]
  [seed18] lr=0.001 lam=0.5: best_epoch=130/150 val_P=0.6300 val_R=0.9000 val_F1=0.7412 attn_iou=0.5193  [46.0s]
  [seed18] lr=0.001 lam=0.7: best_epoch=130/150 val_P=0.7159 val_R=0.9000 val_F1=0.7975 attn_iou=0.7580  [46.2s]
  [seed18] lr=0.001 lam=1.0: best_epoch=115/150 val_P=0.7160 val_R=0.8286 val_F1=0.7682 attn_iou=0.7747  [46.3s]
  [seed18] lr=0.001 lam=3: best_epoch=140/150 val_P=0.8026 val_R=0.8714 val_F1=0.8356 attn_iou=0.8350  [46.0s]
  [seed18] lr=0.001 lam=5: best_epoch=145/150 val_P=0.8182 val_R=0.9000 val_F1=0.8571 attn_iou=0.8270  [46.0s]
  [seed18] lr=0.001 lam=7: best_epoch=145/150 val_P=0.8493 val_R=0.8857 val_F1=0.8671 attn_iou=0.8508  [45.8s]
  [seed18] lr=0.001 lam=10: best_epoch=90/150 val_P=0.8101 val_R=0.9143 val_F1=0.8591 attn_iou=0.7827  [46.1s]

=== seed 19  train=223 val=48 test=47 ===
  [seed19] none baseline: best_epoch=55/150 val_F1=0.8606  [42.6s]
  [seed19] lr=0.0002 lam=0.1: best_epoch=135/150 val_P=0.8750 val_R=0.8861 val_F1=0.8805 attn_iou=0.5701  [45.8s]
  [seed19] lr=0.0002 lam=0.3: best_epoch=145/150 val_P=0.8391 val_R=0.9241 val_F1=0.8795 attn_iou=0.7126  [46.0s]
  [seed19] lr=0.0002 lam=0.5: best_epoch=100/150 val_P=0.8571 val_R=0.9114 val_F1=0.8834 attn_iou=0.6762  [46.1s]
  [seed19] lr=0.0002 lam=0.7: best_epoch=140/150 val_P=0.7576 val_R=0.9494 val_F1=0.8427 attn_iou=0.8019  [45.9s]
  [seed19] lr=0.0002 lam=1.0: best_epoch=100/150 val_P=0.8132 val_R=0.9367 val_F1=0.8706 attn_iou=0.7451  [46.2s]
  [seed19] lr=0.0002 lam=3: best_epoch=145/150 val_P=0.8235 val_R=0.8861 val_F1=0.8537 attn_iou=0.8271  [45.7s]
  [seed19] lr=0.0002 lam=5: best_epoch=135/150 val_P=0.7895 val_R=0.9494 val_F1=0.8621 attn_iou=0.8796  [46.1s]
  [seed19] lr=0.0002 lam=7: best_epoch=150/150 val_P=0.7732 val_R=0.9494 val_F1=0.8523 attn_iou=0.9051  [46.2s]
  [seed19] lr=0.0002 lam=10: best_epoch=150/150 val_P=0.7551 val_R=0.9367 val_F1=0.8362 attn_iou=0.8652  [46.1s]
  [seed19] lr=0.0005 lam=0.1: best_epoch=145/150 val_P=0.7629 val_R=0.9367 val_F1=0.8409 attn_iou=0.6034  [46.0s]
  [seed19] lr=0.0005 lam=0.3: best_epoch=135/150 val_P=0.7895 val_R=0.9494 val_F1=0.8621 attn_iou=0.7685  [46.1s]
  [seed19] lr=0.0005 lam=0.5: best_epoch=140/150 val_P=0.8409 val_R=0.9367 val_F1=0.8862 attn_iou=0.7570  [45.7s]
  [seed19] lr=0.0005 lam=0.7: best_epoch=105/150 val_P=0.8152 val_R=0.9494 val_F1=0.8772 attn_iou=0.8093  [45.9s]
  [seed19] lr=0.0005 lam=1.0: best_epoch=140/150 val_P=0.8427 val_R=0.9494 val_F1=0.8929 attn_iou=0.8810  [46.0s]
  [seed19] lr=0.0005 lam=3: best_epoch=140/150 val_P=0.8621 val_R=0.9494 val_F1=0.9036 attn_iou=0.8500  [46.3s]
  [seed19] lr=0.0005 lam=5: best_epoch=140/150 val_P=0.8152 val_R=0.9494 val_F1=0.8772 attn_iou=0.8748  [46.2s]
  [seed19] lr=0.0005 lam=7: best_epoch=150/150 val_P=0.7255 val_R=0.9367 val_F1=0.8177 attn_iou=0.9033  [45.7s]
  [seed19] lr=0.0005 lam=10: best_epoch=110/150 val_P=0.7766 val_R=0.9241 val_F1=0.8439 attn_iou=0.9398  [45.9s]
  [seed19] lr=0.001 lam=0.1: best_epoch=130/150 val_P=0.7374 val_R=0.9241 val_F1=0.8202 attn_iou=0.6219  [45.9s]
  [seed19] lr=0.001 lam=0.3: best_epoch=140/150 val_P=0.7526 val_R=0.9241 val_F1=0.8295 attn_iou=0.7509  [46.1s]
  [seed19] lr=0.001 lam=0.5: best_epoch=140/150 val_P=0.7525 val_R=0.9620 val_F1=0.8444 attn_iou=0.7751  [46.0s]
  [seed19] lr=0.001 lam=0.7: best_epoch=150/150 val_P=0.8916 val_R=0.9367 val_F1=0.9136 attn_iou=0.8982  [46.6s]
  [seed19] lr=0.001 lam=1.0: best_epoch=135/150 val_P=0.7732 val_R=0.9494 val_F1=0.8523 attn_iou=0.8943  [46.5s]
  [seed19] lr=0.001 lam=3: best_epoch=90/150 val_P=0.7500 val_R=0.9114 val_F1=0.8229 attn_iou=0.8107  [46.2s]
  [seed19] lr=0.001 lam=5: best_epoch=120/150 val_P=0.7353 val_R=0.9494 val_F1=0.8287 attn_iou=0.8559  [46.1s]
  [seed19] lr=0.001 lam=7: best_epoch=150/150 val_P=0.8315 val_R=0.9367 val_F1=0.8810 attn_iou=0.9202  [46.6s]
  [seed19] lr=0.001 lam=10: best_epoch=125/150 val_P=0.8191 val_R=0.9747 val_F1=0.8902 attn_iou=0.9304  [46.0s]

======================================================================
[baseline] none（不加注意力监督）: val_F1 = 0.8464 ± 0.0369
        lr   lam_att   val_F1_mean  val_F1_std  best_epoch~
    0.0005       1.0        0.8540      0.0366        126.5
    0.0005         3        0.8512      0.0393        127.5
     0.001         7        0.8480      0.0289        127.5
     0.001       1.0        0.8428      0.0420        120.5
     0.001        10        0.8421      0.0435        125.5
    0.0005         5        0.8420      0.0372        127.5
    0.0005       0.5        0.8413      0.0230        126.0
    0.0005       0.7        0.8408      0.0419        121.5
    0.0005        10        0.8403      0.0476        138.5
    0.0005       0.1        0.8402      0.0308        128.0
    0.0005       0.3        0.8383      0.0362        137.5
     0.001         3        0.8372      0.0126        103.0
     0.001         5        0.8317      0.0220        130.5
     0.001       0.3        0.8292      0.0228        122.0
     0.001       0.7        0.8280      0.0454        133.5
     0.001       0.5        0.8271      0.0434        132.0
    0.0005         7        0.8212      0.0384        130.5
     0.001       0.1        0.8144      0.0551        125.0
    0.0002       0.1        0.8083      0.0469        135.5
    0.0002       0.3        0.8062      0.0547        138.0
    0.0002       0.5        0.8036      0.0551        127.0
    0.0002         3        0.7909      0.0417        134.5
    0.0002       0.7        0.7885      0.0434        125.5
    0.0002       1.0        0.7860      0.0444        130.0
    0.0002         5        0.7763      0.0462        128.5
    0.0002         7        0.7735      0.0506        126.5
    0.0002        10        0.7689      0.0448        133.5
======================================================================

>>> 最优组合（按 val_F1 均值选出）: lr=0.0005  lam_att=1.0  平均 best_epoch≈126.5
/home/yang/shuangquxian/ml/0728-parameter-search/attn_cnn_hparam_search.py:179: FutureWarning: You are using `torch.load` with `weights_only=False` (the current default value), which uses the default pickle module implicitly. It is possible to construct malicious pickle data which will execute arbitrary code during unpickling (See https://github.com/pytorch/pytorch/blob/main/SECURITY.md#untrusted-models for more details). In a future release, the default value for `weights_only` will be flipped to `True`. This limits the functions that could be executed during unpickling. Arbitrary objects will no longer be allowed to be loaded via this mode unless they are explicitly allowlisted by the user via `torch.serialization.add_safe_globals`. We recommend you start setting `weights_only=True` for any use case where you don't have full control of the loaded file. Please open an issue on GitHub for any issues related to this experimental feature.
  model.load_state_dict(torch.load(ckpt_path, map_location=base.device))
  [FINAL TEST] seed10: P=0.7215 R=0.8636 F1=0.7862 attn_iou=0.6599 gap=0.7450
  [FINAL TEST] seed11: P=0.8571 R=0.9429 F1=0.8980 attn_iou=0.8164 gap=0.8001
  [FINAL TEST] seed12: P=0.8152 R=0.9615 F1=0.8824 attn_iou=0.7143 gap=0.8890
  [FINAL TEST] seed13: P=0.7647 R=0.9286 F1=0.8387 attn_iou=0.7528 gap=0.8091
  [FINAL TEST] seed14: P=0.8630 R=0.9545 F1=0.9065 attn_iou=0.8039 gap=0.8066
  [FINAL TEST] seed15: P=0.8132 R=0.9610 F1=0.8810 attn_iou=0.7786 gap=0.7868
  [FINAL TEST] seed16: P=0.7619 R=0.9143 F1=0.8312 attn_iou=0.7732 gap=0.8348
  [FINAL TEST] seed17: P=0.7396 R=0.9103 F1=0.8161 attn_iou=0.7606 gap=0.8118
  [FINAL TEST] seed18: P=0.7656 R=0.8596 F1=0.8099 attn_iou=0.6920 gap=0.7089
  [FINAL TEST] seed19: P=0.8256 R=0.9342 F1=0.8765 attn_iou=0.8283 gap=0.8608

======================================================================
最终无偏 TEST 指标（lr=0.0005, lam_att=1.0，跨 10 个 seed 划分取平均）：
          bbox_P = 0.7927 ± 0.0463
          bbox_R = 0.9231 ± 0.0350
         bbox_F1 = 0.8526 ± 0.0393
   attn_band_iou = 0.7580 ± 0.0520
        attn_gap = 0.8053 ± 0.0493
======================================================================

Saved -> /home/yang/shuangquxian/ml/0728-parameter-search/attn_cnn_hparam_search_0728_1607
