nohup: ignoring input
Using device: cuda
[AttnDataset] 跳过 55/302 个缺失图片文件的标注: ['001_aug_1.jpg', '007_aug_1.jpg', '008_aug_1.jpg', '008_aug_2.jpg', '008_aug_4.jpg']...
[hparam_search] n_total=247 seeds=[10, 11, 12, 13, 14, 15, 16, 17, 18, 19] lr_grid=[0.0002, 0.0005, 0.001] lam_grid=[0.1, 0.3, 0.5, 0.7, 1.0, 3, 5, 7, 10] attn_mode=abs epochs=150 eval_every=5 split=0.7/0.15/0.15

=== seed 10  train=173 val=37 test=37 ===
/home/yang/miniconda3/envs/gpr/lib/python3.11/site-packages/torch/cuda/__init__.py:716: UserWarning: Can't initialize NVML
  warnings.warn("Can't initialize NVML")
/home/yang/miniconda3/envs/gpr/lib/python3.11/site-packages/torch/cuda/__init__.py:716: UserWarning: Can't initialize NVML
  warnings.warn("Can't initialize NVML")
  [seed10] none baseline: best_epoch=140/150 val_F1=0.8833  [39.3s]
  [seed10] lr=0.0002 lam=0.1: best_epoch=150/150 val_P=0.8065 val_R=0.8333 val_F1=0.8197 attn_iou=0.3801  [41.4s]
  [seed10] lr=0.0002 lam=0.3: best_epoch=50/150 val_P=0.8868 val_R=0.7833 val_F1=0.8319 attn_iou=0.3470  [42.1s]
  [seed10] lr=0.0002 lam=0.5: best_epoch=125/150 val_P=0.8167 val_R=0.8167 val_F1=0.8167 attn_iou=0.3841  [42.1s]
  [seed10] lr=0.0002 lam=0.7: best_epoch=150/150 val_P=0.8644 val_R=0.8500 val_F1=0.8571 attn_iou=0.3602  [42.0s]
  [seed10] lr=0.0002 lam=1.0: best_epoch=115/150 val_P=0.7606 val_R=0.9000 val_F1=0.8244 attn_iou=0.3816  [42.0s]
  [seed10] lr=0.0002 lam=3: best_epoch=125/150 val_P=0.7391 val_R=0.8500 val_F1=0.7907 attn_iou=0.4389  [42.0s]
  [seed10] lr=0.0002 lam=5: best_epoch=65/150 val_P=0.8281 val_R=0.8833 val_F1=0.8548 attn_iou=0.3805  [41.5s]
  [seed10] lr=0.0002 lam=7: best_epoch=130/150 val_P=0.8125 val_R=0.8667 val_F1=0.8387 attn_iou=0.4444  [35.2s]
  [seed10] lr=0.0002 lam=10: best_epoch=75/150 val_P=0.9074 val_R=0.8167 val_F1=0.8596 attn_iou=0.3928  [32.8s]
  [seed10] lr=0.0005 lam=0.1: best_epoch=140/150 val_P=0.8644 val_R=0.8500 val_F1=0.8571 attn_iou=0.4093  [32.7s]
  [seed10] lr=0.0005 lam=0.3: best_epoch=85/150 val_P=0.8028 val_R=0.9500 val_F1=0.8702 attn_iou=0.3985  [31.4s]
  [seed10] lr=0.0005 lam=0.5: best_epoch=100/150 val_P=0.8947 val_R=0.8500 val_F1=0.8718 attn_iou=0.3654  [31.2s]
  [seed10] lr=0.0005 lam=0.7: best_epoch=50/150 val_P=0.9107 val_R=0.8500 val_F1=0.8793 attn_iou=0.3873  [31.4s]
  [seed10] lr=0.0005 lam=1.0: best_epoch=75/150 val_P=0.8730 val_R=0.9167 val_F1=0.8943 attn_iou=0.3919  [31.5s]
  [seed10] lr=0.0005 lam=3: best_epoch=125/150 val_P=0.8889 val_R=0.9333 val_F1=0.9106 attn_iou=0.4400  [31.4s]
  [seed10] lr=0.0005 lam=5: best_epoch=75/150 val_P=0.8500 val_R=0.8500 val_F1=0.8500 attn_iou=0.4467  [31.3s]
  [seed10] lr=0.0005 lam=7: best_epoch=120/150 val_P=0.7808 val_R=0.9500 val_F1=0.8571 attn_iou=0.4594  [31.5s]
  [seed10] lr=0.0005 lam=10: best_epoch=150/150 val_P=0.8615 val_R=0.9333 val_F1=0.8960 attn_iou=0.4476  [31.5s]
  [seed10] lr=0.001 lam=0.1: best_epoch=90/150 val_P=0.8571 val_R=0.9000 val_F1=0.8780 attn_iou=0.3874  [31.1s]
  [seed10] lr=0.001 lam=0.3: best_epoch=140/150 val_P=0.7887 val_R=0.9333 val_F1=0.8550 attn_iou=0.4338  [31.4s]
  [seed10] lr=0.001 lam=0.5: best_epoch=150/150 val_P=0.8235 val_R=0.9333 val_F1=0.8750 attn_iou=0.4055  [31.5s]
  [seed10] lr=0.001 lam=0.7: best_epoch=105/150 val_P=0.7887 val_R=0.9333 val_F1=0.8550 attn_iou=0.4017  [31.2s]
  [seed10] lr=0.001 lam=1.0: best_epoch=50/150 val_P=0.8030 val_R=0.8833 val_F1=0.8413 attn_iou=0.4051  [31.4s]
  [seed10] lr=0.001 lam=3: best_epoch=140/150 val_P=0.8438 val_R=0.9000 val_F1=0.8710 attn_iou=0.4443  [31.3s]
  [seed10] lr=0.001 lam=5: best_epoch=130/150 val_P=0.8594 val_R=0.9167 val_F1=0.8871 attn_iou=0.4582  [31.5s]
  [seed10] lr=0.001 lam=7: best_epoch=50/150 val_P=0.8254 val_R=0.8667 val_F1=0.8455 attn_iou=0.4364  [31.5s]
  [seed10] lr=0.001 lam=10: best_epoch=110/150 val_P=0.8209 val_R=0.9167 val_F1=0.8661 attn_iou=0.4725  [31.1s]

=== seed 11  train=173 val=37 test=37 ===
  [seed11] none baseline: best_epoch=70/150 val_F1=0.7957  [28.5s]
  [seed11] lr=0.0002 lam=0.1: best_epoch=100/150 val_P=0.7826 val_R=0.7660 val_F1=0.7742 attn_iou=0.3595  [31.3s]
  [seed11] lr=0.0002 lam=0.3: best_epoch=150/150 val_P=0.7273 val_R=0.8511 val_F1=0.7843 attn_iou=0.3415  [31.4s]
  [seed11] lr=0.0002 lam=0.5: best_epoch=120/150 val_P=0.7308 val_R=0.8085 val_F1=0.7677 attn_iou=0.3806  [31.5s]
  [seed11] lr=0.0002 lam=0.7: best_epoch=100/150 val_P=0.8250 val_R=0.7021 val_F1=0.7586 attn_iou=0.2718  [31.2s]
  [seed11] lr=0.0002 lam=1.0: best_epoch=140/150 val_P=0.8372 val_R=0.7660 val_F1=0.8000 attn_iou=0.3736  [31.4s]
  [seed11] lr=0.0002 lam=3: best_epoch=115/150 val_P=0.7959 val_R=0.8298 val_F1=0.8125 attn_iou=0.3553  [31.4s]
  [seed11] lr=0.0002 lam=5: best_epoch=115/150 val_P=0.8085 val_R=0.8085 val_F1=0.8085 attn_iou=0.3832  [31.4s]
  [seed11] lr=0.0002 lam=7: best_epoch=140/150 val_P=0.8542 val_R=0.8723 val_F1=0.8632 attn_iou=0.3809  [31.2s]
  [seed11] lr=0.0002 lam=10: best_epoch=90/150 val_P=0.8095 val_R=0.7234 val_F1=0.7640 attn_iou=0.4060  [31.4s]
  [seed11] lr=0.0005 lam=0.1: best_epoch=95/150 val_P=0.8542 val_R=0.8723 val_F1=0.8632 attn_iou=0.3738  [31.5s]
  [seed11] lr=0.0005 lam=0.3: best_epoch=115/150 val_P=0.8810 val_R=0.7872 val_F1=0.8315 attn_iou=0.3731  [31.6s]
  [seed11] lr=0.0005 lam=0.5: best_epoch=120/150 val_P=0.9024 val_R=0.7872 val_F1=0.8409 attn_iou=0.3583  [31.2s]
  [seed11] lr=0.0005 lam=0.7: best_epoch=140/150 val_P=0.9048 val_R=0.8085 val_F1=0.8539 attn_iou=0.3745  [31.4s]
  [seed11] lr=0.0005 lam=1.0: best_epoch=120/150 val_P=0.7692 val_R=0.8511 val_F1=0.8081 attn_iou=0.4028  [31.2s]
  [seed11] lr=0.0005 lam=3: best_epoch=135/150 val_P=0.8269 val_R=0.9149 val_F1=0.8687 attn_iou=0.4128  [31.4s]
  [seed11] lr=0.0005 lam=5: best_epoch=120/150 val_P=0.8605 val_R=0.7872 val_F1=0.8222 attn_iou=0.3582  [31.3s]
  [seed11] lr=0.0005 lam=7: best_epoch=125/150 val_P=0.8235 val_R=0.8936 val_F1=0.8571 attn_iou=0.4200  [31.6s]
  [seed11] lr=0.0005 lam=10: best_epoch=110/150 val_P=0.9070 val_R=0.8298 val_F1=0.8667 attn_iou=0.4055  [31.2s]
  [seed11] lr=0.001 lam=0.1: best_epoch=120/150 val_P=0.8261 val_R=0.8085 val_F1=0.8172 attn_iou=0.4018  [31.4s]
  [seed11] lr=0.001 lam=0.3: best_epoch=125/150 val_P=0.8261 val_R=0.8085 val_F1=0.8172 attn_iou=0.3845  [31.3s]
  [seed11] lr=0.001 lam=0.5: best_epoch=115/150 val_P=0.7959 val_R=0.8298 val_F1=0.8125 attn_iou=0.4328  [31.3s]
  [seed11] lr=0.001 lam=0.7: best_epoch=150/150 val_P=0.8667 val_R=0.8298 val_F1=0.8478 attn_iou=0.4026  [31.4s]
  [seed11] lr=0.001 lam=1.0: best_epoch=95/150 val_P=0.9091 val_R=0.8511 val_F1=0.8791 attn_iou=0.3740  [31.6s]
  [seed11] lr=0.001 lam=3: best_epoch=115/150 val_P=0.8542 val_R=0.8723 val_F1=0.8632 attn_iou=0.4045  [31.5s]
  [seed11] lr=0.001 lam=5: best_epoch=140/150 val_P=0.8163 val_R=0.8511 val_F1=0.8333 attn_iou=0.4108  [31.7s]
  [seed11] lr=0.001 lam=7: best_epoch=135/150 val_P=0.8125 val_R=0.8298 val_F1=0.8211 attn_iou=0.3984  [31.4s]
  [seed11] lr=0.001 lam=10: best_epoch=60/150 val_P=0.7818 val_R=0.9149 val_F1=0.8431 attn_iou=0.3629  [31.3s]

=== seed 12  train=173 val=37 test=37 ===
  [seed12] none baseline: best_epoch=85/150 val_F1=0.8036  [28.4s]
  [seed12] lr=0.0002 lam=0.1: best_epoch=125/150 val_P=0.7167 val_R=0.7818 val_F1=0.7478 attn_iou=0.3226  [31.2s]
  [seed12] lr=0.0002 lam=0.3: best_epoch=140/150 val_P=0.7097 val_R=0.8000 val_F1=0.7521 attn_iou=0.3616  [31.6s]
  [seed12] lr=0.0002 lam=0.5: best_epoch=140/150 val_P=0.6757 val_R=0.9091 val_F1=0.7752 attn_iou=0.3932  [31.3s]
  [seed12] lr=0.0002 lam=0.7: best_epoch=145/150 val_P=0.7288 val_R=0.7818 val_F1=0.7544 attn_iou=0.3933  [31.3s]
  [seed12] lr=0.0002 lam=1.0: best_epoch=120/150 val_P=0.7097 val_R=0.8000 val_F1=0.7521 attn_iou=0.3690  [31.2s]
  [seed12] lr=0.0002 lam=3: best_epoch=95/150 val_P=0.6184 val_R=0.8545 val_F1=0.7176 attn_iou=0.3880  [31.5s]
  [seed12] lr=0.0002 lam=5: best_epoch=140/150 val_P=0.7077 val_R=0.8364 val_F1=0.7667 attn_iou=0.3793  [31.5s]
  [seed12] lr=0.0002 lam=7: best_epoch=120/150 val_P=0.6667 val_R=0.8364 val_F1=0.7419 attn_iou=0.3854  [31.5s]
  [seed12] lr=0.0002 lam=10: best_epoch=120/150 val_P=0.6567 val_R=0.8000 val_F1=0.7213 attn_iou=0.3794  [31.5s]
  [seed12] lr=0.0005 lam=0.1: best_epoch=135/150 val_P=0.8302 val_R=0.8000 val_F1=0.8148 attn_iou=0.3496  [31.5s]
  [seed12] lr=0.0005 lam=0.3: best_epoch=100/150 val_P=0.7759 val_R=0.8182 val_F1=0.7965 attn_iou=0.3618  [31.3s]
  [seed12] lr=0.0005 lam=0.5: best_epoch=150/150 val_P=0.7302 val_R=0.8364 val_F1=0.7797 attn_iou=0.3502  [31.3s]
  [seed12] lr=0.0005 lam=0.7: best_epoch=150/150 val_P=0.7931 val_R=0.8364 val_F1=0.8142 attn_iou=0.3951  [31.4s]
  [seed12] lr=0.0005 lam=1.0: best_epoch=120/150 val_P=0.8333 val_R=0.8182 val_F1=0.8257 attn_iou=0.3700  [31.4s]
  [seed12] lr=0.0005 lam=3: best_epoch=95/150 val_P=0.7419 val_R=0.8364 val_F1=0.7863 attn_iou=0.4179  [31.5s]
  [seed12] lr=0.0005 lam=5: best_epoch=100/150 val_P=0.8070 val_R=0.8364 val_F1=0.8214 attn_iou=0.4105  [31.5s]
  [seed12] lr=0.0005 lam=7: best_epoch=95/150 val_P=0.7288 val_R=0.7818 val_F1=0.7544 attn_iou=0.3941  [31.5s]
  [seed12] lr=0.0005 lam=10: best_epoch=140/150 val_P=0.7015 val_R=0.8545 val_F1=0.7705 attn_iou=0.4203  [31.3s]
  [seed12] lr=0.001 lam=0.1: best_epoch=135/150 val_P=0.7541 val_R=0.8364 val_F1=0.7931 attn_iou=0.3590  [31.3s]
  [seed12] lr=0.001 lam=0.3: best_epoch=120/150 val_P=0.7619 val_R=0.8727 val_F1=0.8136 attn_iou=0.3625  [31.3s]
  [seed12] lr=0.001 lam=0.5: best_epoch=130/150 val_P=0.7619 val_R=0.8727 val_F1=0.8136 attn_iou=0.3879  [31.3s]
  [seed12] lr=0.001 lam=0.7: best_epoch=130/150 val_P=0.7966 val_R=0.8545 val_F1=0.8246 attn_iou=0.3908  [31.2s]
  [seed12] lr=0.001 lam=1.0: best_epoch=55/150 val_P=0.7581 val_R=0.8545 val_F1=0.8034 attn_iou=0.2999  [31.3s]
  [seed12] lr=0.001 lam=3: best_epoch=135/150 val_P=0.7705 val_R=0.8545 val_F1=0.8103 attn_iou=0.4191  [31.4s]
  [seed12] lr=0.001 lam=5: best_epoch=75/150 val_P=0.7344 val_R=0.8545 val_F1=0.7899 attn_iou=0.4175  [31.6s]
  [seed12] lr=0.001 lam=7: best_epoch=75/150 val_P=0.7538 val_R=0.8909 val_F1=0.8167 attn_iou=0.4109  [31.2s]
  [seed12] lr=0.001 lam=10: best_epoch=125/150 val_P=0.7385 val_R=0.8727 val_F1=0.8000 attn_iou=0.4247  [31.5s]

=== seed 13  train=173 val=37 test=37 ===
  [seed13] none baseline: best_epoch=140/150 val_F1=0.8246  [28.5s]
  [seed13] lr=0.0002 lam=0.1: best_epoch=120/150 val_P=0.8136 val_R=0.8276 val_F1=0.8205 attn_iou=0.3276  [31.1s]
  [seed13] lr=0.0002 lam=0.3: best_epoch=130/150 val_P=0.8364 val_R=0.7931 val_F1=0.8142 attn_iou=0.3447  [31.5s]
  [seed13] lr=0.0002 lam=0.5: best_epoch=140/150 val_P=0.8070 val_R=0.7931 val_F1=0.8000 attn_iou=0.3438  [31.4s]
  [seed13] lr=0.0002 lam=0.7: best_epoch=130/150 val_P=0.8246 val_R=0.8103 val_F1=0.8174 attn_iou=0.3051  [31.5s]
  [seed13] lr=0.0002 lam=1.0: best_epoch=130/150 val_P=0.9130 val_R=0.7241 val_F1=0.8077 attn_iou=0.3427  [31.3s]
  [seed13] lr=0.0002 lam=3: best_epoch=115/150 val_P=0.8393 val_R=0.8103 val_F1=0.8246 attn_iou=0.3422  [31.5s]
  [seed13] lr=0.0002 lam=5: best_epoch=130/150 val_P=0.8462 val_R=0.7586 val_F1=0.8000 attn_iou=0.3357  [31.4s]
  [seed13] lr=0.0002 lam=7: best_epoch=55/150 val_P=0.8136 val_R=0.8276 val_F1=0.8205 attn_iou=0.2975  [31.5s]
  [seed13] lr=0.0002 lam=10: best_epoch=120/150 val_P=0.8393 val_R=0.8103 val_F1=0.8246 attn_iou=0.3519  [31.4s]
  [seed13] lr=0.0005 lam=0.1: best_epoch=115/150 val_P=0.8909 val_R=0.8448 val_F1=0.8673 attn_iou=0.3095  [31.7s]
  [seed13] lr=0.0005 lam=0.3: best_epoch=135/150 val_P=0.9020 val_R=0.7931 val_F1=0.8440 attn_iou=0.3064  [31.5s]
  [seed13] lr=0.0005 lam=0.5: best_epoch=135/150 val_P=0.8772 val_R=0.8621 val_F1=0.8696 attn_iou=0.3518  [31.4s]
  [seed13] lr=0.0005 lam=0.7: best_epoch=95/150 val_P=0.9184 val_R=0.7759 val_F1=0.8411 attn_iou=0.3523  [31.2s]
  [seed13] lr=0.0005 lam=1.0: best_epoch=115/150 val_P=0.8889 val_R=0.8276 val_F1=0.8571 attn_iou=0.3509  [31.4s]
  [seed13] lr=0.0005 lam=3: best_epoch=125/150 val_P=0.7727 val_R=0.8793 val_F1=0.8226 attn_iou=0.3561  [31.4s]
  [seed13] lr=0.0005 lam=5: best_epoch=150/150 val_P=0.8000 val_R=0.8966 val_F1=0.8455 attn_iou=0.3683  [31.2s]
  [seed13] lr=0.0005 lam=7: best_epoch=145/150 val_P=0.7812 val_R=0.8621 val_F1=0.8197 attn_iou=0.3314  [31.4s]
  [seed13] lr=0.0005 lam=10: best_epoch=105/150 val_P=0.8167 val_R=0.8448 val_F1=0.8305 attn_iou=0.3307  [31.5s]
  [seed13] lr=0.001 lam=0.1: best_epoch=135/150 val_P=0.9792 val_R=0.8103 val_F1=0.8868 attn_iou=0.3729  [31.3s]
  [seed13] lr=0.001 lam=0.3: best_epoch=125/150 val_P=0.8644 val_R=0.8793 val_F1=0.8718 attn_iou=0.3583  [31.5s]
  [seed13] lr=0.001 lam=0.5: best_epoch=145/150 val_P=0.8833 val_R=0.9138 val_F1=0.8983 attn_iou=0.3546  [31.2s]
  [seed13] lr=0.001 lam=0.7: best_epoch=140/150 val_P=0.9592 val_R=0.8103 val_F1=0.8785 attn_iou=0.3830  [31.4s]
  [seed13] lr=0.001 lam=1.0: best_epoch=110/150 val_P=0.9057 val_R=0.8276 val_F1=0.8649 attn_iou=0.3711  [31.2s]
  [seed13] lr=0.001 lam=3: best_epoch=135/150 val_P=0.8596 val_R=0.8448 val_F1=0.8522 attn_iou=0.3386  [31.2s]
  [seed13] lr=0.001 lam=5: best_epoch=115/150 val_P=0.9412 val_R=0.8276 val_F1=0.8807 attn_iou=0.3697  [31.5s]
  [seed13] lr=0.001 lam=7: best_epoch=100/150 val_P=0.7937 val_R=0.8621 val_F1=0.8264 attn_iou=0.3687  [32.1s]
  [seed13] lr=0.001 lam=10: best_epoch=120/150 val_P=0.9038 val_R=0.8103 val_F1=0.8545 attn_iou=0.3505  [31.4s]

=== seed 14  train=173 val=37 test=37 ===
  [seed14] none baseline: best_epoch=85/150 val_F1=0.8393  [28.5s]
  [seed14] lr=0.0002 lam=0.1: best_epoch=105/150 val_P=0.8246 val_R=0.8704 val_F1=0.8468 attn_iou=0.3468  [31.4s]
  [seed14] lr=0.0002 lam=0.3: best_epoch=120/150 val_P=0.7705 val_R=0.8704 val_F1=0.8174 attn_iou=0.3668  [31.4s]
  [seed14] lr=0.0002 lam=0.5: best_epoch=150/150 val_P=0.8393 val_R=0.8704 val_F1=0.8545 attn_iou=0.3908  [31.3s]
  [seed14] lr=0.0002 lam=0.7: best_epoch=125/150 val_P=0.8036 val_R=0.8333 val_F1=0.8182 attn_iou=0.3621  [31.4s]
  [seed14] lr=0.0002 lam=1.0: best_epoch=125/150 val_P=0.8182 val_R=0.8333 val_F1=0.8257 attn_iou=0.3064  [31.1s]
  [seed14] lr=0.0002 lam=3: best_epoch=50/150 val_P=0.7500 val_R=0.8333 val_F1=0.7895 attn_iou=0.3677  [31.4s]
  [seed14] lr=0.0002 lam=5: best_epoch=50/150 val_P=0.8519 val_R=0.8519 val_F1=0.8519 attn_iou=0.3505  [31.2s]
  [seed14] lr=0.0002 lam=7: best_epoch=100/150 val_P=0.8545 val_R=0.8704 val_F1=0.8624 attn_iou=0.3993  [31.4s]
  [seed14] lr=0.0002 lam=10: best_epoch=130/150 val_P=0.8214 val_R=0.8519 val_F1=0.8364 attn_iou=0.3878  [31.2s]
  [seed14] lr=0.0005 lam=0.1: best_epoch=95/150 val_P=0.8448 val_R=0.9074 val_F1=0.8750 attn_iou=0.3628  [31.3s]
  [seed14] lr=0.0005 lam=0.3: best_epoch=140/150 val_P=0.8846 val_R=0.8519 val_F1=0.8679 attn_iou=0.3880  [31.5s]
  [seed14] lr=0.0005 lam=0.5: best_epoch=150/150 val_P=0.8393 val_R=0.8704 val_F1=0.8545 attn_iou=0.4042  [31.3s]
  [seed14] lr=0.0005 lam=0.7: best_epoch=145/150 val_P=0.8776 val_R=0.7963 val_F1=0.8350 attn_iou=0.3623  [31.4s]
  [seed14] lr=0.0005 lam=1.0: best_epoch=140/150 val_P=0.8305 val_R=0.9074 val_F1=0.8673 attn_iou=0.4036  [31.4s]
  [seed14] lr=0.0005 lam=3: best_epoch=150/150 val_P=0.8136 val_R=0.8889 val_F1=0.8496 attn_iou=0.4278  [31.6s]
  [seed14] lr=0.0005 lam=5: best_epoch=100/150 val_P=0.7692 val_R=0.9259 val_F1=0.8403 attn_iou=0.4299  [31.3s]
  [seed14] lr=0.0005 lam=7: best_epoch=40/150 val_P=0.7742 val_R=0.8889 val_F1=0.8276 attn_iou=0.3852  [31.2s]
  [seed14] lr=0.0005 lam=10: best_epoch=115/150 val_P=0.8103 val_R=0.8704 val_F1=0.8393 attn_iou=0.4198  [31.5s]
  [seed14] lr=0.001 lam=0.1: best_epoch=120/150 val_P=0.7966 val_R=0.8704 val_F1=0.8319 attn_iou=0.3856  [31.6s]
  [seed14] lr=0.001 lam=0.3: best_epoch=120/150 val_P=0.8846 val_R=0.8519 val_F1=0.8679 attn_iou=0.4147  [31.6s]
  [seed14] lr=0.001 lam=0.5: best_epoch=105/150 val_P=0.8596 val_R=0.9074 val_F1=0.8829 attn_iou=0.4060  [31.4s]
  [seed14] lr=0.001 lam=0.7: best_epoch=90/150 val_P=0.9057 val_R=0.8889 val_F1=0.8972 attn_iou=0.3965  [31.2s]
  [seed14] lr=0.001 lam=1.0: best_epoch=120/150 val_P=0.8679 val_R=0.8519 val_F1=0.8598 attn_iou=0.3936  [31.4s]
  [seed14] lr=0.001 lam=3: best_epoch=85/150 val_P=0.8136 val_R=0.8889 val_F1=0.8496 attn_iou=0.4163  [31.4s]
  [seed14] lr=0.001 lam=5: best_epoch=65/150 val_P=0.8276 val_R=0.8889 val_F1=0.8571 attn_iou=0.4277  [31.4s]
  [seed14] lr=0.001 lam=7: best_epoch=70/150 val_P=0.8727 val_R=0.8889 val_F1=0.8807 attn_iou=0.4224  [31.4s]
  [seed14] lr=0.001 lam=10: best_epoch=85/150 val_P=0.8197 val_R=0.9259 val_F1=0.8696 attn_iou=0.4315  [31.5s]

=== seed 15  train=173 val=37 test=37 ===
  [seed15] none baseline: best_epoch=130/150 val_F1=0.8108  [28.4s]
  [seed15] lr=0.0002 lam=0.1: best_epoch=150/150 val_P=0.8214 val_R=0.8846 val_F1=0.8519 attn_iou=0.3768  [31.4s]
  [seed15] lr=0.0002 lam=0.3: best_epoch=85/150 val_P=0.8627 val_R=0.8462 val_F1=0.8544 attn_iou=0.3372  [31.3s]
  [seed15] lr=0.0002 lam=0.5: best_epoch=95/150 val_P=0.8302 val_R=0.8462 val_F1=0.8381 attn_iou=0.3672  [31.5s]
  [seed15] lr=0.0002 lam=0.7: best_epoch=45/150 val_P=0.8103 val_R=0.9038 val_F1=0.8545 attn_iou=0.3349  [31.4s]
  [seed15] lr=0.0002 lam=1.0: best_epoch=45/150 val_P=0.8704 val_R=0.9038 val_F1=0.8868 attn_iou=0.3499  [31.4s]
  [seed15] lr=0.0002 lam=3: best_epoch=75/150 val_P=0.7931 val_R=0.8846 val_F1=0.8364 attn_iou=0.3803  [31.3s]
  [seed15] lr=0.0002 lam=5: best_epoch=135/150 val_P=0.8036 val_R=0.8654 val_F1=0.8333 attn_iou=0.4077  [31.4s]
  [seed15] lr=0.0002 lam=7: best_epoch=135/150 val_P=0.7705 val_R=0.9038 val_F1=0.8319 attn_iou=0.4100  [31.5s]
  [seed15] lr=0.0002 lam=10: best_epoch=145/150 val_P=0.7377 val_R=0.8654 val_F1=0.7965 attn_iou=0.3719  [31.4s]
  [seed15] lr=0.0005 lam=0.1: best_epoch=85/150 val_P=0.8000 val_R=0.8462 val_F1=0.8224 attn_iou=0.3557  [31.6s]
  [seed15] lr=0.0005 lam=0.3: best_epoch=120/150 val_P=0.8000 val_R=0.9231 val_F1=0.8571 attn_iou=0.3851  [31.4s]
  [seed15] lr=0.0005 lam=0.5: best_epoch=150/150 val_P=0.8103 val_R=0.9038 val_F1=0.8545 attn_iou=0.3980  [31.3s]
  [seed15] lr=0.0005 lam=0.7: best_epoch=60/150 val_P=0.8421 val_R=0.9231 val_F1=0.8807 attn_iou=0.3067  [31.4s]
  [seed15] lr=0.0005 lam=1.0: best_epoch=100/150 val_P=0.9038 val_R=0.9038 val_F1=0.9038 attn_iou=0.3956  [31.4s]
  [seed15] lr=0.0005 lam=3: best_epoch=65/150 val_P=0.8364 val_R=0.8846 val_F1=0.8598 attn_iou=0.3792  [31.1s]
  [seed15] lr=0.0005 lam=5: best_epoch=85/150 val_P=0.9000 val_R=0.8654 val_F1=0.8824 attn_iou=0.3831  [31.2s]
  [seed15] lr=0.0005 lam=7: best_epoch=85/150 val_P=0.8571 val_R=0.9231 val_F1=0.8889 attn_iou=0.4076  [31.3s]
  [seed15] lr=0.0005 lam=10: best_epoch=95/150 val_P=0.7742 val_R=0.9231 val_F1=0.8421 attn_iou=0.4045  [31.3s]
  [seed15] lr=0.001 lam=0.1: best_epoch=130/150 val_P=0.8333 val_R=0.8654 val_F1=0.8491 attn_iou=0.3868  [31.4s]
  [seed15] lr=0.001 lam=0.3: best_epoch=115/150 val_P=0.8704 val_R=0.9038 val_F1=0.8868 attn_iou=0.4110  [31.2s]
  [seed15] lr=0.001 lam=0.5: best_epoch=95/150 val_P=0.8214 val_R=0.8846 val_F1=0.8519 attn_iou=0.4123  [31.6s]
  [seed15] lr=0.001 lam=0.7: best_epoch=60/150 val_P=0.8868 val_R=0.9038 val_F1=0.8952 attn_iou=0.3182  [31.7s]
  [seed15] lr=0.001 lam=1.0: best_epoch=85/150 val_P=0.8727 val_R=0.9231 val_F1=0.8972 attn_iou=0.3682  [31.4s]
  [seed15] lr=0.001 lam=3: best_epoch=45/150 val_P=0.8545 val_R=0.9038 val_F1=0.8785 attn_iou=0.3705  [31.3s]
  [seed15] lr=0.001 lam=5: best_epoch=50/150 val_P=0.8269 val_R=0.8269 val_F1=0.8269 attn_iou=0.4057  [31.4s]
  [seed15] lr=0.001 lam=7: best_epoch=70/150 val_P=0.8103 val_R=0.9038 val_F1=0.8545 attn_iou=0.3739  [31.5s]
  [seed15] lr=0.001 lam=10: best_epoch=45/150 val_P=0.7656 val_R=0.9423 val_F1=0.8448 attn_iou=0.4244  [31.4s]

=== seed 16  train=173 val=37 test=37 ===
  [seed16] none baseline: best_epoch=95/150 val_F1=0.7907  [28.8s]
  [seed16] lr=0.0002 lam=0.1: best_epoch=150/150 val_P=0.7091 val_R=0.8864 val_F1=0.7879 attn_iou=0.3255  [31.6s]
  [seed16] lr=0.0002 lam=0.3: best_epoch=120/150 val_P=0.7755 val_R=0.8636 val_F1=0.8172 attn_iou=0.3253  [31.3s]
  [seed16] lr=0.0002 lam=0.5: best_epoch=120/150 val_P=0.8182 val_R=0.8182 val_F1=0.8182 attn_iou=0.3079  [31.6s]
  [seed16] lr=0.0002 lam=0.7: best_epoch=120/150 val_P=0.7347 val_R=0.8182 val_F1=0.7742 attn_iou=0.2850  [31.0s]
  [seed16] lr=0.0002 lam=1.0: best_epoch=105/150 val_P=0.7955 val_R=0.7955 val_F1=0.7955 attn_iou=0.3173  [31.4s]
  [seed16] lr=0.0002 lam=3: best_epoch=105/150 val_P=0.8974 val_R=0.7955 val_F1=0.8434 attn_iou=0.3411  [31.5s]
  [seed16] lr=0.0002 lam=5: best_epoch=120/150 val_P=0.7907 val_R=0.7727 val_F1=0.7816 attn_iou=0.3531  [31.5s]
  [seed16] lr=0.0002 lam=7: best_epoch=90/150 val_P=0.8000 val_R=0.8182 val_F1=0.8090 attn_iou=0.2752  [31.2s]
  [seed16] lr=0.0002 lam=10: best_epoch=105/150 val_P=0.7400 val_R=0.8409 val_F1=0.7872 attn_iou=0.3556  [31.2s]
  [seed16] lr=0.0005 lam=0.1: best_epoch=55/150 val_P=0.7500 val_R=0.8864 val_F1=0.8125 attn_iou=0.3183  [31.5s]
  [seed16] lr=0.0005 lam=0.3: best_epoch=135/150 val_P=0.8261 val_R=0.8636 val_F1=0.8444 attn_iou=0.3403  [31.4s]
  [seed16] lr=0.0005 lam=0.5: best_epoch=140/150 val_P=0.9474 val_R=0.8182 val_F1=0.8780 attn_iou=0.3530  [31.6s]
  [seed16] lr=0.0005 lam=0.7: best_epoch=125/150 val_P=0.8000 val_R=0.8182 val_F1=0.8090 attn_iou=0.3726  [31.4s]
  [seed16] lr=0.0005 lam=1.0: best_epoch=140/150 val_P=0.8261 val_R=0.8636 val_F1=0.8444 attn_iou=0.3872  [31.5s]
  [seed16] lr=0.0005 lam=3: best_epoch=75/150 val_P=0.7755 val_R=0.8636 val_F1=0.8172 attn_iou=0.2973  [31.5s]
  [seed16] lr=0.0005 lam=5: best_epoch=60/150 val_P=0.8261 val_R=0.8636 val_F1=0.8444 attn_iou=0.3193  [31.2s]
  [seed16] lr=0.0005 lam=7: best_epoch=75/150 val_P=0.8043 val_R=0.8409 val_F1=0.8222 attn_iou=0.3558  [31.6s]
  [seed16] lr=0.0005 lam=10: best_epoch=140/150 val_P=0.8298 val_R=0.8864 val_F1=0.8571 attn_iou=0.3929  [31.3s]
  [seed16] lr=0.001 lam=0.1: best_epoch=115/150 val_P=0.8222 val_R=0.8409 val_F1=0.8315 attn_iou=0.3204  [31.2s]
  [seed16] lr=0.001 lam=0.3: best_epoch=55/150 val_P=0.8000 val_R=0.8182 val_F1=0.8090 attn_iou=0.3496  [31.6s]
  [seed16] lr=0.001 lam=0.5: best_epoch=130/150 val_P=0.7826 val_R=0.8182 val_F1=0.8000 attn_iou=0.3742  [31.3s]
  [seed16] lr=0.001 lam=0.7: best_epoch=105/150 val_P=0.8571 val_R=0.8182 val_F1=0.8372 attn_iou=0.3401  [31.4s]
  [seed16] lr=0.001 lam=1.0: best_epoch=60/150 val_P=0.8409 val_R=0.8409 val_F1=0.8409 attn_iou=0.3578  [31.3s]
  [seed16] lr=0.001 lam=3: best_epoch=115/150 val_P=0.8605 val_R=0.8409 val_F1=0.8506 attn_iou=0.3577  [31.1s]
  [seed16] lr=0.001 lam=5: best_epoch=40/150 val_P=0.7872 val_R=0.8409 val_F1=0.8132 attn_iou=0.3805  [31.6s]
  [seed16] lr=0.001 lam=7: best_epoch=100/150 val_P=0.7755 val_R=0.8636 val_F1=0.8172 attn_iou=0.3316  [31.2s]
  [seed16] lr=0.001 lam=10: best_epoch=40/150 val_P=0.7755 val_R=0.8636 val_F1=0.8172 attn_iou=0.3952  [31.2s]

=== seed 17  train=173 val=37 test=37 ===
  [seed17] none baseline: best_epoch=150/150 val_F1=0.8305  [28.3s]
  [seed17] lr=0.0002 lam=0.1: best_epoch=145/150 val_P=0.7869 val_R=0.8889 val_F1=0.8348 attn_iou=0.3674  [31.5s]
  [seed17] lr=0.0002 lam=0.3: best_epoch=130/150 val_P=0.7581 val_R=0.8704 val_F1=0.8103 attn_iou=0.4104  [31.3s]
  [seed17] lr=0.0002 lam=0.5: best_epoch=125/150 val_P=0.8519 val_R=0.8519 val_F1=0.8519 attn_iou=0.3392  [31.6s]
  [seed17] lr=0.0002 lam=0.7: best_epoch=150/150 val_P=0.8333 val_R=0.8333 val_F1=0.8333 attn_iou=0.2936  [31.4s]
  [seed17] lr=0.0002 lam=1.0: best_epoch=130/150 val_P=0.8431 val_R=0.7963 val_F1=0.8190 attn_iou=0.3629  [31.4s]
  [seed17] lr=0.0002 lam=3: best_epoch=125/150 val_P=0.8333 val_R=0.8333 val_F1=0.8333 attn_iou=0.3344  [31.3s]
  [seed17] lr=0.0002 lam=5: best_epoch=140/150 val_P=0.7719 val_R=0.8148 val_F1=0.7928 attn_iou=0.3680  [31.7s]
  [seed17] lr=0.0002 lam=7: best_epoch=120/150 val_P=0.7759 val_R=0.8333 val_F1=0.8036 attn_iou=0.3426  [31.5s]
  [seed17] lr=0.0002 lam=10: best_epoch=135/150 val_P=0.8070 val_R=0.8519 val_F1=0.8288 attn_iou=0.3676  [31.6s]
  [seed17] lr=0.0005 lam=0.1: best_epoch=125/150 val_P=0.7692 val_R=0.9259 val_F1=0.8403 attn_iou=0.3811  [31.4s]
  [seed17] lr=0.0005 lam=0.3: best_epoch=140/150 val_P=0.8333 val_R=0.8333 val_F1=0.8333 attn_iou=0.4014  [31.5s]
  [seed17] lr=0.0005 lam=0.5: best_epoch=35/150 val_P=0.8036 val_R=0.8333 val_F1=0.8182 attn_iou=0.3653  [31.3s]
  [seed17] lr=0.0005 lam=0.7: best_epoch=100/150 val_P=0.8727 val_R=0.8889 val_F1=0.8807 attn_iou=0.4248  [31.4s]
  [seed17] lr=0.0005 lam=1.0: best_epoch=120/150 val_P=0.8704 val_R=0.8704 val_F1=0.8704 attn_iou=0.2962  [31.5s]
  [seed17] lr=0.0005 lam=3: best_epoch=95/150 val_P=0.8000 val_R=0.8889 val_F1=0.8421 attn_iou=0.3508  [31.2s]
  [seed17] lr=0.0005 lam=5: best_epoch=120/150 val_P=0.9091 val_R=0.9259 val_F1=0.9174 attn_iou=0.3756  [31.5s]
  [seed17] lr=0.0005 lam=7: best_epoch=150/150 val_P=0.8750 val_R=0.9074 val_F1=0.8909 attn_iou=0.4064  [31.4s]
  [seed17] lr=0.0005 lam=10: best_epoch=125/150 val_P=0.8545 val_R=0.8704 val_F1=0.8624 attn_iou=0.3796  [31.4s]
  [seed17] lr=0.001 lam=0.1: best_epoch=150/150 val_P=0.8727 val_R=0.8889 val_F1=0.8807 attn_iou=0.4127  [31.4s]
  [seed17] lr=0.001 lam=0.3: best_epoch=115/150 val_P=0.8621 val_R=0.9259 val_F1=0.8929 attn_iou=0.4111  [31.4s]
  [seed17] lr=0.001 lam=0.5: best_epoch=120/150 val_P=0.8475 val_R=0.9259 val_F1=0.8850 attn_iou=0.3788  [31.3s]
  [seed17] lr=0.001 lam=0.7: best_epoch=110/150 val_P=0.8909 val_R=0.9074 val_F1=0.8991 attn_iou=0.4241  [31.6s]
  [seed17] lr=0.001 lam=1.0: best_epoch=145/150 val_P=0.8500 val_R=0.9444 val_F1=0.8947 attn_iou=0.3903  [31.3s]
  [seed17] lr=0.001 lam=3: best_epoch=145/150 val_P=0.8276 val_R=0.8889 val_F1=0.8571 attn_iou=0.4067  [31.4s]
  [seed17] lr=0.001 lam=5: best_epoch=110/150 val_P=0.8475 val_R=0.9259 val_F1=0.8850 attn_iou=0.4201  [31.3s]
  [seed17] lr=0.001 lam=7: best_epoch=140/150 val_P=0.8868 val_R=0.8704 val_F1=0.8785 attn_iou=0.4208  [31.2s]
  [seed17] lr=0.001 lam=10: best_epoch=130/150 val_P=0.9057 val_R=0.8889 val_F1=0.8972 attn_iou=0.4101  [31.5s]

=== seed 18  train=173 val=37 test=37 ===
  [seed18] none baseline: best_epoch=60/150 val_F1=0.8571  [28.4s]
  [seed18] lr=0.0002 lam=0.1: best_epoch=145/150 val_P=0.7937 val_R=0.8621 val_F1=0.8264 attn_iou=0.3865  [31.6s]
  [seed18] lr=0.0002 lam=0.3: best_epoch=140/150 val_P=0.8246 val_R=0.8103 val_F1=0.8174 attn_iou=0.3834  [31.2s]
  [seed18] lr=0.0002 lam=0.5: best_epoch=140/150 val_P=0.7353 val_R=0.8621 val_F1=0.7937 attn_iou=0.3957  [31.3s]
  [seed18] lr=0.0002 lam=0.7: best_epoch=140/150 val_P=0.7869 val_R=0.8276 val_F1=0.8067 attn_iou=0.3138  [31.3s]
  [seed18] lr=0.0002 lam=1.0: best_epoch=150/150 val_P=0.7937 val_R=0.8621 val_F1=0.8264 attn_iou=0.3935  [31.5s]
  [seed18] lr=0.0002 lam=3: best_epoch=100/150 val_P=0.8254 val_R=0.8966 val_F1=0.8595 attn_iou=0.3855  [31.5s]
  [seed18] lr=0.0002 lam=5: best_epoch=65/150 val_P=0.7846 val_R=0.8793 val_F1=0.8293 attn_iou=0.3317  [31.5s]
  [seed18] lr=0.0002 lam=7: best_epoch=140/150 val_P=0.9259 val_R=0.8621 val_F1=0.8929 attn_iou=0.4100  [31.7s]
  [seed18] lr=0.0002 lam=10: best_epoch=150/150 val_P=0.8833 val_R=0.9138 val_F1=0.8983 attn_iou=0.4243  [31.4s]
  [seed18] lr=0.0005 lam=0.1: best_epoch=130/150 val_P=0.8361 val_R=0.8793 val_F1=0.8571 attn_iou=0.3509  [31.2s]
  [seed18] lr=0.0005 lam=0.3: best_epoch=130/150 val_P=0.8947 val_R=0.8793 val_F1=0.8870 attn_iou=0.2633  [31.6s]
  [seed18] lr=0.0005 lam=0.5: best_epoch=120/150 val_P=0.8571 val_R=0.9310 val_F1=0.8926 attn_iou=0.4117  [31.6s]
  [seed18] lr=0.0005 lam=0.7: best_epoch=130/150 val_P=0.8030 val_R=0.9138 val_F1=0.8548 attn_iou=0.3455  [31.4s]
  [seed18] lr=0.0005 lam=1.0: best_epoch=100/150 val_P=0.7826 val_R=0.9310 val_F1=0.8504 attn_iou=0.3986  [31.5s]
  [seed18] lr=0.0005 lam=3: best_epoch=130/150 val_P=0.8413 val_R=0.9138 val_F1=0.8760 attn_iou=0.3975  [31.4s]
  [seed18] lr=0.0005 lam=5: best_epoch=135/150 val_P=0.8571 val_R=0.8276 val_F1=0.8421 attn_iou=0.3880  [31.4s]
  [seed18] lr=0.0005 lam=7: best_epoch=75/150 val_P=0.8226 val_R=0.8793 val_F1=0.8500 attn_iou=0.4328  [31.4s]
  [seed18] lr=0.0005 lam=10: best_epoch=115/150 val_P=0.8125 val_R=0.8966 val_F1=0.8525 attn_iou=0.4032  [31.2s]
  [seed18] lr=0.001 lam=0.1: best_epoch=150/150 val_P=0.7324 val_R=0.8966 val_F1=0.8062 attn_iou=0.4100  [31.3s]
  [seed18] lr=0.001 lam=0.3: best_epoch=125/150 val_P=0.7879 val_R=0.8966 val_F1=0.8387 attn_iou=0.4218  [31.4s]
  [seed18] lr=0.001 lam=0.5: best_epoch=145/150 val_P=0.8182 val_R=0.9310 val_F1=0.8710 attn_iou=0.3291  [31.3s]
  [seed18] lr=0.001 lam=0.7: best_epoch=70/150 val_P=0.7826 val_R=0.9310 val_F1=0.8504 attn_iou=0.3908  [31.5s]
  [seed18] lr=0.001 lam=1.0: best_epoch=125/150 val_P=0.7941 val_R=0.9310 val_F1=0.8571 attn_iou=0.4428  [31.5s]
  [seed18] lr=0.001 lam=3: best_epoch=100/150 val_P=0.8361 val_R=0.8793 val_F1=0.8571 attn_iou=0.3836  [31.5s]
  [seed18] lr=0.001 lam=5: best_epoch=85/150 val_P=0.8525 val_R=0.8966 val_F1=0.8739 attn_iou=0.4430  [31.5s]
  [seed18] lr=0.001 lam=7: best_epoch=100/150 val_P=0.8525 val_R=0.8966 val_F1=0.8739 attn_iou=0.4310  [31.4s]
  [seed18] lr=0.001 lam=10: best_epoch=35/150 val_P=0.7971 val_R=0.9483 val_F1=0.8661 attn_iou=0.3948  [31.4s]

=== seed 19  train=173 val=37 test=37 ===
  [seed19] none baseline: best_epoch=70/150 val_F1=0.8468  [28.6s]
  [seed19] lr=0.0002 lam=0.1: best_epoch=100/150 val_P=0.8136 val_R=0.8889 val_F1=0.8496 attn_iou=0.3595  [31.4s]
  [seed19] lr=0.0002 lam=0.3: best_epoch=105/150 val_P=0.7833 val_R=0.8704 val_F1=0.8246 attn_iou=0.3893  [31.7s]
  [seed19] lr=0.0002 lam=0.5: best_epoch=150/150 val_P=0.8276 val_R=0.8889 val_F1=0.8571 attn_iou=0.3357  [31.6s]
  [seed19] lr=0.0002 lam=0.7: best_epoch=65/150 val_P=0.8627 val_R=0.8148 val_F1=0.8381 attn_iou=0.3609  [31.3s]
  [seed19] lr=0.0002 lam=1.0: best_epoch=145/150 val_P=0.7705 val_R=0.8704 val_F1=0.8174 attn_iou=0.3959  [31.2s]
  [seed19] lr=0.0002 lam=3: best_epoch=140/150 val_P=0.8214 val_R=0.8519 val_F1=0.8364 attn_iou=0.3429  [31.3s]
  [seed19] lr=0.0002 lam=5: best_epoch=110/150 val_P=0.7812 val_R=0.9259 val_F1=0.8475 attn_iou=0.3926  [31.6s]
  [seed19] lr=0.0002 lam=7: best_epoch=60/150 val_P=0.7778 val_R=0.9074 val_F1=0.8376 attn_iou=0.3633  [31.3s]
  [seed19] lr=0.0002 lam=10: best_epoch=135/150 val_P=0.7619 val_R=0.8889 val_F1=0.8205 attn_iou=0.4299  [31.5s]
  [seed19] lr=0.0005 lam=0.1: best_epoch=60/150 val_P=0.8033 val_R=0.9074 val_F1=0.8522 attn_iou=0.3719  [31.5s]
  [seed19] lr=0.0005 lam=0.3: best_epoch=125/150 val_P=0.7966 val_R=0.8704 val_F1=0.8319 attn_iou=0.3974  [31.7s]
  [seed19] lr=0.0005 lam=0.5: best_epoch=70/150 val_P=0.7969 val_R=0.9444 val_F1=0.8644 attn_iou=0.3830  [31.6s]
  [seed19] lr=0.0005 lam=0.7: best_epoch=105/150 val_P=0.8889 val_R=0.8889 val_F1=0.8889 attn_iou=0.4162  [31.3s]
  [seed19] lr=0.0005 lam=1.0: best_epoch=90/150 val_P=0.8644 val_R=0.9444 val_F1=0.9027 attn_iou=0.4038  [31.2s]
  [seed19] lr=0.0005 lam=3: best_epoch=145/150 val_P=0.8000 val_R=0.9630 val_F1=0.8739 attn_iou=0.4149  [31.5s]
  [seed19] lr=0.0005 lam=5: best_epoch=50/150 val_P=0.8421 val_R=0.8889 val_F1=0.8649 attn_iou=0.4040  [31.4s]
  [seed19] lr=0.0005 lam=7: best_epoch=125/150 val_P=0.8226 val_R=0.9444 val_F1=0.8793 attn_iou=0.4096  [31.1s]
  [seed19] lr=0.0005 lam=10: best_epoch=95/150 val_P=0.7869 val_R=0.8889 val_F1=0.8348 attn_iou=0.4192  [31.3s]
  [seed19] lr=0.001 lam=0.1: best_epoch=60/150 val_P=0.8000 val_R=0.8889 val_F1=0.8421 attn_iou=0.3729  [31.3s]
  [seed19] lr=0.001 lam=0.3: best_epoch=115/150 val_P=0.9000 val_R=0.8333 val_F1=0.8654 attn_iou=0.3951  [31.4s]
  [seed19] lr=0.001 lam=0.5: best_epoch=145/150 val_P=0.8704 val_R=0.8704 val_F1=0.8704 attn_iou=0.4173  [31.5s]
  [seed19] lr=0.001 lam=0.7: best_epoch=95/150 val_P=0.8448 val_R=0.9074 val_F1=0.8750 attn_iou=0.3742  [31.6s]
  [seed19] lr=0.001 lam=1.0: best_epoch=110/150 val_P=0.7429 val_R=0.9630 val_F1=0.8387 attn_iou=0.4178  [31.1s]
  [seed19] lr=0.001 lam=3: best_epoch=60/150 val_P=0.7705 val_R=0.8704 val_F1=0.8174 attn_iou=0.4043  [31.4s]
  [seed19] lr=0.001 lam=5: best_epoch=95/150 val_P=0.8448 val_R=0.9074 val_F1=0.8750 attn_iou=0.4528  [31.7s]
  [seed19] lr=0.001 lam=7: best_epoch=130/150 val_P=0.7969 val_R=0.9444 val_F1=0.8644 attn_iou=0.4327  [31.6s]
  [seed19] lr=0.001 lam=10: best_epoch=145/150 val_P=0.7812 val_R=0.9259 val_F1=0.8475 attn_iou=0.4449  [31.5s]

======================================================================
[baseline] none（不加注意力监督）: val_F1 = 0.8282 ± 0.0278
        lr   lam_att   val_F1_mean  val_F1_std  best_epoch~
     0.001       0.7        0.8660      0.0253        105.5
    0.0005       1.0        0.8624      0.0304        112.0
     0.001       1.0        0.8577      0.0270         95.5
     0.001       0.5        0.8560      0.0331        128.0
    0.0005       0.7        0.8538      0.0273        110.0
    0.0005         5        0.8531      0.0274         99.5
    0.0005       0.5        0.8524      0.0311        117.0
     0.001         5        0.8522      0.0324         90.5
     0.001       0.3        0.8518      0.0290        115.5
     0.001         3        0.8507      0.0204        107.5
    0.0005         3        0.8507      0.0336        114.0
     0.001        10        0.8506      0.0261         89.5
     0.001         7        0.8479      0.0247         97.0
    0.0005       0.3        0.8464      0.0243        122.5
    0.0005       0.1        0.8462      0.0213        103.5
    0.0005        10        0.8452      0.0308        119.0
    0.0005         7        0.8447      0.0390        103.5
     0.001       0.1        0.8417      0.0306        120.5
    0.0002         7        0.8302      0.0390        109.0
    0.0002       0.5        0.8173      0.0311        130.5
    0.0002         5        0.8166      0.0295        107.0
    0.0002       0.1        0.8160      0.0332        129.0
    0.0002       1.0        0.8155      0.0318        120.5
    0.0002         3        0.8144      0.0386        104.5
    0.0002        10        0.8137      0.0471        120.5
    0.0002       0.3        0.8124      0.0261        117.0
    0.0002       0.7        0.8113      0.0356        117.0
======================================================================

>>> 最优组合（按 val_F1 均值选出）: lr=0.001  lam_att=0.7  平均 best_epoch≈105.5
/home/yang/shuangquxian/ml/0728-onemoredataset/attn_cnn_hparam_search.py:179: FutureWarning: You are using `torch.load` with `weights_only=False` (the current default value), which uses the default pickle module implicitly. It is possible to construct malicious pickle data which will execute arbitrary code during unpickling (See https://github.com/pytorch/pytorch/blob/main/SECURITY.md#untrusted-models for more details). In a future release, the default value for `weights_only` will be flipped to `True`. This limits the functions that could be executed during unpickling. Arbitrary objects will no longer be allowed to be loaded via this mode unless they are explicitly allowlisted by the user via `torch.serialization.add_safe_globals`. We recommend you start setting `weights_only=True` for any use case where you don't have full control of the loaded file. Please open an issue on GitHub for any issues related to this experimental feature.
  model.load_state_dict(torch.load(ckpt_path, map_location=base.device))
  [FINAL TEST] seed10: P=0.7049 R=0.8431 F1=0.7679 attn_iou=0.3712 gap=0.4712
  [FINAL TEST] seed11: P=0.7593 R=0.7885 F1=0.7736 attn_iou=0.3717 gap=0.4981
  [FINAL TEST] seed12: P=0.8305 R=0.9423 F1=0.8829 attn_iou=0.3991 gap=0.5571
  [FINAL TEST] seed13: P=0.7925 R=0.7119 F1=0.7500 attn_iou=0.3871 gap=0.5227
  [FINAL TEST] seed14: P=0.8983 R=0.8689 F1=0.8833 attn_iou=0.3831 gap=0.5061
  [FINAL TEST] seed15: P=0.7925 R=0.7500 F1=0.7706 attn_iou=0.3316 gap=0.3777
  [FINAL TEST] seed16: P=0.7925 R=0.8400 F1=0.8155 attn_iou=0.3993 gap=0.4803
  [FINAL TEST] seed17: P=0.7097 R=0.7857 F1=0.7458 attn_iou=0.4398 gap=0.5658
  [FINAL TEST] seed18: P=0.6418 R=0.8269 F1=0.7227 attn_iou=0.3924 gap=0.4638
  [FINAL TEST] seed19: P=0.8400 R=0.8750 F1=0.8571 attn_iou=0.4108 gap=0.4276

======================================================================
最终无偏 TEST 指标（lr=0.001, lam_att=0.7，跨 10 个 seed 划分取平均）：
          bbox_P = 0.7762 ± 0.0711
          bbox_R = 0.8232 ± 0.0633
         bbox_F1 = 0.7969 ± 0.0559
   attn_band_iou = 0.3886 ± 0.0269
        attn_gap = 0.4870 ± 0.0540
======================================================================

Saved -> /home/yang/shuangquxian/ml/0728-onemoredataset/attn_cnn_hparam_search_0728_2326
