**
(1main.tex
LaTeX2e <2021-11-15> patch level 1
L3 programming layer <2022-02-24> (IEEEtran.cls
Document Class: IEEEtran 2015/08/26 V1.8b by Michael Shell
-- See the "IEEEtran_HOWTO" manual for usage information.
-- http://www.michaelshell.org/tex/ieeetran/
\@IEEEtrantmpdimenA=\dimen138
\@IEEEtrantmpdimenB=\dimen139
\@IEEEtrantmpdimenC=\dimen140
\@IEEEtrantmpcountA=\count181
\@IEEEtrantmpcountB=\count182
\@IEEEtrantmpcountC=\count183
\@IEEEtrantmptoksA=\toks16
LaTeX Font Info:    Trying to load font information for TU+ptm on input line 50
3.
LaTeX Font Info:    No file TUptm.fd. on input line 503.

LaTeX Font Warning: Font shape `TU/ptm/m/n' undefined
(Font)              using `TU/lmr/m/n' instead on input line 503.

-- Using 8.5in x 11in (letter) paper.
-- Using DVI output.
\@IEEEnormalsizeunitybaselineskip=\dimen141
-- This is a 10 point document.
\CLASSINFOnormalsizebaselineskip=\dimen142
\CLASSINFOnormalsizeunitybaselineskip=\dimen143
\IEEEnormaljot=\dimen144

LaTeX Font Warning: Font shape `TU/ptm/bx/n' undefined
(Font)              using `TU/ptm/m/n' instead on input line 1086.


LaTeX Font Warning: Font shape `TU/ptm/m/it' undefined
(Font)              using `TU/ptm/m/n' instead on input line 1086.


LaTeX Font Warning: Font shape `TU/ptm/bx/it' undefined
(Font)              using `TU/ptm/bx/n' instead on input line 1086.

\IEEEquantizedlength=\dimen145
\IEEEquantizedlengthdiff=\dimen146
\IEEEquantizedtextheightdiff=\dimen147
\IEEEilabelindentA=\dimen148
\IEEEilabelindentB=\dimen149
\IEEEilabelindent=\dimen150
\IEEEelabelindent=\dimen151
\IEEEdlabelindent=\dimen152
\IEEElabelindent=\dimen153
\IEEEiednormlabelsep=\dimen154
\IEEEiedmathlabelsep=\dimen155
\IEEEiedtopsep=\skip47
\c@section=\count184
\c@subsection=\count185
\c@subsubsection=\count186
\c@paragraph=\count187
\c@IEEEsubequation=\count188
\abovecaptionskip=\skip48
\belowcaptionskip=\skip49
\c@figure=\count189
\c@table=\count190
\@IEEEeqnnumcols=\count191
\@IEEEeqncolcnt=\count192
\@IEEEsubeqnnumrollback=\count193
\@IEEEquantizeheightA=\dimen156
\@IEEEquantizeheightB=\dimen157
\@IEEEquantizeheightC=\dimen158
\@IEEEquantizeprevdepth=\dimen159
\@IEEEquantizemultiple=\count194
\@IEEEquantizeboxA=\box50
\@IEEEtmpitemindent=\dimen160
\IEEEPARstartletwidth=\dimen161
\c@IEEEbiography=\count195
\@IEEEtranrubishbin=\box51
) (amsmath.sty
Package: amsmath 2021/10/15 v2.17l AMS math features
\@mathmargin=\skip50

For additional information on amsmath, use the `?' option.
(amstext.sty
Package: amstext 2021/08/26 v2.01 AMS text
 (amsgen.sty
File: amsgen.sty 1999/11/30 v2.0 generic functions
\@emptytoks=\toks17
\ex@=\dimen162
)) (amsbsy.sty
Package: amsbsy 1999/11/29 v1.2d Bold Symbols
\pmbraise@=\dimen163
) (amsopn.sty
Package: amsopn 2021/08/26 v2.02 operator names
)
\inf@bad=\count196
LaTeX Info: Redefining \frac on input line 234.
\uproot@=\count197
\leftroot@=\count198
LaTeX Info: Redefining \overline on input line 399.
\classnum@=\count199
\DOTSCASE@=\count266
LaTeX Info: Redefining \ldots on input line 496.
LaTeX Info: Redefining \dots on input line 499.
LaTeX Info: Redefining \cdots on input line 620.
\Mathstrutbox@=\box52
\strutbox@=\box53
\big@size=\dimen164
LaTeX Font Info:    Redeclaring font encoding OML on input line 743.
LaTeX Font Info:    Redeclaring font encoding OMS on input line 744.
\macc@depth=\count267
\c@MaxMatrixCols=\count268
\dotsspace@=\muskip16
\c@parentequation=\count269
\dspbrk@lvl=\count270
\tag@help=\toks18
\row@=\count271
\column@=\count272
\maxfields@=\count273
\andhelp@=\toks19
\eqnshift@=\dimen165
\alignsep@=\dimen166
\tagshift@=\dimen167
\tagwidth@=\dimen168
\totwidth@=\dimen169
\lineht@=\dimen170
\@envbody=\toks20
\multlinegap=\skip51
\multlinetaggap=\skip52
\mathdisplay@stack=\toks21
LaTeX Info: Redefining \[ on input line 2938.
LaTeX Info: Redefining \] on input line 2939.
) (amsfonts.sty
Package: amsfonts 2013/01/14 v3.01 Basic AMSFonts support
\symAMSa=\mathgroup4
\symAMSb=\mathgroup5
LaTeX Font Info:    Redeclaring math symbol \hbar on input line 98.
LaTeX Font Info:    Overwriting math alphabet `\mathfrak' in version `bold'
(Font)                  U/euf/m/n --> U/euf/b/n on input line 106.
)
(algorithmic.sty
Invalid UTF-8 byte or sequence at line 11 replaced by U+FFFD.
Package: algorithmic 2009/08/24 v0.1 Document Style `algorithmic'
 (ifthen.sty
Package: ifthen 2020/11/24 v1.1c Standard LaTeX ifthen package (DPC)
) (keyval.sty
Package: keyval 2014/10/28 v1.15 key=value parser (DPC)
\KV@toks@=\toks22
)
\c@ALC@unique=\count274
\c@ALC@line=\count275
\c@ALC@rem=\count276
\c@ALC@depth=\count277
\ALC@tlm=\skip53
\algorithmicindent=\skip54
) (algorithm.sty
Invalid UTF-8 byte or sequence at line 11 replaced by U+FFFD.
Package: algorithm 2009/08/24 v0.1 Document Style `algorithm' - floating enviro
nment
 (float.sty
Package: float 2001/11/08 v1.3d Float enhancements (AL)
\c@float@type=\count278
\float@exts=\toks23
\float@box=\box54
\@float@everytoks=\toks24
\@floatcapt=\box55
)
\@float@every@algorithm=\toks25
\c@algorithm=\count279
)
(array.sty
Package: array 2021/10/04 v2.5f Tabular extension package (FMi)
\col@sep=\dimen171
\ar@mcellbox=\box56
\extrarowheight=\dimen172
\NC@list=\toks26
\extratabsurround=\skip55
\backup@length=\skip56
\ar@cellbox=\box57
) (subfig.sty
Package: subfig 2005/06/28 ver: 1.3 subfig package
 (caption3.sty
Package: caption3 2022/03/17 v2.3b caption3 kernel (AR)
\caption@tempdima=\dimen173
\captionmargin=\dimen174
\caption@leftmargin=\dimen175
\caption@rightmargin=\dimen176
\caption@width=\dimen177
\caption@indent=\dimen178
\caption@parindent=\dimen179
\caption@hangindent=\dimen180
Package caption Info: Unknown document class (or package),
(caption)             standard defaults will be used.
Package caption Info: \@makecaption = \long macro:#1#2->\ifx \@captype \@IEEEta
blestring \footnotesize \bgroup \par \centering \@IEEEtabletopskipstrut {\norma
lfont \footnotesize #1}\\{\normalfont \footnotesize \scshape #2}\par \addvspace
 {0.5\baselineskip }\egroup \@IEEEtablecaptionsepspace \else \@IEEEfigurecaptio
nsepspace \setbox \@tempboxa \hbox {\normalfont \footnotesize {#1.}\nobreakspac
e \nobreakspace #2}\ifdim \wd \@tempboxa >\hsize \setbox \@tempboxa \hbox {\nor
malfont \footnotesize {#1.}\nobreakspace \nobreakspace }\parbox [t]{\hsize }{\n
ormalfont \footnotesize \noindent \unhbox \@tempboxa #2}\else \ifCLASSOPTIONcon
ference \hbox to\hsize {\normalfont \footnotesize \hfil \box \@tempboxa \hfil }
\else \hbox to\hsize {\normalfont \footnotesize \box \@tempboxa \hfil }\fi \fi 
\fi  on input line 1176.
)
\c@KVtest=\count280
\sf@farskip=\skip57
\sf@captopadj=\dimen181
\sf@capskip=\skip58
\sf@nearskip=\skip59
\c@subfigure=\count281
\c@subfigure@save=\count282
\c@lofdepth=\count283
\c@subtable=\count284
\c@subtable@save=\count285
\c@lotdepth=\count286
\sf@top=\skip60
\sf@bottom=\skip61
) (textcomp.sty
Package: textcomp 2020/02/02 v2.0n Standard LaTeX package
) (stfloats.sty
Package: stfloats 2017/03/27 v3.3 Improve float mechanism and baselineskip sett
ings
\@dblbotnum=\count287
\c@dblbotnumber=\count288
) (url.sty
\Urlmuskip=\muskip17
Package: url 2013/09/16  ver 3.4  Verb mode for urls, etc.
) (verbatim.sty
Package: verbatim 2020-07-07 v1.5u LaTeX2e package for verbatim enhancements
\every@verbatim=\toks27
\verbatim@line=\toks28
\verbatim@in@stream=\read2
) (graphicx.sty
Package: graphicx 2021/09/16 v1.2d Enhanced LaTeX Graphics (DPC,SPQR)
 (graphics.sty
Package: graphics 2021/03/04 v1.4d Standard LaTeX Graphics (DPC,SPQR)
 (trig.sty
Package: trig 2021/08/11 v1.11 sin cos tan (DPC)
) (graphics.cfg
File: graphics.cfg 2016/06/04 v1.11 sample graphics configuration
)
Package graphics Info: Driver file: xetex.def on input line 107.

(xetex.def
File: xetex.def 2021/03/18 v5.0k Graphics/color driver for xetex
))
\Gin@req@height=\dimen182
\Gin@req@width=\dimen183
) (cite.sty
LaTeX Info: Redefining \cite on input line 302.
LaTeX Info: Redefining \nocite on input line 332.
Package: cite 2015/02/27  v 5.5
) (booktabs.sty
Package: booktabs 2020/01/12 v1.61803398 Publication quality tables
\heavyrulewidth=\dimen184
\lightrulewidth=\dimen185
\cmidrulewidth=\dimen186
\belowrulesep=\dimen187
\belowbottomsep=\dimen188
\aboverulesep=\dimen189
\abovetopsep=\dimen190
\cmidrulesep=\dimen191
\cmidrulekern=\dimen192
\defaultaddspace=\dimen193
\@cmidla=\count289
\@cmidlb=\count290
\@aboverulesep=\dimen194
\@belowrulesep=\dimen195
\@thisruleclass=\count291
\@lastruleclass=\count292
\@thisrulewidth=\dimen196
) (multirow.sty
Package: multirow 2021/03/15 v2.8 Span multiple rows of a table
\multirow@colwidth=\skip62
\multirow@cntb=\count293
\multirow@dima=\skip63
\bigstrutjot=\dimen197
) (amssymb.sty
Package: amssymb 2013/01/14 v3.01 AMS font symbols
) (bm.sty
Package: bm 2021/04/25 v1.2e Bold Symbol Support (DPC/FMi)
\symboldoperators=\mathgroup6
\symboldletters=\mathgroup7
\symboldsymbols=\mathgroup8
Package bm Info: No bold for \OMX/cmex/m/n, using \pmb.
Package bm Info: No bold for \U/msa/m/n, using \pmb.
Package bm Info: No bold for \U/msb/m/n, using \pmb.
LaTeX Font Info:    Redeclaring math alphabet \mathbf on input line 149.
)
(geometry.sty
Package: geometry 2020/01/02 v5.9 Page Geometry
 (ifvtex.sty
Package: ifvtex 2019/10/25 v1.7 ifvtex legacy package. Use iftex instead.
 (iftex.sty
Package: iftex 2022/02/03 v1.0f TeX engine tests
))
\Gm@cnth=\count294
\Gm@cntv=\count295
\c@Gm@tempcnt=\count296
\Gm@bindingoffset=\dimen198
\Gm@wd@mp=\dimen199
\Gm@odd@mp=\dimen256
\Gm@even@mp=\dimen257
\Gm@layoutwidth=\dimen258
\Gm@layoutheight=\dimen259
\Gm@layouthoffset=\dimen260
\Gm@layoutvoffset=\dimen261
\Gm@dimlist=\toks29
) (l3backend-xetex.def
File: l3backend-xetex.def 2022-02-07 L3 backend support: XeTeX
\c__kernel_sys_dvipdfmx_version_int=\count297
\l__color_backend_stack_int=\count298
\g__color_backend_stack_int=\count299
\g__graphics_track_int=\count300
\l__pdf_internal_box=\box58
\g__pdf_backend_object_int=\count301
\g__pdf_backend_annotation_int=\count302
\g__pdf_backend_link_int=\count303
)

LaTeX Warning: Unused global option(s):
    [lettersize].

(1main.aux)
\openout1 = `1main.aux'.

LaTeX Font Info:    Checking defaults for OML/cmm/m/it on input line 25.
LaTeX Font Info:    ... okay on input line 25.
LaTeX Font Info:    Checking defaults for OMS/cmsy/m/n on input line 25.
LaTeX Font Info:    ... okay on input line 25.
LaTeX Font Info:    Checking defaults for OT1/cmr/m/n on input line 25.
LaTeX Font Info:    ... okay on input line 25.
LaTeX Font Info:    Checking defaults for T1/cmr/m/n on input line 25.
LaTeX Font Info:    ... okay on input line 25.
LaTeX Font Info:    Checking defaults for TS1/cmr/m/n on input line 25.
LaTeX Font Info:    Trying to load font information for TS1+cmr on input line 2
5.
 (ts1cmr.fd
File: ts1cmr.fd 2019/12/16 v2.5j Standard LaTeX font definitions
)
LaTeX Font Info:    ... okay on input line 25.
LaTeX Font Info:    Checking defaults for TU/lmr/m/n on input line 25.
LaTeX Font Info:    ... okay on input line 25.
LaTeX Font Info:    Checking defaults for OMX/cmex/m/n on input line 25.
LaTeX Font Info:    ... okay on input line 25.
LaTeX Font Info:    Checking defaults for U/cmr/m/n on input line 25.
LaTeX Font Info:    ... okay on input line 25.


LaTeX Font Warning: Font shape `TU/ptm/b/n' undefined
(Font)              using `TU/ptm/bx/n' instead on input line 25.


LaTeX Font Warning: Font shape `TU/ptm/b/it' undefined
(Font)              using `TU/ptm/bx/it' instead on input line 25.


LaTeX Font Warning: Font shape `TU/ptm/b/n' undefined
(Font)              using `TU/ptm/bx/n' instead on input line 25.


LaTeX Font Warning: Font shape `TU/ptm/b/it' undefined
(Font)              using `TU/ptm/bx/it' instead on input line 25.


LaTeX Font Warning: Font shape `TU/ptm/b/n' undefined
(Font)              using `TU/ptm/bx/n' instead on input line 25.


LaTeX Font Warning: Font shape `TU/ptm/b/it' undefined
(Font)              using `TU/ptm/bx/it' instead on input line 25.


LaTeX Font Warning: Font shape `TU/ptm/b/n' undefined
(Font)              using `TU/ptm/bx/n' instead on input line 25.


LaTeX Font Warning: Font shape `TU/ptm/b/it' undefined
(Font)              using `TU/ptm/bx/it' instead on input line 25.


LaTeX Font Warning: Font shape `TU/ptm/b/n' undefined
(Font)              using `TU/ptm/bx/n' instead on input line 25.


LaTeX Font Warning: Font shape `TU/ptm/b/it' undefined
(Font)              using `TU/ptm/bx/it' instead on input line 25.


LaTeX Font Warning: Font shape `TU/ptm/b/n' undefined
(Font)              using `TU/ptm/bx/n' instead on input line 25.


LaTeX Font Warning: Font shape `TU/ptm/b/it' undefined
(Font)              using `TU/ptm/bx/it' instead on input line 25.


LaTeX Font Warning: Font shape `TU/ptm/b/n' undefined
(Font)              using `TU/ptm/bx/n' instead on input line 25.


LaTeX Font Warning: Font shape `TU/ptm/b/it' undefined
(Font)              using `TU/ptm/bx/it' instead on input line 25.


LaTeX Font Warning: Font shape `TU/ptm/b/n' undefined
(Font)              using `TU/ptm/bx/n' instead on input line 25.


LaTeX Font Warning: Font shape `TU/ptm/b/it' undefined
(Font)              using `TU/ptm/bx/it' instead on input line 25.


LaTeX Font Warning: Font shape `TU/ptm/b/n' undefined
(Font)              using `TU/ptm/bx/n' instead on input line 25.


LaTeX Font Warning: Font shape `TU/ptm/b/it' undefined
(Font)              using `TU/ptm/bx/it' instead on input line 25.


LaTeX Font Warning: Font shape `TU/ptm/b/n' undefined
(Font)              using `TU/ptm/bx/n' instead on input line 25.


LaTeX Font Warning: Font shape `TU/ptm/b/it' undefined
(Font)              using `TU/ptm/bx/it' instead on input line 25.

-- Lines per column: 54 (approximate, difference = 2.43001pt).
Package caption Info: Begin \AtBeginDocument code.
Package caption Info: subfig package v1.3 is loaded.
Package caption Info: End \AtBeginDocument code.
*geometry* driver: auto-detecting
*geometry* detected driver: xetex
*geometry* verbose mode - [ preamble ] result:
* driver: xetex
* paper: <default>
* layout: <same size as paper>
* layoutoffset:(h,v)=(0.0pt,0.0pt)
* modes: 
* h-part:(L,W,R)=(72.26999pt, 469.75502pt, 72.26999pt)
* v-part:(T,H,B)=(72.26999pt, 650.43001pt, 72.26999pt)
* \paperwidth=614.295pt
* \paperheight=794.96999pt
* \textwidth=469.75502pt
* \textheight=650.43001pt
* \oddsidemargin=0.0pt
* \evensidemargin=0.0pt
* \topmargin=-33.404pt
* \headheight=12.0pt
* \headsep=21.404pt
* \topskip=12.0pt
* \footskip=25.77849pt
* \marginparwidth=20.0pt
* \marginparsep=10.0pt
* \columnsep=12.0pt
* \skip\footins=10.79993pt plus 4.79993pt minus 2.39996pt
* \hoffset=0.0pt
* \voffset=0.0pt
* \mag=1000
* \@twocolumntrue
* \@twosidefalse
* \@mparswitchfalse
* \@reversemarginfalse
* (1in=72.27pt=25.4mm, 1cm=28.453pt)


Underfull \hbox (badness 7595) in paragraph at lines 51--51
[][][]\TU/ptm/bx/it/8 M. Li and C. Gomez are with the Sabo Lab-
 []


Underfull \hbox (badness 6575) in paragraph at lines 51--51
\TU/ptm/bx/it/8 oratory, Faculty of Maritime Sciences, Kobe Univer-
 []


Underfull \hbox (badness 10000) in paragraph at lines 51--51
\TU/ptm/bx/it/8 sity, Kobe, Japan (e-mail: 251we07w@stu.kobe-u.ac.jp;
 []


Underfull \hbox (badness 2689) in paragraph at lines 51--51
[][][]\TU/ptm/bx/it/8 S. Miyata is with the Disaster Prevention Research
 []


Underfull \hbox (badness 10000) in paragraph at lines 51--51
\TU/ptm/bx/it/8 Institute, Kyoto University, Kyoto, Japan (e-mail:
 []


LaTeX Font Warning: Font shape `TU/ptm/b/n' undefined
(Font)              using `TU/ptm/bx/n' instead on input line 53.


LaTeX Font Warning: Font shape `TU/ptm/b/n' undefined
(Font)              using `TU/ptm/bx/n' instead on input line 80.


LaTeX Font Warning: Font shape `TU/ptm/m/sc' undefined
(Font)              using `TU/ptm/m/n' instead on input line 84.


LaTeX Font Warning: Font shape `TU/ptm/b/n' undefined
(Font)              using `TU/ptm/bx/n' instead on input line 102.


Underfull \hbox (badness 1838) in paragraph at lines 102--105
\TU/ptm/bx/it/10 tion technique, Ground Penetrating Radar
 []


Underfull \hbox (badness 7963) in paragraph at lines 102--105
\TU/ptm/bx/it/10 (GPR) provides high-resolution, near-real-time
 []


Underfull \hbox (badness 6641) in paragraph at lines 102--105
\TU/ptm/bx/it/10 imaging of internal structures by employing
 []


Underfull \hbox (badness 1460) in paragraph at lines 118--125
\TU/ptm/bx/it/10 tures and suppress background clutter,attention
 []

[1


]
Underfull \hbox (badness 4217) in paragraph at lines 134--137
[]\TU/ptm/bx/it/10 An explicit attention supervision mecha-
 []


LaTeX Warning: No positions in optional float specifier.
               Default added (so using `tbp') on input line 142.

File: bscan.png Graphic file (type bmp)
<bscan.png>
LaTeX Font Info:    Trying to load font information for U+msa on input line 151
.
(umsa.fd
File: umsa.fd 2013/01/14 v3.01 AMS symbols A
)
LaTeX Font Info:    Trying to load font information for U+msb on input line 151
.
 (umsb.fd
File: umsb.fd 2013/01/14 v3.01 AMS symbols B
)
Underfull \hbox (badness 1596) in paragraph at lines 166--176
[]\TU/ptm/m/sc/10 Early automated approaches relied on hand-
 []


Underfull \hbox (badness 1931) in paragraph at lines 166--176
\TU/ptm/m/sc/10 thresholding, column-connection clustering (C3),
 []

[2]
Underfull \vbox (badness 10000) has occurred while \output is active []

 [3]

LaTeX Font Warning: Font shape `TU/ptm/b/n' undefined
(Font)              using `TU/ptm/bx/n' instead on input line 269.

LaTeX Font Info:    Trying to load font information for TU+pcr on input line 29
1.
LaTeX Font Info:    No file TUpcr.fd. on input line 291.

LaTeX Font Warning: Font shape `TU/pcr/m/n' undefined
(Font)              using `TU/lmr/m/n' instead on input line 291.

[4]
File: annotationtool.png Graphic file (type bmp)
<annotationtool.png>


LaTeX Warning: No positions in optional float specifier.
               Default added (so using `tbp') on input line 321.

File: example-yuantu.png Graphic file (type bmp)
<example-yuantu.png>
LaTeX Font Info:    Trying to load font information for TU+phv on input line 32
3.
LaTeX Font Info:    No file TUphv.fd. on input line 323.

LaTeX Font Warning: Font shape `TU/phv/m/n' undefined
(Font)              using `TU/lmr/m/n' instead on input line 323.

File: example-shuangquxian.png Graphic file (type bmp)
<example-shuangquxian.png>
File: example-bbox.png Graphic file (type bmp)
<example-bbox.png>

Underfull \hbox (badness 10000) in paragraph at lines 327--327
[]\TU/phv/m/n/10 (c) |\TU/phv/m/n/8 Derived
 []


Underfull \hbox (badness 1755) in paragraph at lines 319--331
[]\TU/phv/m/n/10 After the hyperbola band is annotated, the
 []


Underfull \hbox (badness 5652) in paragraph at lines 319--331
\TU/phv/m/n/10 conventional bounding-box annotation can be
 []


Underfull \hbox (badness 1681) in paragraph at lines 319--331
\TU/phv/m/n/10 Fig. 3[] shows an example, presenting the raw
 []


Underfull \hbox (badness 2111) in paragraph at lines 338--342
\TU/phv/m/n/10 concatenation, thereby guiding the network to
 []

File: framework.pdf Graphic file (type pdf)
<use framework.pdf>
[5]
Underfull \hbox (badness 2197) in paragraph at lines 379--386
\TU/phv/m/n/10 where $\OML/cmm/m/it/10 ^^O \OT1/cmr/m/n/10 = 10[]$ \TU/phv/m/n/
10 is a small constant added
 []


Underfull \hbox (badness 10000) in paragraph at lines 388--394
 \TU/phv/m/n/10 a) Attention-guided feature fusion: [][] The
 []


Underfull \hbox (badness 10000) in paragraph at lines 396--403
 \TU/phv/m/n/10 b) Detection head and prediction: [][] The
 []


Underfull \hbox (badness 10000) in paragraph at lines 396--403
\TU/phv/m/n/10 detection head follows a YOLO-style dense
 []


Underfull \hbox (badness 6284) in paragraph at lines 396--403
\TU/phv/m/n/10 prediction paradigm, producing three parallel
 []


Overfull \hbox (6.788pt too wide) detected at line 413
[]\OMS/cmsy/m/n/10 L[] \OT1/cmr/m/n/10 = [] []\OMS/cmsy/m/n/10 k[] ^^@ \OML/cmm
/m/it/10 s[]\OMS/cmsy/m/n/10 k[]\OML/cmm/m/it/10 ;  \OMS/cmsy/m/n/10 L[] \OT1/c
mr/m/n/10 = [] []\OMS/cmsy/m/n/10 k[] ^^@ \OML/cmm/m/it/10 ^^N[]\OMS/cmsy/m/n/1
0 k[]\OML/cmm/m/it/10 ;
 []


Underfull \vbox (badness 1571) has occurred while \output is active []

 [6]
Underfull \hbox (badness 2103) in paragraph at lines 431--441
\TU/phv/m/n/10 available GPR dataset, comprising 318 B-scan
 []


LaTeX Warning: No positions in optional float specifier.
               Default added (so using `tbp') on input line 446.


Underfull \hbox (badness 3803) in paragraph at lines 474--482
\TU/phv/m/n/10 the proposed method consistently outperforms
 []


LaTeX Warning: No positions in optional float specifier.
               Default added (so using `tbp') on input line 491.


LaTeX Font Warning: Font shape `TU/ptm/b/sc' undefined
(Font)              using `TU/ptm/m/n' instead on input line 495.


LaTeX Font Warning: Font shape `TU/ptm/b/n' undefined
(Font)              using `TU/ptm/bx/n' instead on input line 509.


LaTeX Font Warning: Font shape `TU/ptm/b/n' undefined
(Font)              using `TU/ptm/bx/n' instead on input line 511.


LaTeX Font Warning: Font shape `TU/ptm/b/n' undefined
(Font)              using `TU/ptm/bx/n' instead on input line 513.


LaTeX Font Warning: Font shape `TU/ptm/b/n' undefined
(Font)              using `TU/ptm/bx/n' instead on input line 515.


LaTeX Font Warning: Font shape `TU/ptm/b/n' undefined
(Font)              using `TU/ptm/bx/n' instead on input line 517.


LaTeX Warning: No positions in optional float specifier.
               Default added (so using `tbp') on input line 544.

File: baseline-result.png Graphic file (type bmp)
<baseline-result.png>
File: baseline-attention.png Graphic file (type bmp)
<baseline-attention.png>
File: our-result.png Graphic file (type bmp)
<our-result.png>
File: ours-attention.png Graphic file (type bmp)
<ours-attention.png>

Underfull \hbox (badness 1755) in paragraph at lines 528--556
[]\TU/phv/m/n/10 To visualize where the network attends, we
 []


Underfull \hbox (badness 3128) in paragraph at lines 528--556
\TU/phv/m/n/10 (Grad-CAM) [41], a widely used method for
 []


Underfull \hbox (badness 10000) in paragraph at lines 528--556
\TU/phv/m/n/10 interpreting the predictions of convolutional
 []


Underfull \hbox (badness 3058) in paragraph at lines 558--558
 \TU/phv/m/n/10 D. Comparison of Detection Performance with
 []


LaTeX Warning: No positions in optional float specifier.
               Default added (so using `tbp') on input line 577.


LaTeX Font Warning: Font shape `TU/ptm/b/n' undefined
(Font)              using `TU/ptm/bx/n' instead on input line 590.


Overfull \hbox (7.88126pt too wide) in paragraph at lines 582--593
 [][] 
 []

[7]
Underfull \vbox (badness 1810) has occurred while \output is active []

File: boxplot_f1_none_vs_abs_lam.pdf Graphic file (type pdf)
<use boxplot_f1_none_vs_abs_lam.pdf>

Underfull \hbox (badness 1931) in paragraph at lines 634--641
\TU/phv/m/n/10 additional public GPR dataset comprising 247
 []


Underfull \hbox (badness 2027) in paragraph at lines 634--641
\TU/phv/m/n/10 evaluation protocol described in Section [][].
 []

[8]

LaTeX Warning: No positions in optional float specifier.
               Default added (so using `tbp') on input line 642.


LaTeX Font Warning: Font shape `TU/ptm/b/n' undefined
(Font)              using `TU/ptm/bx/n' instead on input line 652.


Underfull \hbox (badness 1701) in paragraph at lines 672--681
\TU/phv/m/n/10 a bounding-box output therefore allows a fair
 []


Underfull \hbox (badness 2096) in paragraph at lines 695--701
\TU/phv/m/n/10 F1 values already established at this training
 []


Underfull \hbox (badness 4303) in paragraph at lines 695--701
\TU/phv/m/n/10 (additional dataset). Cross-dataset performance
 []


Underfull \hbox (badness 2229) in paragraph at lines 695--701
\TU/phv/m/n/10 to roughly 0.08–0.16. The two datasets likely
 []


Underfull \hbox (badness 10000) in paragraph at lines 703--709
[]\TU/phv/m/n/10 Such cross-dataset degradation is a
 []


Underfull \hbox (badness 10000) in paragraph at lines 703--709
\TU/phv/m/n/10 detection: it has motivated dedicated
 []


Underfull \hbox (badness 10000) in paragraph at lines 703--709
\TU/phv/m/n/10 domain-adaptation techniques for GPR data
 []


Underfull \hbox (badness 3803) in paragraph at lines 703--709
\TU/phv/m/n/10 inversion [46] and for GPR object detection
 []


Underfull \hbox (badness 10000) in paragraph at lines 703--709
\TU/phv/m/n/10 dedicated domain-adaptation techniques; the
 []


LaTeX Warning: No positions in optional float specifier.
               Default added (so using `tbp') on input line 711.


LaTeX Font Warning: Font shape `TU/ptm/b/n' undefined
(Font)              using `TU/ptm/bx/n' instead on input line 721.


LaTeX Font Warning: Font shape `TU/ptm/b/n' undefined
(Font)              using `TU/ptm/bx/n' instead on input line 724.


Underfull \hbox (badness 1418) in paragraph at lines 735--761
\TU/phv/m/n/10 is challenging for the reasons discussed above,
 []


Underfull \hbox (badness 5302) in paragraph at lines 735--761
\TU/phv/m/n/10 it remains the most informative output for
 []


Underfull \hbox (badness 4072) in paragraph at lines 735--761
\TU/phv/m/n/10 parametric hyperbola itself and exporting its
 []


Underfull \hbox (badness 2326) in paragraph at lines 735--761
\TU/phv/m/n/10 assessment [27]. Several recent studies already
 []

[9]
Underfull \hbox (badness 1983) in paragraph at lines 790--794
\TU/phv/m/n/10 representation and thereby improving detection
 []


Underfull \hbox (badness 10000) in paragraph at lines 802--803
[]\TU/phv/m/n/10 This research was funded under the
 []


Underfull \hbox (badness 2837) in paragraph at lines 802--803
\TU/phv/m/n/10 Japanese Research Fund Kakenhi-C 23K04329:
 []


Underfull \hbox (badness 4353) in paragraph at lines 802--803
\TU/phv/m/n/10 Electromagnetic Detection and Velocimetry of
 []

(1main.bbl [10]
Underfull \vbox (badness 1253) has occurred while \output is active []


Underfull \hbox (badness 10000) in paragraph at lines 243--245
[]\TU/ptm/m/sc/8 Tzutalin, “LabelImg,” $[][][][][] [] [] [] [][][][][][] [] [][
][] []
 []


Underfull \vbox (badness 1540) has occurred while \output is active []

 [11])
[12

] (1main.aux)

LaTeX Font Warning: Some font shapes were not available, defaults substituted.

 )
Output written on 1main.xdv (12 pages, 497256 bytes).
