Using device: cuda
[attn_cnn ¶àseedÏûÈÚ]  n_total=315  70/15/15  seeds=[0, 1, 2, 3, 4]

=== seed 0  train=220 val=47 test=48 ===
  [seed0_with_attn] epoch 20/100 val=5.0437
  [seed0_with_attn] epoch 40/100 val=3.8578
  [seed0_with_attn] epoch 60/100 val=3.0599
  [seed0_with_attn] epoch 80/100 val=3.0567
  [seed0_with_attn] epoch 100/100 val=2.9416
  seed0 with_attn: P=0.7200 R=0.5000 F1=0.5902 attn_iou=0.1945
  [seed0_no_attn] epoch 20/100 val=3.9857
  [seed0_no_attn] epoch 40/100 val=2.9027
  [seed0_no_attn] epoch 60/100 val=1.9480
  [seed0_no_attn] epoch 80/100 val=1.6124
  [seed0_no_attn] epoch 100/100 val=1.5885
  seed0 no_attn: P=0.8667 R=0.5417 F1=0.6667 attn_iou=nan

=== seed 1  train=220 val=47 test=48 ===
  [seed1_with_attn] epoch 20/100 val=5.6317
  [seed1_with_attn] epoch 40/100 val=4.2861
  [seed1_with_attn] epoch 60/100 val=3.2726
  [seed1_with_attn] epoch 80/100 val=2.6337
  [seed1_with_attn] epoch 100/100 val=2.2853
  seed1 with_attn: P=0.7959 R=0.6500 F1=0.7156 attn_iou=0.2135
  [seed1_no_attn] epoch 20/100 val=4.6323
  [seed1_no_attn] epoch 40/100 val=3.2717
  [seed1_no_attn] epoch 60/100 val=1.9448
  [seed1_no_attn] epoch 80/100 val=1.6666
  [seed1_no_attn] epoch 100/100 val=1.4679
  seed1 no_attn: P=0.9048 R=0.6333 F1=0.7451 attn_iou=nan

=== seed 2  train=220 val=47 test=48 ===
  [seed2_with_attn] epoch 20/100 val=5.6984
  [seed2_with_attn] epoch 40/100 val=4.4184
  [seed2_with_attn] epoch 60/100 val=3.4776
  [seed2_with_attn] epoch 80/100 val=3.2552
  [seed2_with_attn] epoch 100/100 val=3.0260
  seed2 with_attn: P=0.7647 R=0.5652 F1=0.6500 attn_iou=0.2138
  [seed2_no_attn] epoch 20/100 val=3.8336
  [seed2_no_attn] epoch 40/100 val=2.9796
