Using device: cuda
[V2 多尺度门控 + 注意力 concat]  n_total=315  seeds=[0, 1, 2, 3, 4]

=== seed 0  train=220 val=47 test=48 ===
  [seed0_with_attn] epoch 20/100 val=5.3676
  [seed0_with_attn] epoch 40/100 val=3.9519
  [seed0_with_attn] epoch 60/100 val=2.8813
  [seed0_with_attn] epoch 80/100 val=2.7629
  [seed0_with_attn] epoch 100/100 val=2.8107
  seed0 with_attn: P=0.8478 R=0.5417 F1=0.6610 attn_iou=0.2050
  [seed0_no_attn] epoch 20/100 val=3.9857
  [seed0_no_attn] epoch 40/100 val=2.9027
  [seed0_no_attn] epoch 60/100 val=1.9480
  [seed0_no_attn] epoch 80/100 val=1.6124
  [seed0_no_attn] epoch 100/100 val=1.5885
  seed0 no_attn: P=0.8667 R=0.5417 F1=0.6667 attn_iou=nan

=== seed 1  train=220 val=47 test=48 ===
  [seed1_with_attn] epoch 20/100 val=5.8263
  [seed1_with_attn] epoch 40/100 val=4.3954
  [seed1_with_attn] epoch 60/100 val=3.1275
  [seed1_with_attn] epoch 80/100 val=2.5021
  [seed1_with_attn] epoch 100/100 val=2.3146
  seed1 with_attn: P=0.7391 R=0.5667 F1=0.6415 attn_iou=0.2182
  [seed1_no_attn] epoch 20/100 val=4.6323
  [seed1_no_attn] epoch 40/100 val=3.2717
  [seed1_no_attn] epoch 60/100 val=1.9448
  [seed1_no_attn] epoch 80/100 val=1.6666
  [seed1_no_attn] epoch 100/100 val=1.4679
  seed1 no_attn: P=0.9048 R=0.6333 F1=0.7451 attn_iou=nan

=== seed 2  train=220 val=47 test=48 ===
  [seed2_with_attn] epoch 20/100 val=5.4360
  [seed2_with_attn] epoch 40/100 val=4.2879
  [seed2_with_attn] epoch 60/100 val=3.0891
  [seed2_with_attn] epoch 80/100 val=2.8847
  [seed2_with_attn] epoch 100/100 val=2.8775
  seed2 with_attn: P=0.7241 R=0.6087 F1=0.6614 attn_iou=0.2492
  [seed2_no_attn] epoch 20/100 val=3.8336
  [seed2_no_attn] epoch 40/100 val=2.9796
  [seed2_no_attn] epoch 60/100 val=2.0518
  [seed2_no_attn] epoch 80/100 val=2.0096
  [seed2_no_attn] epoch 100/100 val=2.0898
  seed2 no_attn: P=0.5915 R=0.6087 F1=0.6000 attn_iou=nan

=== seed 3  train=220 val=47 test=48 ===
  [seed3_with_attn] epoch 20/100 val=5.4367
  [seed3_with_attn] epoch 40/100 val=4.2532
  [seed3_with_attn] epoch 60/100 val=2.8530
  [seed3_with_attn] epoch 80/100 val=2.7883
  [seed3_with_attn] epoch 100/100 val=2.4144
  seed3 with_attn: P=0.6579 R=0.6849 F1=0.6711 attn_iou=0.2240
  [seed3_no_attn] epoch 20/100 val=3.9267
  [seed3_no_attn] epoch 40/100 val=2.9435
  [seed3_no_attn] epoch 60/100 val=1.8290
  [seed3_no_attn] epoch 80/100 val=1.7864
  [seed3_no_attn] epoch 100/100 val=1.6196
  seed3 no_attn: P=0.6308 R=0.5616 F1=0.5942 attn_iou=nan

=== seed 4  train=220 val=47 test=48 ===
  [seed4_with_attn] epoch 20/100 val=5.0848
  [seed4_with_attn] epoch 40/100 val=4.0068
  [seed4_with_attn] epoch 60/100 val=2.9885
  [seed4_with_attn] epoch 80/100 val=2.8930
  [seed4_with_attn] epoch 100/100 val=2.6980
  seed4 with_attn: P=0.6800 R=0.4928 F1=0.5714 attn_iou=0.2054
  [seed4_no_attn] epoch 20/100 val=5.1418
  [seed4_no_attn] epoch 40/100 val=3.3838
  [seed4_no_attn] epoch 60/100 val=2.4877
  [seed4_no_attn] epoch 80/100 val=2.3004
  [seed4_no_attn] epoch 100/100 val=1.7607
  seed4 no_attn: P=0.5667 R=0.4928 F1=0.5271 attn_iou=nan

======================================================================
      config          bbox_P          bbox_R         bbox_F1   attn_band_iou
   with_attn  0.7298±0.0659   0.5789±0.0649   0.6413±0.0362   0.2204±0.0162 
     no_attn  0.7121±0.1437   0.5676±0.0496   0.6266±0.0739              nan
======================================================================

Saved -> C:\Users\79152\Desktop\github\shuangquxian\ml\0409\attn_cnn_v2_0621_1424
