Using device: cuda
[¼òµ¥ CNN bbox baseline]  n_total=315  seeds=[0, 1, 2, 3, 4]

=== seed 0  train=220 val=47 test=48 ===
  [seed0] epoch 20/100 val=3.9857
  [seed0] epoch 40/100 val=2.9027
  [seed0] epoch 60/100 val=1.9480
  [seed0] epoch 80/100 val=1.6124
  [seed0] epoch 100/100 val=1.5885
  seed0: P=0.8667 R=0.5417 F1=0.6667 mAP50=0.6798

=== seed 1  train=220 val=47 test=48 ===
  [seed1] epoch 20/100 val=4.6323
  [seed1] epoch 40/100 val=3.2717
  [seed1] epoch 60/100 val=1.9448
  [seed1] epoch 80/100 val=1.6666
  [seed1] epoch 100/100 val=1.4679
  seed1: P=0.9048 R=0.6333 F1=0.7451 mAP50=0.7739

=== seed 2  train=220 val=47 test=48 ===
  [seed2] epoch 20/100 val=3.8336
  [seed2] epoch 40/100 val=2.9796
  [seed2] epoch 60/100 val=2.0518
  [seed2] epoch 80/100 val=2.0096
  [seed2] epoch 100/100 val=2.0898
  seed2: P=0.5915 R=0.6087 F1=0.6000 mAP50=0.5937

=== seed 3  train=220 val=47 test=48 ===
  [seed3] epoch 20/100 val=3.9267
  [seed3] epoch 40/100 val=2.9435
  [seed3] epoch 60/100 val=1.8290
  [seed3] epoch 80/100 val=1.7864
  [seed3] epoch 100/100 val=1.6196
  seed3: P=0.6308 R=0.5616 F1=0.5942 mAP50=0.6019

=== seed 4  train=220 val=47 test=48 ===
  [seed4] epoch 20/100 val=5.1418
  [seed4] epoch 40/100 val=3.3838
  [seed4] epoch 60/100 val=2.4877
  [seed4] epoch 80/100 val=2.3004
  [seed4] epoch 100/100 val=1.7607
  seed4: P=0.5667 R=0.4928 F1=0.5271 mAP50=0.5246

============================================================
        metric        mean         std
        bbox_P      0.7121      0.1437
        bbox_R      0.5676      0.0496
       bbox_F1      0.6266      0.0739
         mAP50      0.6348      0.0852
============================================================

Saved -> C:\Users\79152\Desktop\github\shuangquxian\ml\0409\simple_bbox_cnn_0622_0111
