Using device: cuda
[merged] n_total=315  modes=['abs']  seeds=[0, 1, 2, 3, 4]  margin=0.5  lam_att_sweep=[0.3, 0.5, 2.0]  augment=False  fuse=concat  run_val=False  70/15/15

########## LAM_ATT = 0.3 ##########

=== lam0.3 seed 0  train=220 val=47 test=48 ===
  [seed0_abs_lam0.3] epoch 20/80 train=4.3411
  [seed0_abs_lam0.3] epoch 40/80 train=2.1184
  [seed0_abs_lam0.3] epoch 60/80 train=0.7293
  [seed0_abs_lam0.3] epoch 80/80 train=0.4595
  lam0.3 seed0  abs: P=0.8148 R=0.6111 F1=0.6984 attn_iou=0.2275 gap=0.2975

=== lam0.3 seed 1  train=220 val=47 test=48 ===
  [seed1_abs_lam0.3] epoch 20/80 train=4.2992
  [seed1_abs_lam0.3] epoch 40/80 train=2.0075
  [seed1_abs_lam0.3] epoch 60/80 train=0.6613
  [seed1_abs_lam0.3] epoch 80/80 train=0.4866
  lam0.3 seed1  abs: P=0.6604 R=0.5833 F1=0.6195 attn_iou=0.2254 gap=0.2884

=== lam0.3 seed 2  train=220 val=47 test=48 ===
  [seed2_abs_lam0.3] epoch 20/80 train=3.9312
  [seed2_abs_lam0.3] epoch 40/80 train=1.1908
  [seed2_abs_lam0.3] epoch 60/80 train=0.5504
  [seed2_abs_lam0.3] epoch 80/80 train=0.4592
  lam0.3 seed2  abs: P=0.7059 R=0.5217 F1=0.6000 attn_iou=0.2454 gap=0.3134

=== lam0.3 seed 3  train=220 val=47 test=48 ===
  [seed3_abs_lam0.3] epoch 20/80 train=5.2700
  [seed3_abs_lam0.3] epoch 40/80 train=3.4190
  [seed3_abs_lam0.3] epoch 60/80 train=1.7725
  [seed3_abs_lam0.3] epoch 80/80 train=0.6394
  lam0.3 seed3  abs: P=0.5375 R=0.5890 F1=0.5621 attn_iou=0.2176 gap=0.2829

=== lam0.3 seed 4  train=220 val=47 test=48 ===
  [seed4_abs_lam0.3] epoch 20/80 train=3.9633
  [seed4_abs_lam0.3] epoch 40/80 train=1.5945
  [seed4_abs_lam0.3] epoch 60/80 train=0.6593
  [seed4_abs_lam0.3] epoch 80/80 train=0.4711
  lam0.3 seed4  abs: P=0.5541 R=0.5942 F1=0.5734 attn_iou=0.1913 gap=0.2271

########## LAM_ATT = 0.5 ##########

=== lam0.5 seed 0  train=220 val=47 test=48 ===
  [seed0_abs_lam0.5] epoch 20/80 train=4.5478
  [seed0_abs_lam0.5] epoch 40/80 train=2.3304
  [seed0_abs_lam0.5] epoch 60/80 train=0.8810
  [seed0_abs_lam0.5] epoch 80/80 train=0.6171
  lam0.5 seed0  abs: P=0.7288 R=0.5972 F1=0.6565 attn_iou=0.2397 gap=0.3013

=== lam0.5 seed 1  train=220 val=47 test=48 ===
  [seed1_abs_lam0.5] epoch 20/80 train=4.4532
  [seed1_abs_lam0.5] epoch 40/80 train=2.1808
  [seed1_abs_lam0.5] epoch 60/80 train=0.8343
  [seed1_abs_lam0.5] epoch 80/80 train=0.6808
  lam0.5 seed1  abs: P=0.7800 R=0.6500 F1=0.7091 attn_iou=0.2400 gap=0.2904

=== lam0.5 seed 2  train=220 val=47 test=48 ===
  [seed2_abs_lam0.5] epoch 20/80 train=4.0246
  [seed2_abs_lam0.5] epoch 40/80 train=1.3908
  [seed2_abs_lam0.5] epoch 60/80 train=0.7079
  [seed2_abs_lam0.5] epoch 80/80 train=0.5884
  lam0.5 seed2  abs: P=0.7818 R=0.6232 F1=0.6935 attn_iou=0.2693 gap=0.3411

=== lam0.5 seed 3  train=220 val=47 test=48 ===
  [seed3_abs_lam0.5] epoch 20/80 train=5.5085
  [seed3_abs_lam0.5] epoch 40/80 train=3.5953
  [seed3_abs_lam0.5] epoch 60/80 train=1.6357
  [seed3_abs_lam0.5] epoch 80/80 train=0.8101
  lam0.5 seed3  abs: P=0.5571 R=0.5342 F1=0.5455 attn_iou=0.2333 gap=0.3243

=== lam0.5 seed 4  train=220 val=47 test=48 ===
  [seed4_abs_lam0.5] epoch 20/80 train=4.1489
  [seed4_abs_lam0.5] epoch 40/80 train=1.7200
  [seed4_abs_lam0.5] epoch 60/80 train=0.7525
  [seed4_abs_lam0.5] epoch 80/80 train=0.6258
  lam0.5 seed4  abs: P=0.5000 R=0.5652 F1=0.5306 attn_iou=0.2141 gap=0.2589

########## LAM_ATT = 2.0 ##########

=== lam2.0 seed 0  train=220 val=47 test=48 ===
  [seed0_abs_lam2.0] epoch 20/80 train=5.8685
  [seed0_abs_lam2.0] epoch 40/80 train=3.2881
  [seed0_abs_lam2.0] epoch 60/80 train=2.0081
  [seed0_abs_lam2.0] epoch 80/80 train=1.6945
  lam2.0 seed0  abs: P=0.7719 R=0.6111 F1=0.6822 attn_iou=0.2789 gap=0.3484

=== lam2.0 seed 1  train=220 val=47 test=48 ===
  [seed1_abs_lam2.0] epoch 20/80 train=5.8968
  [seed1_abs_lam2.0] epoch 40/80 train=3.5270
  [seed1_abs_lam2.0] epoch 60/80 train=2.0578
  [seed1_abs_lam2.0] epoch 80/80 train=1.7993
  lam2.0 seed1  abs: P=0.6087 R=0.7000 F1=0.6512 attn_iou=0.2784 gap=0.3119

=== lam2.0 seed 2  train=220 val=47 test=48 ===
  [seed2_abs_lam2.0] epoch 20/80 train=5.4276
  [seed2_abs_lam2.0] epoch 40/80 train=2.4966
  [seed2_abs_lam2.0] epoch 60/80 train=3.8351
  [seed2_abs_lam2.0] epoch 80/80 train=1.6674
  lam2.0 seed2  abs: P=0.6543 R=0.7681 F1=0.7067 attn_iou=0.3054 gap=0.3895

=== lam2.0 seed 3  train=220 val=47 test=48 ===
  [seed3_abs_lam2.0] epoch 20/80 train=6.9317
  [seed3_abs_lam2.0] epoch 40/80 train=4.4901
  [seed3_abs_lam2.0] epoch 60/80 train=2.5712
  [seed3_abs_lam2.0] epoch 80/80 train=1.9575
  lam2.0 seed3  abs: P=0.6364 R=0.6712 F1=0.6533 attn_iou=0.2775 gap=0.3741

=== lam2.0 seed 4  train=220 val=47 test=48 ===
  [seed4_abs_lam2.0] epoch 20/80 train=5.5107
  [seed4_abs_lam2.0] epoch 40/80 train=2.9192
  [seed4_abs_lam2.0] epoch 60/80 train=1.9200
  [seed4_abs_lam2.0] epoch 80/80 train=1.6869
  lam2.0 seed4  abs: P=0.8085 R=0.5507 F1=0.6552 attn_iou=0.2367 gap=0.2867

========================================================================================================
  config  lam_att          bbox_P          bbox_R         bbox_F1   attn_band_iou        attn_gap
     abs      0.3  0.6545¡À0.1021   0.5799¡À0.0305   0.6107¡À0.0482   0.2214¡À0.0176   0.2818¡À0.0292 
     abs      0.5  0.6696¡À0.1181   0.5940¡À0.0410   0.6270¡À0.0748   0.2393¡À0.0177   0.3032¡À0.0283 
     abs      2.0  0.6960¡À0.0792   0.6602¡À0.0745   0.6697¡À0.0217   0.2754¡À0.0220   0.3421¡À0.0382 
========================================================================================================

Saved -> C:\Users\79152\Desktop\github\shuangquxian\ml\0409\attn_cnn_merged_final_0623_1311
