Using device: cuda
[yolo] n_total=315  modes=['none', 'abs']  seeds=[0, 1, 2, 3, 4]  margin=0.5  lam_att_sweep=[0.3, 0.5, 1, 3, 5]  augment=True  fuse=concat  run_val=False  70/0/30

########## LAM_ATT = 0.3 ##########

=== lam0.3 seed 0  train=220 val=0 test=95 (70/0/30) ===
  [seed0_none_lam0.3] epoch 20/80 train=0.4501
  [seed0_none_lam0.3] epoch 40/80 train=0.1675
  [seed0_none_lam0.3] epoch 60/80 train=0.1286
  [seed0_none_lam0.3] epoch 80/80 train=0.1654
  lam0.3 seed0 none: P=0.2126 R=0.6733 F1=0.3232 attn_iou=nan gap=nan
  [seed0_abs_lam0.3] epoch 20/80 train=0.7584
  [seed0_abs_lam0.3] epoch 40/80 train=0.4207
  [seed0_abs_lam0.3] epoch 60/80 train=0.3863
  [seed0_abs_lam0.3] epoch 80/80 train=0.3367
  lam0.3 seed0  abs: P=0.2857 R=0.8533 F1=0.4281 attn_iou=0.2656 gap=0.3338

=== lam0.3 seed 1  train=220 val=0 test=95 (70/0/30) ===
  [seed1_none_lam0.3] epoch 20/80 train=0.4320
  [seed1_none_lam0.3] epoch 40/80 train=0.1636
  [seed1_none_lam0.3] epoch 60/80 train=0.2209
  [seed1_none_lam0.3] epoch 80/80 train=0.1052
  lam0.3 seed1 none: P=0.2442 R=0.9062 F1=0.3847 attn_iou=nan gap=nan
  [seed1_abs_lam0.3] epoch 20/80 train=0.6610
  [seed1_abs_lam0.3] epoch 40/80 train=0.4029
  [seed1_abs_lam0.3] epoch 60/80 train=0.3862
  [seed1_abs_lam0.3] epoch 80/80 train=0.3257
  lam0.3 seed1  abs: P=0.2746 R=0.9609 F1=0.4271 attn_iou=0.2581 gap=0.3052

=== lam0.3 seed 2  train=220 val=0 test=95 (70/0/30) ===
  [seed2_none_lam0.3] epoch 20/80 train=0.3096
  [seed2_none_lam0.3] epoch 40/80 train=0.1450
  [seed2_none_lam0.3] epoch 60/80 train=0.1044
  [seed2_none_lam0.3] epoch 80/80 train=0.0974
  lam0.3 seed2 none: P=0.2602 R=0.8779 F1=0.4014 attn_iou=nan gap=nan
  [seed2_abs_lam0.3] epoch 20/80 train=0.6148
  [seed2_abs_lam0.3] epoch 40/80 train=0.4021
  [seed2_abs_lam0.3] epoch 60/80 train=0.3396
  [seed2_abs_lam0.3] epoch 80/80 train=0.3166
  lam0.3 seed2  abs: P=0.2861 R=0.8931 F1=0.4333 attn_iou=0.2981 gap=0.3965

=== lam0.3 seed 3  train=220 val=0 test=95 (70/0/30) ===
  [seed3_none_lam0.3] epoch 20/80 train=0.3624
  [seed3_none_lam0.3] epoch 40/80 train=0.1460
  [seed3_none_lam0.3] epoch 60/80 train=0.1203
  [seed3_none_lam0.3] epoch 80/80 train=0.0997
  lam0.3 seed3 none: P=0.2937 R=0.8851 F1=0.4411 attn_iou=nan gap=nan
  [seed3_abs_lam0.3] epoch 20/80 train=0.6442
  [seed3_abs_lam0.3] epoch 40/80 train=0.3991
  [seed3_abs_lam0.3] epoch 60/80 train=0.3517
  [seed3_abs_lam0.3] epoch 80/80 train=0.3329
  lam0.3 seed3  abs: P=0.3290 R=0.8649 F1=0.4767 attn_iou=0.2862 gap=0.3837

=== lam0.3 seed 4  train=220 val=0 test=95 (70/0/30) ===
  [seed4_none_lam0.3] epoch 20/80 train=0.4064
  [seed4_none_lam0.3] epoch 40/80 train=0.1733
  [seed4_none_lam0.3] epoch 60/80 train=0.5126
  [seed4_none_lam0.3] epoch 80/80 train=0.1033
  lam0.3 seed4 none: P=0.2426 R=0.8519 F1=0.3777 attn_iou=nan gap=nan
  [seed4_abs_lam0.3] epoch 20/80 train=0.6347
  [seed4_abs_lam0.3] epoch 40/80 train=0.4128
  [seed4_abs_lam0.3] epoch 60/80 train=0.3538
  [seed4_abs_lam0.3] epoch 80/80 train=0.3190
  lam0.3 seed4  abs: P=0.3232 R=0.8667 F1=0.4708 attn_iou=0.2429 gap=0.3004

########## LAM_ATT = 0.5 ##########

=== lam0.5 seed 0  train=220 val=0 test=95 (70/0/30) ===
  [seed0_none_lam0.5] epoch 20/80 train=0.4501
  [seed0_none_lam0.5] epoch 40/80 train=0.1675
  [seed0_none_lam0.5] epoch 60/80 train=0.1286
  [seed0_none_lam0.5] epoch 80/80 train=0.1654
  lam0.5 seed0 none: P=0.2126 R=0.6733 F1=0.3232 attn_iou=nan gap=nan
  [seed0_abs_lam0.5] epoch 20/80 train=0.8817
  [seed0_abs_lam0.5] epoch 40/80 train=0.5722
  [seed0_abs_lam0.5] epoch 60/80 train=0.4932
  [seed0_abs_lam0.5] epoch 80/80 train=0.5734
  lam0.5 seed0  abs: P=0.2316 R=0.7333 F1=0.3520 attn_iou=0.2454 gap=0.2992

=== lam0.5 seed 1  train=220 val=0 test=95 (70/0/30) ===
  [seed1_none_lam0.5] epoch 20/80 train=0.4320
  [seed1_none_lam0.5] epoch 40/80 train=0.1636
  [seed1_none_lam0.5] epoch 60/80 train=0.2209
  [seed1_none_lam0.5] epoch 80/80 train=0.1052
  lam0.5 seed1 none: P=0.2442 R=0.9062 F1=0.3847 attn_iou=nan gap=nan
  [seed1_abs_lam0.5] epoch 20/80 train=0.9224
  [seed1_abs_lam0.5] epoch 40/80 train=0.5810
  [seed1_abs_lam0.5] epoch 60/80 train=0.5079
  [seed1_abs_lam0.5] epoch 80/80 train=0.4724
  lam0.5 seed1  abs: P=0.2586 R=0.9375 F1=0.4054 attn_iou=0.2889 gap=0.3481

=== lam0.5 seed 2  train=220 val=0 test=95 (70/0/30) ===
  [seed2_none_lam0.5] epoch 20/80 train=0.3096
  [seed2_none_lam0.5] epoch 40/80 train=0.1450
  [seed2_none_lam0.5] epoch 60/80 train=0.1044
  [seed2_none_lam0.5] epoch 80/80 train=0.0974
  lam0.5 seed2 none: P=0.2602 R=0.8779 F1=0.4014 attn_iou=nan gap=nan
  [seed2_abs_lam0.5] epoch 20/80 train=0.8135
  [seed2_abs_lam0.5] epoch 40/80 train=0.5600
  [seed2_abs_lam0.5] epoch 60/80 train=0.4834
  [seed2_abs_lam0.5] epoch 80/80 train=0.4500
  lam0.5 seed2  abs: P=0.2995 R=0.9008 F1=0.4495 attn_iou=0.3100 gap=0.3626

=== lam0.5 seed 3  train=220 val=0 test=95 (70/0/30) ===
  [seed3_none_lam0.5] epoch 20/80 train=0.3624
  [seed3_none_lam0.5] epoch 40/80 train=0.1460
  [seed3_none_lam0.5] epoch 60/80 train=0.1203
  [seed3_none_lam0.5] epoch 80/80 train=0.0997
  lam0.5 seed3 none: P=0.2937 R=0.8851 F1=0.4411 attn_iou=nan gap=nan
  [seed3_abs_lam0.5] epoch 20/80 train=0.8879
  [seed3_abs_lam0.5] epoch 40/80 train=0.5622
  [seed3_abs_lam0.5] epoch 60/80 train=0.5282
  [seed3_abs_lam0.5] epoch 80/80 train=0.4743
  lam0.5 seed3  abs: P=0.3289 R=0.8378 F1=0.4724 attn_iou=0.2975 gap=0.3627

=== lam0.5 seed 4  train=220 val=0 test=95 (70/0/30) ===
  [seed4_none_lam0.5] epoch 20/80 train=0.4064
  [seed4_none_lam0.5] epoch 40/80 train=0.1733
  [seed4_none_lam0.5] epoch 60/80 train=0.5126
  [seed4_none_lam0.5] epoch 80/80 train=0.1033
  lam0.5 seed4 none: P=0.2426 R=0.8519 F1=0.3777 attn_iou=nan gap=nan
  [seed4_abs_lam0.5] epoch 20/80 train=0.7615
  [seed4_abs_lam0.5] epoch 40/80 train=0.5548
  [seed4_abs_lam0.5] epoch 60/80 train=0.4838
  [seed4_abs_lam0.5] epoch 80/80 train=0.4417
  lam0.5 seed4  abs: P=0.3246 R=0.9185 F1=0.4797 attn_iou=0.2649 gap=0.3287

########## LAM_ATT = 1 ##########

=== lam1 seed 0  train=220 val=0 test=95 (70/0/30) ===
  [seed0_none_lam1] epoch 20/80 train=0.4501
  [seed0_none_lam1] epoch 40/80 train=0.1675
  [seed0_none_lam1] epoch 60/80 train=0.1286
  [seed0_none_lam1] epoch 80/80 train=0.1654
  lam1 seed0 none: P=0.2126 R=0.6733 F1=0.3232 attn_iou=nan gap=nan
  [seed0_abs_lam1] epoch 20/80 train=1.2217
  [seed0_abs_lam1] epoch 40/80 train=0.9404
  [seed0_abs_lam1] epoch 60/80 train=0.8322
  [seed0_abs_lam1] epoch 80/80 train=0.7832
  lam1 seed0  abs: P=0.2791 R=0.8467 F1=0.4198 attn_iou=0.3223 gap=0.4345

=== lam1 seed 1  train=220 val=0 test=95 (70/0/30) ===
  [seed1_none_lam1] epoch 20/80 train=0.4320
  [seed1_none_lam1] epoch 40/80 train=0.1636
  [seed1_none_lam1] epoch 60/80 train=0.2209
  [seed1_none_lam1] epoch 80/80 train=0.1052
  lam1 seed1 none: P=0.2442 R=0.9062 F1=0.3847 attn_iou=nan gap=nan
  [seed1_abs_lam1] epoch 20/80 train=1.3061
  [seed1_abs_lam1] epoch 40/80 train=0.9667
  [seed1_abs_lam1] epoch 60/80 train=0.8592
  [seed1_abs_lam1] epoch 80/80 train=0.9905
  lam1 seed1  abs: P=0.0905 R=0.3359 F1=0.1426 attn_iou=0.1769 gap=0.2071

=== lam1 seed 2  train=220 val=0 test=95 (70/0/30) ===
  [seed2_none_lam1] epoch 20/80 train=0.3096
  [seed2_none_lam1] epoch 40/80 train=0.1450
  [seed2_none_lam1] epoch 60/80 train=0.1044
  [seed2_none_lam1] epoch 80/80 train=0.0974
  lam1 seed2 none: P=0.2602 R=0.8779 F1=0.4014 attn_iou=nan gap=nan
  [seed2_abs_lam1] epoch 20/80 train=1.2516
  [seed2_abs_lam1] epoch 40/80 train=0.9996
  [seed2_abs_lam1] epoch 60/80 train=0.8310
  [seed2_abs_lam1] epoch 80/80 train=0.7753
  lam1 seed2  abs: P=0.2860 R=0.9389 F1=0.4385 attn_iou=0.3231 gap=0.3826

=== lam1 seed 3  train=220 val=0 test=95 (70/0/30) ===
  [seed3_none_lam1] epoch 20/80 train=0.3624
  [seed3_none_lam1] epoch 40/80 train=0.1460
  [seed3_none_lam1] epoch 60/80 train=0.1203
  [seed3_none_lam1] epoch 80/80 train=0.0997
  lam1 seed3 none: P=0.2937 R=0.8851 F1=0.4411 attn_iou=nan gap=nan
  [seed3_abs_lam1] epoch 20/80 train=1.3239
  [seed3_abs_lam1] epoch 40/80 train=0.9577
  [seed3_abs_lam1] epoch 60/80 train=0.8630
  [seed3_abs_lam1] epoch 80/80 train=0.7948
  lam1 seed3  abs: P=0.3716 R=0.9189 F1=0.5292 attn_iou=0.3073 gap=0.3545

=== lam1 seed 4  train=220 val=0 test=95 (70/0/30) ===
  [seed4_none_lam1] epoch 20/80 train=0.4064
  [seed4_none_lam1] epoch 40/80 train=0.1733
  [seed4_none_lam1] epoch 60/80 train=0.5126
  [seed4_none_lam1] epoch 80/80 train=0.1033
  lam1 seed4 none: P=0.2426 R=0.8519 F1=0.3777 attn_iou=nan gap=nan
  [seed4_abs_lam1] epoch 20/80 train=1.2691
  [seed4_abs_lam1] epoch 40/80 train=0.9412
  [seed4_abs_lam1] epoch 60/80 train=0.8202
  [seed4_abs_lam1] epoch 80/80 train=0.9185
  lam1 seed4  abs: P=0.2484 R=0.8741 F1=0.3869 attn_iou=0.2615 gap=0.3452

########## LAM_ATT = 3 ##########

=== lam3 seed 0  train=220 val=0 test=95 (70/0/30) ===
  [seed0_none_lam3] epoch 20/80 train=0.4501
  [seed0_none_lam3] epoch 40/80 train=0.1675
  [seed0_none_lam3] epoch 60/80 train=0.1286
  [seed0_none_lam3] epoch 80/80 train=0.1654
  lam3 seed0 none: P=0.2126 R=0.6733 F1=0.3232 attn_iou=nan gap=nan
  [seed0_abs_lam3] epoch 20/80 train=2.9201
  [seed0_abs_lam3] epoch 40/80 train=2.3533
  [seed0_abs_lam3] epoch 60/80 train=2.1549
  [seed0_abs_lam3] epoch 80/80 train=2.0479
  lam3 seed0  abs: P=0.2611 R=0.8267 F1=0.3968 attn_iou=0.3544 gap=0.4342

=== lam3 seed 1  train=220 val=0 test=95 (70/0/30) ===
  [seed1_none_lam3] epoch 20/80 train=0.4320
  [seed1_none_lam3] epoch 40/80 train=0.1636
  [seed1_none_lam3] epoch 60/80 train=0.2209
  [seed1_none_lam3] epoch 80/80 train=0.1052
  lam3 seed1 none: P=0.2442 R=0.9062 F1=0.3847 attn_iou=nan gap=nan
  [seed1_abs_lam3] epoch 20/80 train=3.0823
  [seed1_abs_lam3] epoch 40/80 train=2.4901
  [seed1_abs_lam3] epoch 60/80 train=2.3877
  [seed1_abs_lam3] epoch 80/80 train=2.0850
  lam3 seed1  abs: P=0.2564 R=0.9453 F1=0.4033 attn_iou=0.3285 gap=0.4352

=== lam3 seed 2  train=220 val=0 test=95 (70/0/30) ===
  [seed2_none_lam3] epoch 20/80 train=0.3096
  [seed2_none_lam3] epoch 40/80 train=0.1450
  [seed2_none_lam3] epoch 60/80 train=0.1044
  [seed2_none_lam3] epoch 80/80 train=0.0974
  lam3 seed2 none: P=0.2602 R=0.8779 F1=0.4014 attn_iou=nan gap=nan
  [seed2_abs_lam3] epoch 20/80 train=2.9337
  [seed2_abs_lam3] epoch 40/80 train=2.3497
  [seed2_abs_lam3] epoch 60/80 train=2.1283
  [seed2_abs_lam3] epoch 80/80 train=1.9677
  lam3 seed2  abs: P=0.2982 R=0.8855 F1=0.4462 attn_iou=0.3538 gap=0.4390

=== lam3 seed 3  train=220 val=0 test=95 (70/0/30) ===
  [seed3_none_lam3] epoch 20/80 train=0.3624
  [seed3_none_lam3] epoch 40/80 train=0.1460
  [seed3_none_lam3] epoch 60/80 train=0.1203
  [seed3_none_lam3] epoch 80/80 train=0.0997
  lam3 seed3 none: P=0.2937 R=0.8851 F1=0.4411 attn_iou=nan gap=nan
  [seed3_abs_lam3] epoch 20/80 train=2.9960
  [seed3_abs_lam3] epoch 40/80 train=2.4283
  [seed3_abs_lam3] epoch 60/80 train=2.2071
  [seed3_abs_lam3] epoch 80/80 train=2.1342
  lam3 seed3  abs: P=0.1811 R=0.5811 F1=0.2761 attn_iou=0.3246 gap=0.4108

=== lam3 seed 4  train=220 val=0 test=95 (70/0/30) ===
  [seed4_none_lam3] epoch 20/80 train=0.4064
  [seed4_none_lam3] epoch 40/80 train=0.1733
  [seed4_none_lam3] epoch 60/80 train=0.5126
  [seed4_none_lam3] epoch 80/80 train=0.1033
  lam3 seed4 none: P=0.2426 R=0.8519 F1=0.3777 attn_iou=nan gap=nan
  [seed4_abs_lam3] epoch 20/80 train=2.8738
  [seed4_abs_lam3] epoch 40/80 train=2.3457
  [seed4_abs_lam3] epoch 60/80 train=2.0858
  [seed4_abs_lam3] epoch 80/80 train=1.9143
  lam3 seed4  abs: P=0.3088 R=0.9333 F1=0.4641 attn_iou=0.3039 gap=0.3715

########## LAM_ATT = 5 ##########

=== lam5 seed 0  train=220 val=0 test=95 (70/0/30) ===
  [seed0_none_lam5] epoch 20/80 train=0.4501
  [seed0_none_lam5] epoch 40/80 train=0.1675
  [seed0_none_lam5] epoch 60/80 train=0.1286
  [seed0_none_lam5] epoch 80/80 train=0.1654
  lam5 seed0 none: P=0.2126 R=0.6733 F1=0.3232 attn_iou=nan gap=nan
  [seed0_abs_lam5] epoch 20/80 train=4.4679
  [seed0_abs_lam5] epoch 40/80 train=3.9335
  [seed0_abs_lam5] epoch 60/80 train=3.3876
  [seed0_abs_lam5] epoch 80/80 train=3.3333
  lam5 seed0  abs: P=0.2274 R=0.7200 F1=0.3456 attn_iou=0.3635 gap=0.4577

=== lam5 seed 1  train=220 val=0 test=95 (70/0/30) ===
  [seed1_none_lam5] epoch 20/80 train=0.4320
  [seed1_none_lam5] epoch 40/80 train=0.1636
  [seed1_none_lam5] epoch 60/80 train=0.2209
  [seed1_none_lam5] epoch 80/80 train=0.1052
  lam5 seed1 none: P=0.2442 R=0.9062 F1=0.3847 attn_iou=nan gap=nan
  [seed1_abs_lam5] epoch 20/80 train=4.8228
  [seed1_abs_lam5] epoch 40/80 train=3.9681
  [seed1_abs_lam5] epoch 60/80 train=3.6543
  [seed1_abs_lam5] epoch 80/80 train=3.2841
  lam5 seed1  abs: P=0.2516 R=0.9141 F1=0.3946 attn_iou=0.3439 gap=0.4614

=== lam5 seed 2  train=220 val=0 test=95 (70/0/30) ===
  [seed2_none_lam5] epoch 20/80 train=0.3096
  [seed2_none_lam5] epoch 40/80 train=0.1450
  [seed2_none_lam5] epoch 60/80 train=0.1044
  [seed2_none_lam5] epoch 80/80 train=0.0974
  lam5 seed2 none: P=0.2602 R=0.8779 F1=0.4014 attn_iou=nan gap=nan
  [seed2_abs_lam5] epoch 20/80 train=4.5319
  [seed2_abs_lam5] epoch 40/80 train=3.7960
  [seed2_abs_lam5] epoch 60/80 train=3.3720
  [seed2_abs_lam5] epoch 80/80 train=3.1356
  lam5 seed2  abs: P=0.2553 R=0.9160 F1=0.3993 attn_iou=0.3680 gap=0.4680

=== lam5 seed 3  train=220 val=0 test=95 (70/0/30) ===
  [seed3_none_lam5] epoch 20/80 train=0.3624
  [seed3_none_lam5] epoch 40/80 train=0.1460
  [seed3_none_lam5] epoch 60/80 train=0.1203
  [seed3_none_lam5] epoch 80/80 train=0.0997
  lam5 seed3 none: P=0.2937 R=0.8851 F1=0.4411 attn_iou=nan gap=nan
  [seed3_abs_lam5] epoch 20/80 train=4.6984
  [seed3_abs_lam5] epoch 40/80 train=3.9052
  [seed3_abs_lam5] epoch 60/80 train=3.4795
  [seed3_abs_lam5] epoch 80/80 train=3.2487
  lam5 seed3  abs: P=0.3211 R=0.9459 F1=0.4795 attn_iou=0.3729 gap=0.4675

=== lam5 seed 4  train=220 val=0 test=95 (70/0/30) ===
  [seed4_none_lam5] epoch 20/80 train=0.4064
  [seed4_none_lam5] epoch 40/80 train=0.1733
  [seed4_none_lam5] epoch 60/80 train=0.5126
  [seed4_none_lam5] epoch 80/80 train=0.1033
  lam5 seed4 none: P=0.2426 R=0.8519 F1=0.3777 attn_iou=nan gap=nan
  [seed4_abs_lam5] epoch 20/80 train=4.4435
  [seed4_abs_lam5] epoch 40/80 train=3.7022
  [seed4_abs_lam5] epoch 60/80 train=3.3523
  [seed4_abs_lam5] epoch 80/80 train=3.0725
  lam5 seed4  abs: P=0.2641 R=0.9037 F1=0.4087 attn_iou=0.3379 gap=0.4643

========================================================================================================
  config  lam_att          bbox_P          bbox_R         bbox_F1   attn_band_iou        attn_gap
    none      0.3  0.2507¡À0.0264   0.8389¡À0.0846   0.3856¡À0.0382              nan             nan
    none      0.5  0.2507¡À0.0264   0.8389¡À0.0846   0.3856¡À0.0382              nan             nan
    none        1  0.2507¡À0.0264   0.8389¡À0.0846   0.3856¡À0.0382              nan             nan
    none        3  0.2507¡À0.0264   0.8389¡À0.0846   0.3856¡À0.0382              nan             nan
    none        5  0.2507¡À0.0264   0.8389¡À0.0846   0.3856¡À0.0382              nan             nan
     abs      0.3  0.2997¡À0.0220   0.8878¡À0.0388   0.4472¡À0.0219   0.2702¡À0.0197   0.3439¡À0.0396 
     abs      0.5  0.2886¡À0.0379   0.8656¡À0.0741   0.4318¡À0.0476   0.2813¡À0.0233   0.3403¡À0.0240 
     abs        1  0.2551¡À0.0919   0.7829¡À0.2258   0.3834¡À0.1293   0.2782¡À0.0554   0.3448¡À0.0755 
     abs        3  0.2611¡À0.0449   0.8344¡À0.1334   0.3973¡À0.0657   0.3330¡À0.0191   0.4181¡À0.0254 
     abs        5  0.2639¡À0.0311   0.8799¡À0.0812   0.4055¡À0.0430   0.3572¡À0.0138   0.4638¡À0.0039 
========================================================================================================

Saved -> C:\Users\79152\Desktop\github\shuangquxian\ml\0409\attn_cnn_yolo_final_0623_2313
