This is pdfTeX, Version 3.141592653-2.6-1.40.28 (MiKTeX 25.12) (preloaded format=pdflatex 2026.6.29)  3 JUL 2026 17:40
entering extended mode
 restricted \write18 enabled.
 file:line:error style messages enabled.
 %&-line parsing enabled.
**"c:/Users/yang/Desktop/github/shuangquxian/writepaper/IEEE - Copy/1main copy.tex"
(c:/Users/yang/Desktop/github/shuangquxian/writepaper/IEEE - Copy/1main copy.tex
LaTeX2e <2025-11-01>
L3 programming layer <2025-12-24>
(IEEEtran.cls
Document Class: IEEEtran 2015/08/26 V1.8b by Michael Shell
-- See the "IEEEtran_HOWTO" manual for usage information.
-- http://www.michaelshell.org/tex/ieeetran/
\@IEEEtrantmpdimenA=\dimen148
\@IEEEtrantmpdimenB=\dimen149
\@IEEEtrantmpdimenC=\dimen150
\@IEEEtrantmpcountA=\count275
\@IEEEtrantmpcountB=\count276
\@IEEEtrantmpcountC=\count277
\@IEEEtrantmptoksA=\toks17
LaTeX Font Info:    Trying to load font information for OT1+ptm on input line 503.
(C:\Users\yang\AppData\Local\Programs\MiKTeX\tex/latex/psnfss\ot1ptm.fd
File: ot1ptm.fd 2001/06/04 font definitions for OT1/ptm.
)
-- Using 8.5in x 11in (letter) paper.
-- Using PDF output.
\@IEEEnormalsizeunitybaselineskip=\dimen151
-- This is a 10 point document.
LaTeX Encoding Info:    Redeclaring text command \textunderscore (encoding ?) on input line 940.
\CLASSINFOnormalsizebaselineskip=\dimen152
\CLASSINFOnormalsizeunitybaselineskip=\dimen153
\IEEEnormaljot=\dimen154
LaTeX Font Info:    Font shape `OT1/ptm/bx/n' in size <5> not available
(Font)              Font shape `OT1/ptm/b/n' tried instead on input line 1086.
LaTeX Font Info:    Font shape `OT1/ptm/bx/it' in size <5> not available
(Font)              Font shape `OT1/ptm/b/it' tried instead on input line 1086.
LaTeX Font Info:    Font shape `OT1/ptm/bx/n' in size <7> not available
(Font)              Font shape `OT1/ptm/b/n' tried instead on input line 1086.
LaTeX Font Info:    Font shape `OT1/ptm/bx/it' in size <7> not available
(Font)              Font shape `OT1/ptm/b/it' tried instead on input line 1086.
LaTeX Font Info:    Font shape `OT1/ptm/bx/n' in size <8> not available
(Font)              Font shape `OT1/ptm/b/n' tried instead on input line 1086.
LaTeX Font Info:    Font shape `OT1/ptm/bx/it' in size <8> not available
(Font)              Font shape `OT1/ptm/b/it' tried instead on input line 1086.
LaTeX Font Info:    Font shape `OT1/ptm/bx/n' in size <9> not available
(Font)              Font shape `OT1/ptm/b/n' tried instead on input line 1086.
LaTeX Font Info:    Font shape `OT1/ptm/bx/it' in size <9> not available
(Font)              Font shape `OT1/ptm/b/it' tried instead on input line 1086.
LaTeX Font Info:    Font shape `OT1/ptm/bx/n' in size <10> not available
(Font)              Font shape `OT1/ptm/b/n' tried instead on input line 1086.
LaTeX Font Info:    Font shape `OT1/ptm/bx/it' in size <10> not available
(Font)              Font shape `OT1/ptm/b/it' tried instead on input line 1086.
LaTeX Font Info:    Font shape `OT1/ptm/bx/n' in size <11> not available
(Font)              Font shape `OT1/ptm/b/n' tried instead on input line 1086.
LaTeX Font Info:    Font shape `OT1/ptm/bx/it' in size <11> not available
(Font)              Font shape `OT1/ptm/b/it' tried instead on input line 1086.
LaTeX Font Info:    Font shape `OT1/ptm/bx/n' in size <12> not available
(Font)              Font shape `OT1/ptm/b/n' tried instead on input line 1086.
LaTeX Font Info:    Font shape `OT1/ptm/bx/it' in size <12> not available
(Font)              Font shape `OT1/ptm/b/it' tried instead on input line 1086.
LaTeX Font Info:    Font shape `OT1/ptm/bx/n' in size <18> not available
(Font)              Font shape `OT1/ptm/b/n' tried instead on input line 1086.
LaTeX Font Info:    Font shape `OT1/ptm/bx/it' in size <18> not available
(Font)              Font shape `OT1/ptm/b/it' tried instead on input line 1086.
\IEEEquantizedlength=\dimen155
\IEEEquantizedlengthdiff=\dimen156
\IEEEquantizedtextheightdiff=\dimen157
\IEEEilabelindentA=\dimen158
\IEEEilabelindentB=\dimen159
\IEEEilabelindent=\dimen160
\IEEEelabelindent=\dimen161
\IEEEdlabelindent=\dimen162
\IEEElabelindent=\dimen163
\IEEEiednormlabelsep=\dimen164
\IEEEiedmathlabelsep=\dimen165
\IEEEiedtopsep=\skip49
\c@section=\count278
\c@subsection=\count279
\c@subsubsection=\count280
\c@paragraph=\count281
\c@IEEEsubequation=\count282
\abovecaptionskip=\skip50
\belowcaptionskip=\skip51
\c@figure=\count283
\c@table=\count284
\@IEEEeqnnumcols=\count285
\@IEEEeqncolcnt=\count286
\@IEEEsubeqnnumrollback=\count287
\@IEEEquantizeheightA=\dimen166
\@IEEEquantizeheightB=\dimen167
\@IEEEquantizeheightC=\dimen168
\@IEEEquantizeprevdepth=\dimen169
\@IEEEquantizemultiple=\count288
\@IEEEquantizeboxA=\box53
\@IEEEtmpitemindent=\dimen170
\IEEEPARstartletwidth=\dimen171
\c@IEEEbiography=\count289
\@IEEEtranrubishbin=\box54
) (C:\Users\yang\AppData\Local\Programs\MiKTeX\tex/latex/amsmath\amsmath.sty
Package: amsmath 2025/07/09 v2.17z AMS math features
\@mathmargin=\skip52

For additional information on amsmath, use the `?' option.
(C:\Users\yang\AppData\Local\Programs\MiKTeX\tex/latex/amsmath\amstext.sty
Package: amstext 2024/11/17 v2.01 AMS text
 (C:\Users\yang\AppData\Local\Programs\MiKTeX\tex/latex/amsmath\amsgen.sty
File: amsgen.sty 1999/11/30 v2.0 generic functions
\@emptytoks=\toks18
\ex@=\dimen172
)) (C:\Users\yang\AppData\Local\Programs\MiKTeX\tex/latex/amsmath\amsbsy.sty
Package: amsbsy 1999/11/29 v1.2d Bold Symbols
\pmbraise@=\dimen173
) (C:\Users\yang\AppData\Local\Programs\MiKTeX\tex/latex/amsmath\amsopn.sty
Package: amsopn 2022/04/08 v2.04 operator names
)
\inf@bad=\count290
LaTeX Info: Redefining \frac on input line 233.
\uproot@=\count291
\leftroot@=\count292
LaTeX Info: Redefining \overline on input line 398.
LaTeX Info: Redefining \colon on input line 409.
\classnum@=\count293
\DOTSCASE@=\count294
LaTeX Info: Redefining \ldots on input line 495.
LaTeX Info: Redefining \dots on input line 498.
LaTeX Info: Redefining \cdots on input line 619.
\Mathstrutbox@=\box55
\strutbox@=\box56
LaTeX Info: Redefining \big on input line 721.
LaTeX Info: Redefining \Big on input line 722.
LaTeX Info: Redefining \bigg on input line 723.
LaTeX Info: Redefining \Bigg on input line 724.
\big@size=\dimen174
LaTeX Font Info:    Redeclaring font encoding OML on input line 742.
LaTeX Font Info:    Redeclaring font encoding OMS on input line 743.
\macc@depth=\count295
LaTeX Info: Redefining \bmod on input line 904.
LaTeX Info: Redefining \pmod on input line 909.
LaTeX Info: Redefining \smash on input line 939.
LaTeX Info: Redefining \relbar on input line 969.
LaTeX Info: Redefining \Relbar on input line 970.
\c@MaxMatrixCols=\count296
\dotsspace@=\muskip17
\c@parentequation=\count297
\dspbrk@lvl=\count298
\tag@help=\toks19
\row@=\count299
\column@=\count300
\maxfields@=\count301
\andhelp@=\toks20
\eqnshift@=\dimen175
\alignsep@=\dimen176
\tagshift@=\dimen177
\tagwidth@=\dimen178
\totwidth@=\dimen179
\lineht@=\dimen180
\@envbody=\toks21
\multlinegap=\skip53
\multlinetaggap=\skip54
\mathdisplay@stack=\toks22
LaTeX Info: Redefining \[ on input line 2950.
LaTeX Info: Redefining \] on input line 2951.
) (C:\Users\yang\AppData\Local\Programs\MiKTeX\tex/latex/amsfonts\amsfonts.sty
Package: amsfonts 2013/01/14 v3.01 Basic AMSFonts support
\symAMSa=\mathgroup4
\symAMSb=\mathgroup5
LaTeX Font Info:    Redeclaring math symbol \hbar on input line 98.
LaTeX Font Info:    Overwriting math alphabet `\mathfrak' in version `bold'
(Font)                  U/euf/m/n --> U/euf/b/n on input line 106.
) (C:\Users\yang\AppData\Local\Programs\MiKTeX\tex/latex/algorithms\algorithmic.sty
Package: algorithmic 2009/08/24 v0.1 Document Style `algorithmic'
 (C:\Users\yang\AppData\Local\Programs\MiKTeX\tex/latex/base\ifthen.sty
Package: ifthen 2024/03/16 v1.1e Standard LaTeX ifthen package (DPC)
) (C:\Users\yang\AppData\Local\Programs\MiKTeX\tex/latex/graphics\keyval.sty
Package: keyval 2022/05/29 v1.15 key=value parser (DPC)
\KV@toks@=\toks23
)
\c@ALC@unique=\count302
\c@ALC@line=\count303
\c@ALC@rem=\count304
\c@ALC@depth=\count305
\ALC@tlm=\skip55
\algorithmicindent=\skip56
) (C:\Users\yang\AppData\Local\Programs\MiKTeX\tex/latex/algorithms\algorithm.sty
Package: algorithm 2009/08/24 v0.1 Document Style `algorithm' - floating environment
 (C:\Users\yang\AppData\Local\Programs\MiKTeX\tex/latex/float\float.sty
Package: float 2001/11/08 v1.3d Float enhancements (AL)
\c@float@type=\count306
\float@exts=\toks24
\float@box=\box57
\@float@everytoks=\toks25
\@floatcapt=\box58
)
\@float@every@algorithm=\toks26
\c@algorithm=\count307
) (C:\Users\yang\AppData\Local\Programs\MiKTeX\tex/latex/tools\array.sty
Package: array 2025/09/25 v2.6n Tabular extension package (FMi)
\col@sep=\dimen181
\ar@mcellbox=\box59
\extrarowheight=\dimen182
\NC@list=\toks27
\extratabsurround=\skip57
\backup@length=\skip58
\ar@cellbox=\box60
) (C:\Users\yang\AppData\Local\Programs\MiKTeX\tex/latex/subfig\subfig.sty
Package: subfig 2005/06/28 ver: 1.3 subfig package
 (C:\Users\yang\AppData\Local\Programs\MiKTeX\tex/latex/caption\caption3.sty
Package: caption3 2023/07/31 v2.4d caption3 kernel (AR)
\caption@tempdima=\dimen183
\captionmargin=\dimen184
\caption@leftmargin=\dimen185
\caption@rightmargin=\dimen186
\caption@width=\dimen187
\caption@indent=\dimen188
\caption@parindent=\dimen189
\caption@hangindent=\dimen190
Package caption Info: Unknown document class (or package),
(caption)             standard defaults will be used.
Package caption Info: \@makecaption = \long macro:#1#2->\ifx \@captype \@IEEEtablestring \footnotesize \bgroup \par \centering \@IEEEtabletopskipstrut {\normalfont \footnotesize #1}\\{\normalfont \footnotesize \scshape #2}\par \addvspace {0.5\baselineskip }\egroup \@IEEEtablecaptionsepspace \else \@IEEEfigurecaptionsepspace \setbox \@tempboxa \hbox {\normalfont \footnotesize {#1.}\nobreakspace \nobreakspace #2}\ifdim \wd \@tempboxa >\hsize \setbox \@tempboxa \hbox {\normalfont \footnotesize {#1.}\nobreakspace \nobreakspace }\parbox [t]{\hsize }{\normalfont \footnotesize \noindent \unhbox \@tempboxa #2}\else \ifCLASSOPTIONconference \hbox to\hsize {\normalfont \footnotesize \hfil \box \@tempboxa \hfil }\else \hbox to\hsize {\normalfont \footnotesize \box \@tempboxa \hfil }\fi \fi \fi  on input line 1175.
)
\c@KVtest=\count308
\sf@farskip=\skip59
\sf@captopadj=\dimen191
\sf@capskip=\skip60
\sf@nearskip=\skip61
\c@subfigure=\count309
\c@subfigure@save=\count310
\c@lofdepth=\count311
\c@subtable=\count312
\c@subtable@save=\count313
\c@lotdepth=\count314
\sf@top=\skip62
\sf@bottom=\skip63
) (C:\Users\yang\AppData\Local\Programs\MiKTeX\tex/latex/base\textcomp.sty
Package: textcomp 2024/04/24 v2.1b Standard LaTeX package
) (C:\Users\yang\AppData\Local\Programs\MiKTeX\tex/latex/sttools\stfloats.sty
Package: stfloats 2025/06/18 v3.4 Improve float mechanism and baselineskip settings
\@dblbotnum=\count315
\c@dblbotnumber=\count316
) (C:\Users\yang\AppData\Local\Programs\MiKTeX\tex/latex/url\url.sty
\Urlmuskip=\muskip18
Package: url 2013/09/16  ver 3.4  Verb mode for urls, etc.
) (C:\Users\yang\AppData\Local\Programs\MiKTeX\tex/latex/tools\verbatim.sty
Package: verbatim 2024-01-22 v1.5x LaTeX2e package for verbatim enhancements
\every@verbatim=\toks28
\verbatim@line=\toks29
\verbatim@in@stream=\read2
) (C:\Users\yang\AppData\Local\Programs\MiKTeX\tex/latex/graphics\graphicx.sty
Package: graphicx 2024/12/31 v1.2e Enhanced LaTeX Graphics (DPC,SPQR)
 (C:\Users\yang\AppData\Local\Programs\MiKTeX\tex/latex/graphics\graphics.sty
Package: graphics 2024/08/06 v1.4g Standard LaTeX Graphics (DPC,SPQR)
 (C:\Users\yang\AppData\Local\Programs\MiKTeX\tex/latex/graphics\trig.sty
Package: trig 2023/12/02 v1.11 sin cos tan (DPC)
) (C:\Users\yang\AppData\Local\Programs\MiKTeX\tex/latex/graphics-cfg\graphics.cfg
File: graphics.cfg 2016/06/04 v1.11 sample graphics configuration
)
Package graphics Info: Driver file: pdftex.def on input line 106.
 (C:\Users\yang\AppData\Local\Programs\MiKTeX\tex/latex/graphics-def\pdftex.def
File: pdftex.def 2025/09/29 v1.2d Graphics/color driver for pdftex
))
\Gin@req@height=\dimen192
\Gin@req@width=\dimen193
) (C:\Users\yang\AppData\Local\Programs\MiKTeX\tex/latex/cite\cite.sty
LaTeX Info: Redefining \cite on input line 302.
LaTeX Info: Redefining \nocite on input line 332.
Package: cite 2015/02/27  v 5.5
) (C:\Users\yang\AppData\Local\Programs\MiKTeX\tex/latex/booktabs\booktabs.sty
Package: booktabs 2020/01/12 v1.61803398 Publication quality tables
\heavyrulewidth=\dimen194
\lightrulewidth=\dimen195
\cmidrulewidth=\dimen196
\belowrulesep=\dimen197
\belowbottomsep=\dimen198
\aboverulesep=\dimen199
\abovetopsep=\dimen256
\cmidrulesep=\dimen257
\cmidrulekern=\dimen258
\defaultaddspace=\dimen259
\@cmidla=\count317
\@cmidlb=\count318
\@aboverulesep=\dimen260
\@belowrulesep=\dimen261
\@thisruleclass=\count319
\@lastruleclass=\count320
\@thisrulewidth=\dimen262
) (C:\Users\yang\AppData\Local\Programs\MiKTeX\tex/latex/multirow\multirow.sty
Package: multirow 2024/11/12 v2.9 Span multiple rows of a table
\multirow@colwidth=\skip64
\multirow@cntb=\count321
\multirow@dima=\skip65
\bigstrutjot=\dimen263
) (C:\Users\yang\AppData\Local\Programs\MiKTeX\tex/latex/amsfonts\amssymb.sty
Package: amssymb 2013/01/14 v3.01 AMS font symbols
) (C:\Users\yang\AppData\Local\Programs\MiKTeX\tex/latex/tools\bm.sty
Package: bm 2025/10/21 v1.2g Bold Symbol Support (DPC/FMi)
\symboldoperators=\mathgroup6
\symboldletters=\mathgroup7
\symboldsymbols=\mathgroup8
Package bm Info: No bold for \OMX/cmex/m/n, using \pmb.
Package bm Info: No bold for \U/msa/m/n, using \pmb.
Package bm Info: No bold for \U/msb/m/n, using \pmb.
LaTeX Font Info:    Redeclaring math alphabet \mathbf on input line 149.
) (C:\Users\yang\AppData\Local\Programs\MiKTeX\tex/latex/geometry\geometry.sty
Package: geometry 2026/03/07 v6.0 Page Geometry
 (C:\Users\yang\AppData\Local\Programs\MiKTeX\tex/generic/iftex\ifvtex.sty
Package: ifvtex 2019/10/25 v1.7 ifvtex legacy package. Use iftex instead.
 (C:\Users\yang\AppData\Local\Programs\MiKTeX\tex/generic/iftex\iftex.sty
Package: iftex 2024/12/12 v1.0g TeX engine tests
))
\Gm@cnth=\count322
\Gm@cntv=\count323
\c@Gm@tempcnt=\count324
\Gm@bindingoffset=\dimen264
\Gm@wd@mp=\dimen265
\Gm@odd@mp=\dimen266
\Gm@even@mp=\dimen267
\Gm@layoutwidth=\dimen268
\Gm@layoutheight=\dimen269
\Gm@layouthoffset=\dimen270
\Gm@layoutvoffset=\dimen271
\Gm@dimlist=\toks30
 (C:\Users\yang\AppData\Local\Programs\MiKTeX\tex/latex/geometry\geometry.cfg)) (C:\Users\yang\AppData\Local\Programs\MiKTeX\tex/latex/l3backend\l3backend-pdftex.def
File: l3backend-pdftex.def 2025-10-09 L3 backend support: PDF output (pdfTeX)
\l__color_backend_stack_int=\count325
)

LaTeX Warning: Unused global option(s):
    [lettersize].

No file "1main copy".aux.
\openout1 = `"1main copy.aux"'.

LaTeX Font Info:    Checking defaults for OML/cmm/m/it on input line 25.
LaTeX Font Info:    ... okay on input line 25.
LaTeX Font Info:    Checking defaults for OMS/cmsy/m/n on input line 25.
LaTeX Font Info:    ... okay on input line 25.
LaTeX Font Info:    Checking defaults for OT1/cmr/m/n on input line 25.
LaTeX Font Info:    ... okay on input line 25.
LaTeX Font Info:    Checking defaults for T1/cmr/m/n on input line 25.
LaTeX Font Info:    ... okay on input line 25.
LaTeX Font Info:    Checking defaults for TS1/cmr/m/n on input line 25.
LaTeX Font Info:    ... okay on input line 25.
LaTeX Font Info:    Checking defaults for OMX/cmex/m/n on input line 25.
LaTeX Font Info:    ... okay on input line 25.
LaTeX Font Info:    Checking defaults for U/cmr/m/n on input line 25.
LaTeX Font Info:    ... okay on input line 25.
-- Lines per column: 54 (approximate, difference = 2.43001pt).
Package caption Info: Begin \AtBeginDocument code.
Package caption Info: subfig package v1.3 is loaded.
Package caption Info: End \AtBeginDocument code.
(C:\Users\yang\AppData\Local\Programs\MiKTeX\tex/context/base/mkii\supp-pdf.mkii
[Loading MPS to PDF converter (version 2006.09.02).]
\scratchcounter=\count326
\scratchdimen=\dimen272
\scratchbox=\box61
\nofMPsegments=\count327
\nofMParguments=\count328
\everyMPshowfont=\toks31
\MPscratchCnt=\count329
\MPscratchDim=\dimen273
\MPnumerator=\count330
\makeMPintoPDFobject=\count331
\everyMPtoPDFconversion=\toks32
) (C:\Users\yang\AppData\Local\Programs\MiKTeX\tex/latex/epstopdf-pkg\epstopdf-base.sty
Package: epstopdf-base 2020-01-24 v2.11 Base part for package epstopdf
Package epstopdf-base Info: Redefining graphics rule for `.eps' on input line 485.
 (C:\Users\yang\AppData\Local\Programs\MiKTeX\tex/latex/00miktex\epstopdf-sys.cfg
File: epstopdf-sys.cfg 2021/03/18 v2.0 Configuration of epstopdf for MiKTeX
))
*geometry* driver: auto-detecting
*geometry* detected driver: pdftex
*geometry* verbose mode - [ preamble ] result:
* driver: pdftex
* paper: <default>
* layout: <same size as paper>
* layoutoffset:(h,v)=(0.0pt,0.0pt)
* modes: 
* h-part:(L,W,R)=(72.26999pt, 469.75502pt, 72.26999pt)
* v-part:(T,H,B)=(72.26999pt, 650.43001pt, 72.26999pt)
* \paperwidth=614.295pt
* \paperheight=794.96999pt
* \textwidth=469.75502pt
* \textheight=650.43001pt
* \oddsidemargin=0.0pt
* \evensidemargin=0.0pt
* \topmargin=-33.342pt
* \headheight=12.0pt
* \headsep=21.342pt
* \topskip=12.0pt
* \footskip=25.80774pt
* \marginparwidth=20.0pt
* \marginparsep=10.0pt
* \columnsep=12.0pt
* \skip\footins=10.79993pt plus 4.79993pt minus 2.39996pt
* \hoffset=0.0pt
* \voffset=0.0pt
* \mag=1000
* \@twocolumntrue
* \@twosidefalse
* \@mparswitchfalse
* \@reversemarginfalse
* (1in=72.27pt=25.4mm, 1cm=28.453pt)

LaTeX Font Info:    Trying to load font information for U+msa on input line 44.
(C:\Users\yang\AppData\Local\Programs\MiKTeX\tex/latex/amsfonts\umsa.fd
File: umsa.fd 2013/01/14 v3.01 AMS symbols A
)
LaTeX Font Info:    Trying to load font information for U+msb on input line 44.
 (C:\Users\yang\AppData\Local\Programs\MiKTeX\tex/latex/amsfonts\umsb.fd
File: umsb.fd 2013/01/14 v3.01 AMS symbols B
)

LaTeX Warning: No positions in optional float specifier.
               Default added (so using `tbp') on input line 57.

<bscan.png, id=1, 961.49213pt x 542.025pt>
File: bscan.png Graphic file (type png)
<use bscan.png>
Package pdftex.def Info: bscan.png  used on input line 59.
(pdftex.def)             Requested size: 422.77664pt x 238.33458pt.
c:/Users/yang/Desktop/github/shuangquxian/writepaper/IEEE - Copy/1main copy.tex:63: You can't use `macro parameter character #' in vertical mode.
l.63 #
      这个不知道要不要引用
Sorry, but I'm not programmed to handle this case;
I'll just pretend that you didn't ask for it.
If you're in the wrong mode, you might be able to
return to the right one by typing `I}' or `I$' or `I\par'.


c:/Users/yang/Desktop/github/shuangquxian/writepaper/IEEE - Copy/1main copy.tex:63: LaTeX Error: Unicode character 这 (U+8FD9)
               not set up for use with LaTeX.

See the LaTeX manual or LaTeX Companion for explanation.
Type  H <return>  for immediate help.
 ...                                              
                                                  
l.63 #这
         个不知道要不要引用
You may provide a definition with
\DeclareUnicodeCharacter 


c:/Users/yang/Desktop/github/shuangquxian/writepaper/IEEE - Copy/1main copy.tex:63: LaTeX Error: Unicode character 个 (U+4E2A)
               not set up for use with LaTeX.

See the LaTeX manual or LaTeX Companion for explanation.
Type  H <return>  for immediate help.
 ...                                              
                                                  
l.63 #这个
            不知道要不要引用
You may provide a definition with
\DeclareUnicodeCharacter 


c:/Users/yang/Desktop/github/shuangquxian/writepaper/IEEE - Copy/1main copy.tex:63: LaTeX Error: Unicode character 不 (U+4E0D)
               not set up for use with LaTeX.

See the LaTeX manual or LaTeX Companion for explanation.
Type  H <return>  for immediate help.
 ...                                              
                                                  
l.63 #这个不
               知道要不要引用
You may provide a definition with
\DeclareUnicodeCharacter 


c:/Users/yang/Desktop/github/shuangquxian/writepaper/IEEE - Copy/1main copy.tex:63: LaTeX Error: Unicode character 知 (U+77E5)
               not set up for use with LaTeX.

See the LaTeX manual or LaTeX Companion for explanation.
Type  H <return>  for immediate help.
 ...                                              
                                                  
l.63 #这个不知
                  道要不要引用
You may provide a definition with
\DeclareUnicodeCharacter 


c:/Users/yang/Desktop/github/shuangquxian/writepaper/IEEE - Copy/1main copy.tex:63: LaTeX Error: Unicode character 道 (U+9053)
               not set up for use with LaTeX.

See the LaTeX manual or LaTeX Companion for explanation.
Type  H <return>  for immediate help.
 ...                                              
                                                  
l.63 #这个不知道
                     要不要引用
You may provide a definition with
\DeclareUnicodeCharacter 


c:/Users/yang/Desktop/github/shuangquxian/writepaper/IEEE - Copy/1main copy.tex:63: LaTeX Error: Unicode character 要 (U+8981)
               not set up for use with LaTeX.

See the LaTeX manual or LaTeX Companion for explanation.
Type  H <return>  for immediate help.
 ...                                              
                                                  
l.63 #这个不知道要
                        不要引用
You may provide a definition with
\DeclareUnicodeCharacter 


c:/Users/yang/Desktop/github/shuangquxian/writepaper/IEEE - Copy/1main copy.tex:63: LaTeX Error: Unicode character 不 (U+4E0D)
               not set up for use with LaTeX.

See the LaTeX manual or LaTeX Companion for explanation.
Type  H <return>  for immediate help.
 ...                                              
                                                  
l.63 #这个不知道要不
                           要引用
You may provide a definition with
\DeclareUnicodeCharacter 


c:/Users/yang/Desktop/github/shuangquxian/writepaper/IEEE - Copy/1main copy.tex:63: LaTeX Error: Unicode character 要 (U+8981)
               not set up for use with LaTeX.

See the LaTeX manual or LaTeX Companion for explanation.
Type  H <return>  for immediate help.
 ...                                              
                                                  
l.63 #这个不知道要不要
                              引用
You may provide a definition with
\DeclareUnicodeCharacter 


c:/Users/yang/Desktop/github/shuangquxian/writepaper/IEEE - Copy/1main copy.tex:63: LaTeX Error: Unicode character 引 (U+5F15)
               not set up for use with LaTeX.

See the LaTeX manual or LaTeX Companion for explanation.
Type  H <return>  for immediate help.
 ...                                              
                                                  
l.63 #这个不知道要不要引
                                 用
You may provide a definition with
\DeclareUnicodeCharacter 


c:/Users/yang/Desktop/github/shuangquxian/writepaper/IEEE - Copy/1main copy.tex:63: LaTeX Error: Unicode character 用 (U+7528)
               not set up for use with LaTeX.

See the LaTeX manual or LaTeX Companion for explanation.
Type  H <return>  for immediate help.
 ...                                              
                                                  
l.63 #这个不知道要不要引用
                                    
You may provide a definition with
\DeclareUnicodeCharacter 


Underfull \hbox (badness 1867) in paragraph at lines 64--65
[]\OT1/ptm/m/n/10 Utilizing elec-tro-mag-netic wave re-flec-tions aris-ing
 []


LaTeX Warning: Reference `fig:bscan' on page 1 undefined on input line 66.


LaTeX Warning: Citation `jin2024gprformer' on page 1 undefined on input line 68.


LaTeX Warning: Citation `lei2020cnnlstm' on page 1 undefined on input line 68.


LaTeX Warning: Citation `maas2013violahough' on page 1 undefined on input line 68.


LaTeX Warning: Citation `alnuaimy2000nn' on page 1 undefined on input line 68.


LaTeX Warning: Citation `maas2013violahough' on page 1 undefined on input line 68.


LaTeX Warning: Citation `lee2014hog' on page 1 undefined on input line 68.


LaTeX Warning: Citation `sagnard2016template' on page 1 undefined on input line 68.


LaTeX Warning: Citation `dou2017c3' on page 1 undefined on input line 68.


LaTeX Warning: Citation `lei2020cnnlstm' on page 1 undefined on input line 68.


LaTeX Warning: Citation `pham2018fasterrcnn' on page 1 undefined on input line 68.


LaTeX Warning: Citation `sagnard2016template' on page 1 undefined on input line 68.


LaTeX Warning: Citation `kafedziski2018c3hough' on page 1 undefined on input line 68.


LaTeX Warning: Citation `kafedziski2018c3hough' on page 1 undefined on input line 68.


LaTeX Warning: Citation `barkataki2023c3' on page 1 undefined on input line 68.


LaTeX Warning: Citation `pham2018fasterrcnn' on page 1 undefined on input line 70.


LaTeX Warning: Citation `lei2019autohyperbola' on page 1 undefined on input line 70.


LaTeX Warning: Citation `lei2020cnnlstm' on page 1 undefined on input line 70.


LaTeX Warning: Citation `li2020yolov3' on page 1 undefined on input line 70.


LaTeX Warning: Citation `liu2022pipeline' on page 1 undefined on input line 70.


LaTeX Warning: Citation `li2022yolov4root' on page 1 undefined on input line 70.


LaTeX Warning: Citation `ren2015fasterrcnn' on page 1 undefined on input line 72.


LaTeX Warning: Citation `zhou2019centernet' on page 1 undefined on input line 72.


LaTeX Warning: Citation `hou2021msrcnn' on page 1 undefined on input line 72.


LaTeX Warning: Citation `jin2024gprformer' on page 1 undefined on input line 72.


LaTeX Warning: Citation `kang2025tda' on page 1 undefined on input line 72.


LaTeX Warning: Citation `liu2025hyperbolic' on page 1 undefined on input line 82.


LaTeX Warning: Citation `wang2025underground' on page 1 undefined on input line 82.


LaTeX Warning: Citation `jin2024gprformer' on page 1 undefined on input line 82.


LaTeX Warning: Citation `ge2024gprtransunet' on page 1 undefined on input line 82.

[1{C:/Users/yang/AppData/Local/MiKTeX/fonts/map/pdftex/pdftex.map}{C:/Users/yang/AppData/Local/Programs/MiKTeX/fonts/enc/dvips/base/8r.enc}


]

LaTeX Warning: Citation `li2025rebar' on page 2 undefined on input line 84.


LaTeX Warning: Citation `hou2025endtoend' on page 2 undefined on input line 84.


LaTeX Warning: Citation `lan2024statespace' on page 2 undefined on input line 84.


LaTeX Warning: Citation `lei2019autohyperbola' on page 2 undefined on input line 84.


Underfull \vbox (badness 10000) has occurred while \output is active []



LaTeX Warning: Citation `russell2008labelme' on page 2 undefined on input line 88.


LaTeX Warning: Citation `lin2014coco' on page 2 undefined on input line 88.


LaTeX Warning: Citation `tzutalin2015labelimg' on page 2 undefined on input line 88.


LaTeX Warning: Citation `wada2016labelme' on page 2 undefined on input line 88.


LaTeX Warning: Citation `dutta2019via' on page 2 undefined on input line 88.


LaTeX Warning: Citation `cvat' on page 2 undefined on input line 88.


LaTeX Warning: Citation `CBAM' on page 2 undefined on input line 90.

[2 <./bscan.png>]

LaTeX Warning: Reference `fig:tool' on page 3 undefined on input line 102.

LaTeX Font Info:    Trying to load font information for OT1+pcr on input line 123.
(C:\Users\yang\AppData\Local\Programs\MiKTeX\tex/latex/psnfss\ot1pcr.fd
File: ot1pcr.fd 2001/06/04 font definitions for OT1/pcr.
)
<annotationtool.png, id=17, 898.10532pt x 369.63094pt>
File: annotationtool.png Graphic file (type png)
<use annotationtool.png>
Package pdftex.def Info: annotationtool.png  used on input line 144.
(pdftex.def)             Requested size: 469.75502pt x 193.3372pt.


LaTeX Warning: Reference `fig:dataset_samples' on page 3 undefined on input line 152.


LaTeX Warning: No positions in optional float specifier.
               Default added (so using `tbp') on input line 153.

<example-yuantu.png, id=18, 261.97874pt x 263.48438pt>
File: example-yuantu.png Graphic file (type png)
<use example-yuantu.png>
Package pdftex.def Info: example-yuantu.png  used on input line 155.
(pdftex.def)             Requested size: 70.95146pt x 71.35883pt.
LaTeX Font Info:    Trying to load font information for OT1+phv on input line 155.
(C:\Users\yang\AppData\Local\Programs\MiKTeX\tex/latex/psnfss\ot1phv.fd
File: ot1phv.fd 2020/03/25 scalable font definitions for OT1/phv.
)
<example-shuangquxian.png, id=19, 261.97874pt x 261.97874pt>
File: example-shuangquxian.png Graphic file (type png)
<use example-shuangquxian.png>
Package pdftex.def Info: example-shuangquxian.png  used on input line 157.
(pdftex.def)             Requested size: 70.95146pt x 70.95107pt.

Underfull \hbox (badness 10000) in paragraph at lines 157--157
[]\OT1/phv/m/n/10 (b) |An-no-tated
 []

<example-bbox.png, id=20, 261.22594pt x 261.97874pt>
File: example-bbox.png Graphic file (type png)
<use example-bbox.png>
Package pdftex.def Info: example-bbox.png  used on input line 159.
(pdftex.def)             Requested size: 70.95146pt x 71.15494pt.

Underfull \hbox (badness 10000) in paragraph at lines 159--159
[]\OT1/phv/m/n/10 (c) |De-rived
 []


LaTeX Warning: Reference `fig:11' on page 3 undefined on input line 173.

<11.png, id=21, 459.21562pt x 335.75438pt>
File: 11.png Graphic file (type png)
<use 11.png>
Package pdftex.def Info: 11.png  used on input line 177.
(pdftex.def)             Requested size: 228.8775pt x 167.34396pt.
[3] [4 <./annotationtool.png> <./example-yuantu.png> <./example-shuangquxian.png> <./example-bbox.png> <./11.png>]
Overfull \hbox (6.788pt too wide) detected at line 245
[]\OMS/cmsy/m/n/10 L[] \OT1/cmr/m/n/10 = [] []\OMS/cmsy/m/n/10 k[] ^^@ \OML/cmm/m/it/10 s[]\OMS/cmsy/m/n/10 k[]\OML/cmm/m/it/10 ;  \OMS/cmsy/m/n/10 L[] \OT1/cmr/m/n/10 = [] []\OMS/cmsy/m/n/10 k[] ^^@ \OML/cmm/m/it/10 ^^N[]\OMS/cmsy/m/n/10 k[]\OML/cmm/m/it/10 ;
 []


LaTeX Warning: Citation `dataset' on page 5 undefined on input line 261.


LaTeX Warning: Reference `tab:bbox_results' on page 5 undefined on input line 277.


LaTeX Warning: No positions in optional float specifier.
               Default added (so using `tbp') on input line 300.


LaTeX Warning: Reference `tab:attention_comparison' on page 5 undefined on input line 335.


LaTeX Warning: No positions in optional float specifier.
               Default added (so using `tbp') on input line 359.


LaTeX Warning: Citation `SE' on page 5 undefined on input line 368.


LaTeX Warning: Citation `CBAM' on page 5 undefined on input line 369.


LaTeX Warning: Citation `Non-local' on page 5 undefined on input line 370.


LaTeX Warning: Citation `CA' on page 5 undefined on input line 371.


LaTeX Warning: Reference `fig:lambda' on page 5 undefined on input line 385.

<boxplot_f1_none_vs_abs_lam.pdf, id=40, 453.51308pt x 272.78976pt>
File: boxplot_f1_none_vs_abs_lam.pdf Graphic file (type pdf)
<use boxplot_f1_none_vs_abs_lam.pdf>
Package pdftex.def Info: boxplot_f1_none_vs_abs_lam.pdf  used on input line 388.
(pdftex.def)             Requested size: 228.8775pt x 137.67241pt.

Underfull \vbox (badness 1565) has occurred while \output is active []

 [5]

LaTeX Warning: Citation `liu2022pipeline' on page 6 undefined on input line 446.


LaTeX Warning: Citation `jin2024gprformer' on page 6 undefined on input line 449.


LaTeX Warning: Citation `ge2024gprtransunet' on page 6 undefined on input line 450.


LaTeX Warning: Citation `hou2025endtoend' on page 6 undefined on input line 452.


LaTeX Warning: Citation `lan2024statespace' on page 6 undefined on input line 452.

[6 <./boxplot_f1_none_vs_abs_lam.pdf>]
No file "1main copy".bbl.
[7

] (1main copy.aux)
 ***********
LaTeX2e <2025-11-01>
L3 programming layer <2025-12-24>
 ***********


LaTeX Warning: There were undefined references.


LaTeX Warning: Label(s) may have changed. Rerun to get cross-references right.

 ) 
Here is how much of TeX's memory you used:
 6088 strings out of 467871
 101318 string characters out of 5418860
 525757 words of memory out of 5000000
 34848 multiletter control sequences out of 15000+600000
 679787 words of font info for 142 fonts, out of 8000000 for 9000
 1145 hyphenation exceptions out of 8191
 57i,11n,65p,1291b,512s stack positions out of 10000i,1000n,20000p,200000b,200000s
<C:/Users/yang/AppData/Local/Programs/MiKTeX/fonts/type1/public/amsfonts/cm/cmbx8.pfb><C:/Users/yang/AppData/Local/Programs/MiKTeX/fonts/type1/public/amsfonts/cm/cmex10.pfb><C:/Users/yang/AppData/Local/Programs/MiKTeX/fonts/type1/public/amsfonts/cm/cmmi10.pfb><C:/Users/yang/AppData/Local/Programs/MiKTeX/fonts/type1/public/amsfonts/cm/cmmi7.pfb><C:/Users/yang/AppData/Local/Programs/MiKTeX/fonts/type1/public/amsfonts/cm/cmmi8.pfb><C:/Users/yang/AppData/Local/Programs/MiKTeX/fonts/type1/public/amsfonts/cm/cmr10.pfb><C:/Users/yang/AppData/Local/Programs/MiKTeX/fonts/type1/public/amsfonts/cm/cmr6.pfb><C:/Users/yang/AppData/Local/Programs/MiKTeX/fonts/type1/public/amsfonts/cm/cmr7.pfb><C:/Users/yang/AppData/Local/Programs/MiKTeX/fonts/type1/public/amsfonts/cm/cmr8.pfb><C:/Users/yang/AppData/Local/Programs/MiKTeX/fonts/type1/public/amsfonts/cm/cmsy10.pfb><C:/Users/yang/AppData/Local/Programs/MiKTeX/fonts/type1/public/amsfonts/cm/cmsy7.pfb><C:/Users/yang/AppData/Local/Programs/MiKTeX/fonts/type1/public/amsfonts/cm/cmsy8.pfb><C:/Users/yang/AppData/Local/Programs/MiKTeX/fonts/type1/urw/courier/ucrr8a.pfb><C:/Users/yang/AppData/Local/Programs/MiKTeX/fonts/type1/urw/helvetic/uhvr8a.pfb><C:/Users/yang/AppData/Local/Programs/MiKTeX/fonts/type1/urw/times/utmb8a.pfb><C:/Users/yang/AppData/Local/Programs/MiKTeX/fonts/type1/urw/times/utmbi8a.pfb><C:/Users/yang/AppData/Local/Programs/MiKTeX/fonts/type1/urw/times/utmr8a.pfb><C:/Users/yang/AppData/Local/Programs/MiKTeX/fonts/type1/urw/times/utmri8a.pfb>
Output written on "1main copy.pdf" (7 pages, 3261603 bytes).
PDF statistics:
 163 PDF objects out of 1000 (max. 8388607)
 0 named destinations out of 1000 (max. 500000)
 36 words of extra memory for PDF output out of 10000 (max. 10000000)

